
HOMOGENIZATION -- RM 8x8 ABDG [[A,B,0],[B,D,0],[0,0,G]] (rows 1-6: e11,e22,g12,k11,k22,k12; rows 7-8: 2g13,2g23):
[[ 9.6079e+09  2.8969e+08  2.1097e-08  1.8891e-08  2.1626e-09  7.0871e-27  0.0000e+00  0.0000e+00]
 [ 2.8969e+08  9.6079e+09  5.0386e-07  3.2384e-09 -8.2580e-10  1.8853e-27  0.0000e+00  0.0000e+00]
 [ 2.1097e-08  5.0386e-07  7.1700e+08  5.1972e-26  1.1579e-26 -1.5269e-09  0.0000e+00  0.0000e+00]
 [ 1.6097e-08 -9.8066e-10 -2.7865e-26  1.3365e+07  2.4141e+05  4.3952e-12  0.0000e+00  0.0000e+00]
 [-1.8838e-09 -4.6675e-09 -4.3957e-26  2.4141e+05  2.6483e+06  1.0497e-10  0.0000e+00  0.0000e+00]
 [ 2.1680e-26 -9.8277e-27 -1.5269e-09  4.3952e-12  1.0497e-10  5.9750e+05  0.0000e+00  0.0000e+00]
 [ 0.0000e+00  0.0000e+00  0.0000e+00  0.0000e+00  0.0000e+00  0.0000e+00  3.5446e+08 -4.5890e-05]
 [ 0.0000e+00  0.0000e+00  0.0000e+00  0.0000e+00  0.0000e+00  0.0000e+00 -4.5890e-05  4.0403e+08]]

PLATE COMPLIANCE -- inv(ABDG) (rows 1-6: N11,N22,N12,M11,M22,M12; rows 7-8: Q1,Q2):
[[ 1.0418e-10 -3.1411e-12 -8.5791e-28 -1.4517e-25 -7.2815e-26  1.0442e-41  0.0000e+00  0.0000e+00]
 [-3.1411e-12  1.0418e-10 -7.3116e-26 -2.1472e-26  3.7007e-26 -1.9348e-40  0.0000e+00  0.0000e+00]
 [-8.5791e-28 -7.3116e-26  1.3947e-09  1.5420e-41 -1.7088e-40  3.5641e-24  0.0000e+00  0.0000e+00]
 [-1.2715e-25  8.1645e-27  1.8796e-42  7.4947e-08 -6.8320e-09  6.4897e-25  0.0000e+00  0.0000e+00]
 [ 8.0159e-26  1.8063e-25 -2.4777e-40 -6.8320e-09  3.7823e-07 -6.6398e-23  0.0000e+00  0.0000e+00]
 [-1.9171e-41 -2.1681e-40  3.5641e-24  6.4897e-25 -6.6398e-23  1.6736e-06  0.0000e+00  0.0000e+00]
 [ 0.0000e+00  0.0000e+00  0.0000e+00  0.0000e+00  0.0000e+00  0.0000e+00  2.8212e-09  3.2043e-22]
 [ 0.0000e+00  0.0000e+00  0.0000e+00  0.0000e+00  0.0000e+00  0.0000e+00  3.2043e-22  2.4751e-09]]

DEHOMOGENIZATION -- computed using the second-order warping function
  given FF = [   0.    0.    0. 1000.    0.    0. 1000.    0.]
  u2d    = [0. 0. 0.]   (global plate displacement added to the warping)
  wrote examples/garg/caseB/garg_B.SM  (20 Gauss points)
  wrote examples/garg/caseB/garg_B.EM  (20 Gauss points)
  wrote examples/garg/caseB/garg_B.U  (20 Gauss points)
  wrote examples/garg/caseB/garg_B.out  (this report)
