RM 8x8 ABDG for caseB (mid-surface reference; rows e11,e22,g12,k11,k22,k12,2g13,2g23)

S = a/h = 4  (h = 0.25 m):
    2.401966e+10   7.242311e+08   5.274221e-08   1.233904e-08  -3.234601e-08  -1.284611e-25   0.000000e+00   0.000000e+00
    7.242311e+08   2.401966e+10   1.259658e-06  -2.719939e-08  -9.880435e-08   2.255980e-24   0.000000e+00   0.000000e+00
    5.274221e-08   1.259658e-06   1.792500e+09  -1.640040e-25   2.146120e-24  -2.002817e-09   0.000000e+00   0.000000e+00
    2.165227e-08  -3.048337e-08  -2.699842e-25   2.088255e+08   3.772037e+06   6.867476e-11   0.000000e+00   0.000000e+00
   -2.626806e-08  -1.081176e-07   2.138042e-24   3.772037e+06   4.137927e+07   1.640180e-09   0.000000e+00   0.000000e+00
   -1.375438e-26   2.288291e-24  -2.002817e-09   6.867476e-11   1.640180e-09   9.335937e+06   0.000000e+00   0.000000e+00
    0.000000e+00   0.000000e+00   0.000000e+00   0.000000e+00   0.000000e+00   0.000000e+00   8.861538e+08   8.397051e-06
    0.000000e+00   0.000000e+00   0.000000e+00   0.000000e+00   0.000000e+00   0.000000e+00   8.397051e-06   1.010066e+09

S = a/h = 10  (h = 0.1 m):
    9.607865e+09   2.896924e+08   2.109689e-08   1.889085e-08   2.162557e-09   7.087112e-27   0.000000e+00   0.000000e+00
    2.896924e+08   9.607865e+09   5.038632e-07   3.238448e-09  -8.257981e-10   1.885288e-27   0.000000e+00   0.000000e+00
    2.109689e-08   5.038632e-07   7.170000e+08   5.197243e-26   1.157881e-26  -1.526890e-09   0.000000e+00   0.000000e+00
    1.609688e-08  -9.806563e-10  -2.786475e-26   1.336483e+07   2.414104e+05   4.395184e-12   0.000000e+00   0.000000e+00
   -1.883826e-09  -4.667504e-09  -4.395700e-26   2.414104e+05   2.648273e+06   1.049715e-10   0.000000e+00   0.000000e+00
    2.168017e-26  -9.827718e-27  -1.526890e-09   4.395184e-12   1.049715e-10   5.975000e+05   0.000000e+00   0.000000e+00
    0.000000e+00   0.000000e+00   0.000000e+00   0.000000e+00   0.000000e+00   0.000000e+00   3.544615e+08  -4.588962e-05
    0.000000e+00   0.000000e+00   0.000000e+00   0.000000e+00   0.000000e+00   0.000000e+00  -4.588962e-05   4.040264e+08

S = a/h = 50  (h = 0.02 m):
    1.921573e+09   5.793849e+07   4.219377e-09  -1.080941e-09  -1.720718e-11  -1.015294e-28   0.000000e+00   0.000000e+00
    5.793849e+07   1.921573e+09   1.007726e-07  -8.710390e-11  -4.343296e-10  -2.457387e-26   0.000000e+00   0.000000e+00
    4.219377e-09   1.007726e-07   1.434000e+08  -8.462141e-28  -2.434668e-26  -2.718917e-11   0.000000e+00   0.000000e+00
   -1.022734e-09  -3.175909e-11   1.460181e-28   1.069187e+05   1.931283e+03   3.516148e-14   0.000000e+00   0.000000e+00
    2.203546e-11  -4.270536e-10  -2.365249e-26   1.931283e+03   2.118619e+04   8.397720e-13   0.000000e+00   0.000000e+00
   -5.551671e-31  -2.410687e-26  -2.718917e-11   3.516148e-14   8.397720e-13   4.780000e+03   0.000000e+00   0.000000e+00
    0.000000e+00   0.000000e+00   0.000000e+00   0.000000e+00   0.000000e+00   0.000000e+00   7.089230e+07  -2.788632e-05
    0.000000e+00   0.000000e+00   0.000000e+00   0.000000e+00   0.000000e+00   0.000000e+00  -2.788632e-05   8.080528e+07
