 OpenSG msg-shell equivalent 3D solid (cross-section SG), omega 0.00064516 (user)

 The Effective Cauchy Continuum Stiffness Matrix
 --------------------------------------------
     1.5263833E+010     9.3674448E+008     4.6837224E+008     8.6377983E-013     1.1918508E+009     2.3837015E+009
     9.3674448E+008     9.0611496E+008     4.2117532E-023     1.8908065E-013    -2.5103190E-015     2.9225168E+008
     4.6837224E+008     4.2117532E-023     4.5305748E+008    -8.4555294E-014     1.4612584E+008    -1.4383198E-016
     8.6377983E-013     1.8908065E-013    -8.4555294E-014     9.4459819E+005    -1.7993587E-002    -1.7962259E-003
     1.1918508E+009    -2.5103190E-015     1.4612584E+008    -1.7993587E-002     5.4731478E+008     1.4842499E-003
     2.3837015E+009     2.9225168E+008    -1.4383198E-016    -1.7962259E-003     1.4842499E-003     1.0946296E+009

 The Effective Cauchy Continuum Compliance Matrix
 --------------------------------------------
     1.3672017E-010    -4.9585133E-011    -4.9585133E-011    -5.9601637E-018    -2.8448778E-010    -2.8448778E-010
    -4.9585133E-011     1.2255850E-009     1.7983341E-011     1.5485143E-018     1.0317691E-010    -2.1923684E-010
    -4.9585133E-011     1.7983341E-011     2.4331867E-009    -1.0121666E-017    -5.4165059E-010     1.0317691E-010
    -5.9601637E-018     1.5485143E-018    -1.0121666E-017     1.0586512E-006     5.0485746E-017     1.4302804E-017
    -2.8448778E-010     1.0317691E-010    -5.4165059E-010     5.0485746E-017     2.5912257E-009     5.9196311E-010
    -2.8448778E-010    -2.1923684E-010     1.0317691E-010     1.4302804E-017     5.9196311E-010     1.5915944E-009

 The Engineering Constants (Approximated as Orthotropic)
 ----------------------------------------------------------
  E1  =     7.3142099E+009
  E2  =     8.1593686E+008
  E3  =     4.1098367E+008
  G12 =     6.2830078E+008
  G13 =     3.8591776E+008
  G23 =     9.4459819E+005
  nu12=     3.6267607E-001
  nu13=     3.6267607E-001
  nu23=    -1.4673271E-002

 Time taken: 1.45 sec
