# equivalent 3-D solid properties from the 1-D SHELL SG
# msg_shell: opensg_shell.build_solid_bundle, PERIODIC 2-D SG
# source: square_tube_1Dshell.yaml (isotropic square tube, a=1.00, t=0.030, center ref)
# strains [e11 e22 e33 2e23 2e13 2e12] -> stiffness C11..C66  (1=beam axis, 2/3=cross-section axes) ; normalized by the wall material area 0.1200
# ---- C3D (6x6, Pa) ----
  7.69230769e+10   1.15384615e+10   1.15384615e+10  -1.30886416e-11  -6.43257131e-12  -4.62332165e-12
  1.15384615e+10   3.84615385e+10  -5.85432112e-18  -4.90073609e-12  -2.42059713e-12  -1.73362635e-12
  1.15384615e+10  -5.85432112e-18   3.84615385e+10  -4.91392502e-12  -2.42212497e-12  -1.77283586e-12
 -1.30886416e-11  -4.90073609e-12  -4.91392502e-12   1.72680570e+07  -1.28465038e-04  -1.02100465e-03
 -6.43257131e-12  -2.42059713e-12  -2.42212497e-12  -1.28465038e-04   1.34615400e+10  -1.37822557e-04
 -4.62332165e-12  -1.73362635e-12  -1.77283586e-12  -1.02100465e-03  -1.37822557e-04   1.34615400e+10
# ---- 9 effective constants ----
E1      7.00000000e+10
E2      3.66492147e+10
E3      3.66492147e+10
G23     1.72680570e+07
G13     1.34615400e+10
G12     1.34615400e+10
nu12    3.00000000e-01
nu13    3.00000000e-01
nu23   -4.71204188e-02
