 OpenSG msg-shell equivalent 3D solid (cross-section SG), omega 0.12 (user)

 The Effective Stiffness Matrix
 --------------------------------------------
     7.6923077E+010     1.1538462E+010     1.1538462E+010    -1.3088642E-011    -6.4325713E-012    -4.6233216E-012
     1.1538462E+010     3.8461538E+010    -5.8543211E-018    -4.9007361E-012    -2.4205971E-012    -1.7336263E-012
     1.1538462E+010    -5.8543211E-018     3.8461538E+010    -4.9139250E-012    -2.4221250E-012    -1.7728359E-012
    -1.3088642E-011    -4.9007361E-012    -4.9139250E-012     1.7268057E+007    -1.2846504E-004    -1.0210046E-003
    -6.4325713E-012    -2.4205971E-012    -2.4221250E-012    -1.2846504E-004     1.3461540E+010    -1.3782256E-004
    -4.6233216E-012    -1.7336263E-012    -1.7728359E-012    -1.0210046E-003    -1.3782256E-004     1.3461540E+010

 The Effective Compliance Matrix
 --------------------------------------------
     1.4285714E-011    -4.2857143E-012    -4.2857143E-012     8.3922447E-030     5.2846370E-033     3.7900387E-033
    -4.2857143E-012     2.7285714E-011     1.2857143E-012     4.8612192E-030     3.0898188E-033     2.2113635E-033
    -4.2857143E-012     1.2857143E-012     2.7285714E-011     4.8810774E-030     3.0927697E-033     2.2870938E-033
     8.3922447E-030     4.8612192E-030     4.8810774E-030     5.7910395E-008     5.5264562E-022     4.3922747E-021
     5.2846370E-033     3.0898188E-033     3.0927697E-033     5.5264562E-022     7.4285706E-011     7.6055532E-025
     3.7900387E-033     2.2113635E-033     2.2870938E-033     4.3922747E-021     7.6055532E-025     7.4285706E-011

 The Engineering Constants (Approximated as Orthotropic)
 ----------------------------------------------------------
  E1  =     7.0000000E+010
  E2  =     3.6649215E+010
  E3  =     3.6649215E+010
  G12 =     1.3461540E+010
  G13 =     1.3461540E+010
  G23 =     1.7268057E+007
  nu12=     3.0000000E-001
  nu13=     3.0000000E-001
  nu23=    -4.7120419E-002

 Time taken: 1.47 sec
