 OpenSG msg-shell wall plate laws, one block per section
 rows [eps11 eps22 2eps12 | K11 K22 K12+K21 | 2g13 2g23]

 section 0: layup_0  layup [['iso', 0.03, 0.0]]
 The Effective Reissner-Mindlin Plate Stiffness Matrix
 --------------------------------------------
     2.3076923E+009     6.9230769E+008     0.0000000E+000     1.4901161E-008     0.0000000E+000     0.0000000E+000     0.0000000E+000     0.0000000E+000
     6.9230769E+008     2.3076923E+009     0.0000000E+000     0.0000000E+000     0.0000000E+000     0.0000000E+000     0.0000000E+000     0.0000000E+000
     0.0000000E+000     0.0000000E+000     8.0769240E+008     0.0000000E+000     0.0000000E+000     0.0000000E+000     0.0000000E+000     0.0000000E+000
     1.4901161E-008     1.8626451E-009     0.0000000E+000     1.7307692E+005     5.1923077E+004     0.0000000E+000     0.0000000E+000     0.0000000E+000
     1.8626451E-009     0.0000000E+000     0.0000000E+000     5.1923077E+004     1.7307692E+005     0.0000000E+000     0.0000000E+000     0.0000000E+000
     0.0000000E+000     0.0000000E+000     0.0000000E+000     0.0000000E+000     0.0000000E+000     6.0576930E+004     0.0000000E+000     0.0000000E+000
     0.0000000E+000     0.0000000E+000     0.0000000E+000     0.0000000E+000     0.0000000E+000     0.0000000E+000     7.1120337E+008     5.1246091E-008
     0.0000000E+000     0.0000000E+000     0.0000000E+000     0.0000000E+000     0.0000000E+000     0.0000000E+000     5.1246091E-008     7.1120337E+008

 The Effective Reissner-Mindlin Plate Compliance Matrix
 --------------------------------------------
     4.7619048E-010    -1.4285714E-010     0.0000000E+000    -4.5052642E-023     1.3515792E-023     0.0000000E+000     0.0000000E+000     0.0000000E+000
    -1.4285714E-010     4.7619048E-010     0.0000000E+000     1.3515792E-023    -4.0547377E-024     0.0000000E+000     0.0000000E+000     0.0000000E+000
     0.0000000E+000     0.0000000E+000     1.2380951E-009     0.0000000E+000     0.0000000E+000     0.0000000E+000     0.0000000E+000     0.0000000E+000
    -4.1673693E-023     7.3773701E-024     0.0000000E+000     6.3492063E-006    -1.9047619E-006     0.0000000E+000     0.0000000E+000     0.0000000E+000
     7.3773701E-024    -6.7578962E-025     0.0000000E+000    -1.9047619E-006     6.3492063E-006     0.0000000E+000     0.0000000E+000     0.0000000E+000
     0.0000000E+000     0.0000000E+000     0.0000000E+000     0.0000000E+000     0.0000000E+000     1.6507935E-005     0.0000000E+000     0.0000000E+000
     0.0000000E+000     0.0000000E+000     0.0000000E+000     0.0000000E+000     0.0000000E+000     0.0000000E+000     1.4060676E-009    -1.0131486E-025
     0.0000000E+000     0.0000000E+000     0.0000000E+000     0.0000000E+000     0.0000000E+000     0.0000000E+000    -1.0131486E-025     1.4060676E-009
