 OpenSG msg-solid plate model, omega 1, periodic

 The Effective Reissner-Mindlin Stiffness Matrix
 --------------------------------------------
     7.3975185E+003     3.1949168E+003    -2.4341848E+002     1.6500070E+001     1.4776872E+001    -7.8370479E+000     0.0000000E+000     0.0000000E+000
     3.1949168E+003     6.7317969E+003    -2.4700485E+002     1.4716563E+001     1.6956990E+001    -8.4866487E+000     0.0000000E+000     0.0000000E+000
    -2.4341848E+002    -2.4700485E+002     3.4466637E+003    -8.0474470E+000    -8.5010687E+000     1.5422754E+001     0.0000000E+000     0.0000000E+000
     1.6500070E+001     1.4716563E+001    -8.0474470E+000     1.5038122E+003     8.7397263E+002    -7.1066111E+001     0.0000000E+000     0.0000000E+000
     1.4776872E+001     1.6956990E+001    -8.5010687E+000     8.7397263E+002     1.4231176E+003    -7.0843522E+001     0.0000000E+000     0.0000000E+000
    -7.8370479E+000    -8.4866487E+000     1.5422754E+001    -7.1066111E+001    -7.0843522E+001     9.7477060E+002     0.0000000E+000     0.0000000E+000
     0.0000000E+000     0.0000000E+000     0.0000000E+000     0.0000000E+000     0.0000000E+000     0.0000000E+000     9.9474588E+001    -2.9921275E+000
     0.0000000E+000     0.0000000E+000     0.0000000E+000     0.0000000E+000     0.0000000E+000     0.0000000E+000    -2.9921275E+000     9.3743756E+002

 The Effective Reissner-Mindlin Compliance Matrix
 --------------------------------------------
     1.7016903E-004    -8.0530254E-005     6.2421129E-006    -9.1608946E-007    -1.8321118E-007     4.8815387E-007     0.0000000E+000     0.0000000E+000
    -8.0530254E-005     1.8705578E-004     7.7111723E-006    -1.6978626E-007    -1.2045333E-006     7.5918403E-007     0.0000000E+000     0.0000000E+000
     6.2421129E-006     7.7111723E-006     2.9115257E-004     6.4419848E-007     9.6926676E-007    -4.3718653E-006     0.0000000E+000     0.0000000E+000
    -9.1608946E-007    -1.6978626E-007     6.4419848E-007     1.0348829E-003    -6.3407155E-004     2.9347098E-005     0.0000000E+000     0.0000000E+000
    -1.8321118E-007    -1.2045333E-006     9.6926676E-007    -6.3407155E-004     1.0937586E-003     3.3236644E-005     0.0000000E+000     0.0000000E+000
     4.8815387E-007     7.5918403E-007    -4.3718653E-006     2.9347098E-005     3.3236644E-005     1.0305172E-003     0.0000000E+000     0.0000000E+000
     0.0000000E+000     0.0000000E+000     0.0000000E+000     0.0000000E+000     0.0000000E+000     0.0000000E+000     1.0053784E-002     3.2089821E-005
     0.0000000E+000     0.0000000E+000     0.0000000E+000     0.0000000E+000     0.0000000E+000     0.0000000E+000     3.2089821E-005     1.0668401E-003

 Time taken: 211.36 sec
