 OpenSG msg-solid plate model, omega 35.248001, periodic

 The Effective Reissner-Mindlin Stiffness Matrix
 --------------------------------------------
     1.9634613E+005     7.6098250E+004     2.1924480E+004     7.5833713E-001     5.4992817E-001    -9.5330286E-001     0.0000000E+000     0.0000000E+000
     7.6098250E+004     1.6191491E+005     2.5132181E+004     5.5779698E-001     6.4540855E-001    -5.7581012E-001     0.0000000E+000     0.0000000E+000
     2.1924480E+004     2.5132181E+004     8.8619163E+004    -9.4624815E-001    -5.5957594E-001     1.2554324E+000     0.0000000E+000     0.0000000E+000
     7.5833710E-001     5.5779691E-001    -9.4624816E-001     8.7323123E+007     3.8727548E+007     1.2788089E+007     0.0000000E+000     0.0000000E+000
     5.4992807E-001     6.4540835E-001    -5.5957589E-001     3.8727548E+007     8.2745941E+007     1.3310924E+007     0.0000000E+000     0.0000000E+000
    -9.5330283E-001    -5.7581005E-001     1.2554324E+000     1.2788089E+007     1.3310924E+007     4.3303978E+007     0.0000000E+000     0.0000000E+000
     0.0000000E+000     0.0000000E+000     0.0000000E+000     0.0000000E+000     0.0000000E+000     0.0000000E+000     4.3136839E+003     7.8347473E+000
     0.0000000E+000     0.0000000E+000     0.0000000E+000     0.0000000E+000     0.0000000E+000     0.0000000E+000     7.8347473E+000     1.4894682E+001

 The Effective Reissner-Mindlin Compliance Matrix
 --------------------------------------------
     6.2745625E-006    -2.8327206E-006    -7.4898107E-007    -5.6148879E-014    -2.1790261E-014     1.4545614E-013     0.0000000E+000     0.0000000E+000
    -2.8327206E-006     7.7393337E-006    -1.4940381E-006    -3.3317247E-014    -5.3782550E-014     1.1023397E-013     0.0000000E+000     0.0000000E+000
    -7.4898107E-007    -1.4940381E-006     1.1893245E-005     1.7214245E-013     9.0456974E-014    -4.5979362E-013     0.0000000E+000     0.0000000E+000
    -5.6148881E-014    -3.3317248E-014     1.7214246E-013     1.4672952E-008    -6.4913143E-009    -2.3377443E-009     0.0000000E+000     0.0000000E+000
    -2.1790258E-014    -5.3782531E-014     9.0456959E-014    -6.4913143E-009     1.5585607E-008    -2.8738081E-009     0.0000000E+000     0.0000000E+000
     1.4545614E-013     1.1023395E-013    -4.5979362E-013    -2.3377443E-009    -2.8738081E-009     2.4666286E-008     0.0000000E+000     0.0000000E+000
     0.0000000E+000     0.0000000E+000     0.0000000E+000     0.0000000E+000     0.0000000E+000     0.0000000E+000     2.3204210E-004    -1.2205639E-004
     0.0000000E+000     0.0000000E+000     0.0000000E+000     0.0000000E+000     0.0000000E+000     0.0000000E+000    -1.2205639E-004     6.7202257E-002

 Time taken: 2.00 sec
