 OpenSG msg-shell equivalent 3D solid (cross-section SG), omega 0.028637033 (user)

 The Effective Cauchy Continuum Stiffness Matrix
 --------------------------------------------
     7.5052610E+009     1.0905182E+009    -2.1980763E+008     1.2247904E-005    -1.4810132E-005    -5.9365364E-006
     1.0905182E+009     4.1512914E+009    -8.4669081E+008     1.8977450E-005    -2.4978133E-005    -6.9606655E-006
    -2.1980763E+008    -8.4669081E+008     1.8060708E+008     2.1829806E-005    -2.0985209E-005    -1.1068158E-005
     1.2247904E-005     1.8977450E-005     2.1829806E-005     2.4747760E+006    -8.2197010E-006     8.0752171E-005
    -1.4810132E-005    -2.4978133E-005    -2.0985209E-005    -8.2197010E-006     3.3125839E+008    -2.2244550E-005
    -5.9365364E-006    -6.9606655E-006    -1.1068158E-005     8.0752171E-005    -2.2244550E-005     1.6878241E+009

 The Effective Cauchy Continuum Compliance Matrix
 --------------------------------------------
     1.3854394E-010    -4.5719501E-011    -4.5719501E-011     6.8214056E-023    -1.4963222E-025    -1.0650800E-027
    -4.5719501E-011     5.5101299E-009     2.5775994E-008    -2.6939536E-019     2.0463490E-021     1.9159315E-022
    -4.5719501E-011     2.5775994E-008     1.2631979E-007    -1.3116901E-018     9.9439179E-021     9.3450143E-022
     6.8214056E-023    -2.6939536E-019    -1.3116901E-018     4.0407697E-007     1.0026590E-020    -1.9332638E-020
    -1.4963222E-025     2.0463490E-021     9.9439179E-021     1.0026590E-020     3.0187915E-009     3.9785933E-023
    -1.0650800E-027     1.9159315E-022     9.3450143E-022    -1.9332638E-020     3.9785933E-023     5.9247879E-010

 The Engineering Constants (Approximated as Orthotropic)
 ----------------------------------------------------------
  E1  =     7.2179265E+009
  E2  =     1.8148393E+008
  E3  =     7.9164161E+006
  G12 =     1.6878241E+009
  G13 =     3.3125839E+008
  G23 =     2.4747760E+006
  nu12=     3.3000000E-001
  nu13=     3.3000000E-001
  nu23=    -4.6779285E+000

 Time taken: 0.16 sec
