 OpenSG msg-shell wall plate laws, one block per section
 rows [eps11 eps22 2eps12 | K11 K22 K12+K21 | 2g13 2g23]

 section 0: layup_0  layup [['alu', 0.005, 0.0]]
 The Effective Reissner-Mindlin Plate Stiffness Matrix
 --------------------------------------------
     3.8660083E+008     1.2757827E+008     0.0000000E+000     0.0000000E+000     1.7462298E-010     0.0000000E+000     0.0000000E+000     0.0000000E+000
     1.2757827E+008     3.8660083E+008     0.0000000E+000     5.8207661E-011    -1.1641532E-010     0.0000000E+000     0.0000000E+000     0.0000000E+000
     0.0000000E+000     0.0000000E+000     1.2951130E+008     0.0000000E+000     0.0000000E+000     0.0000000E+000     0.0000000E+000     0.0000000E+000
     0.0000000E+000     1.1641532E-010     0.0000000E+000     8.0541840E+002     2.6578807E+002     0.0000000E+000     0.0000000E+000     0.0000000E+000
     5.8207661E-011    -2.3283064E-010     0.0000000E+000     2.6578807E+002     8.0541840E+002     0.0000000E+000     0.0000000E+000     0.0000000E+000
     0.0000000E+000     0.0000000E+000     0.0000000E+000     0.0000000E+000     0.0000000E+000     2.6981521E+002     0.0000000E+000     0.0000000E+000
     0.0000000E+000     0.0000000E+000     0.0000000E+000     0.0000000E+000     0.0000000E+000     0.0000000E+000     1.1480323E+008     8.7757548E-009
     0.0000000E+000     0.0000000E+000     0.0000000E+000     0.0000000E+000     0.0000000E+000     0.0000000E+000     8.7757548E-009     1.1480323E+008

 The Effective Reissner-Mindlin Plate Compliance Matrix
 --------------------------------------------
     2.9027576E-009    -9.5791001E-010     0.0000000E+000     3.6202852E-022    -8.8727357E-022     0.0000000E+000     0.0000000E+000     0.0000000E+000
    -9.5791001E-010     2.9027576E-009     0.0000000E+000    -4.6770846E-022     7.8159364E-022     0.0000000E+000     0.0000000E+000     0.0000000E+000
     0.0000000E+000     0.0000000E+000     7.7213340E-009     0.0000000E+000     0.0000000E+000     0.0000000E+000     0.0000000E+000     0.0000000E+000
     3.3561443E-022    -8.0723085E-022     0.0000000E+000     1.3933237E-003    -4.5979681E-004     0.0000000E+000     0.0000000E+000     0.0000000E+000
    -5.9744829E-022     1.1747447E-021     0.0000000E+000    -4.5979681E-004     1.3933237E-003     0.0000000E+000     0.0000000E+000     0.0000000E+000
     0.0000000E+000     0.0000000E+000     0.0000000E+000     0.0000000E+000     0.0000000E+000     3.7062403E-003     0.0000000E+000     0.0000000E+000
     0.0000000E+000     0.0000000E+000     0.0000000E+000     0.0000000E+000     0.0000000E+000     0.0000000E+000     8.7105562E-009    -6.6584977E-025
     0.0000000E+000     0.0000000E+000     0.0000000E+000     0.0000000E+000     0.0000000E+000     0.0000000E+000    -6.6584977E-025     8.7105562E-009
