 OpenSG msg-shell equivalent 3D solid (cross-section SG), omega 0.048637033 (user)

 The Effective Cauchy Continuum Stiffness Matrix
 --------------------------------------------
     4.7338395E+009     1.0860078E+009     3.8063296E+008     5.0517856E-006     5.6734646E-005     4.1598012E-006
     1.0860078E+009     2.4442418E+009     8.4669081E+008    -2.4129503E-005    -2.7357740E-004    -1.9340510E-005
     3.8063296E+008     8.4669081E+008     3.0674240E+008     4.0313446E-005     4.4539606E-004     3.1929391E-005
     5.0517856E-006    -2.4129503E-005     4.0313446E-005     4.1992634E+006    -1.0574351E-002    -8.7310517E-005
     5.6734646E-005    -2.7357740E-004     4.4539606E-004    -1.0574351E-002     5.6260804E+008     4.8857888E-003
     4.1598012E-006    -1.9340510E-005     3.1929391E-005    -8.7310517E-005     4.8857888E-003     9.9377516E+008

 The Effective Cauchy Continuum Compliance Matrix
 --------------------------------------------
     2.3530253E-010    -7.7649835E-011    -7.7649835E-011     1.6189176E-023    -1.4424526E-026    -1.2952507E-027
    -7.7649835E-011     9.3583846E-009    -2.5735282E-008     3.0092976E-019     2.4932173E-020     1.0093136E-021
    -7.7649835E-011    -2.5735282E-008     7.4392658E-008    -8.6196348E-019    -7.1400300E-020    -2.8907170E-021
     1.6189176E-023     3.0092976E-019    -8.6196348E-019     2.3813700E-007     4.4758411E-018     2.0922102E-020
    -1.4424526E-026     2.4932173E-020    -7.1400300E-020     4.4758411E-018     1.7774364E-009    -8.7385750E-021
    -1.2952507E-027     1.0093136E-021    -2.8907170E-021     2.0922102E-020    -8.7385750E-021     1.0062638E-009

 The Engineering Constants (Approximated as Orthotropic)
 ----------------------------------------------------------
  E1  =     4.2498480E+009
  E2  =     1.0685605E+008
  E3  =     1.3442187E+007
  G12 =     9.9377516E+008
  G13 =     5.6260804E+008
  G23 =     4.1992634E+006
  nu12=     3.3000000E-001
  nu13=     3.3000000E-001
  nu23=     2.7499705E+000

 Time taken: 1.10 sec
