 OpenSG msg-solid 3D elastic model, omega 1, periodic

 The Effective Cauchy Continuum Stiffness Matrix
 --------------------------------------------
     1.0190158E+010     5.6460685E+009     5.6460915E+009     1.7077286E+004     6.0850329E+004     5.3492520E+004
     5.6460685E+009     1.0190131E+010     5.6460124E+009     3.3690961E+004     9.7456199E+002    -1.0898598E+005
     5.6460915E+009     5.6460124E+009     1.0189958E+010    -1.1304849E+005     4.1008720E+004     1.0001640E+005
     1.7077286E+004     3.3690961E+004    -1.1304849E+005     4.5196402E+009     4.5040986E+004    -2.0992207E+004
     6.0850329E+004     9.7456198E+002     4.1008720E+004     4.5040986E+004     4.5196366E+009     5.0843711E+003
     5.3492520E+004    -1.0898598E+005     1.0001640E+005    -2.0992207E+004     5.0843711E+003     4.5197549E+009

 The Effective Cauchy Continuum Compliance Matrix
 --------------------------------------------
     1.6222895E-010    -5.7838492E-011    -5.7841521E-011    -1.6285945E-015    -1.6468642E-015    -2.0347443E-015
    -5.7838492E-011     1.6222754E-010    -5.7839031E-011    -2.4374565E-015     1.2685478E-015     5.8762585E-015
    -5.7841521E-011    -5.7839031E-011     1.6223211E-010     4.7075572E-015    -6.8082423E-016    -4.3000835E-015
    -1.6285945E-015    -2.4374565E-015     4.7075572E-015     2.2125655E-010    -2.2049804E-015     1.0274949E-015
    -1.6468642E-015     1.2685478E-015    -6.8082423E-016    -2.2049804E-015     2.2125673E-010    -2.4884162E-016
    -2.0347443E-015     5.8762585E-015    -4.3000835E-015     1.0274949E-015    -2.4884162E-016     2.2125094E-010

 The Engineering Constants (Approximated as Orthotropic)
 ----------------------------------------------------------
  E1  =     6.1641278E+009
  E2  =     6.1641815E+009
  E3  =     6.1640078E+009
  G12 =     4.5197549E+009
  G13 =     4.5196366E+009
  G23 =     4.5196402E+009
  nu12=     3.5652386E-001
  nu13=     3.5654253E-001
  nu23=     3.5653028E-001

 Time taken: 28.47 sec
