 OpenSG msg-solid 3D elastic model, omega 1, aperiodic: w=0 on 17610 boundary nodes

 The Effective Cauchy Continuum Stiffness Matrix
 --------------------------------------------
     1.2977036E+010     5.4235650E+009     5.4236737E+009    -1.9081771E+004    -8.8322287E+004     2.4976840E+004
     5.4235650E+009     1.2977030E+010     5.4231505E+009     1.4029905E+005    -8.1261046E+004    -1.9732150E+005
     5.4236737E+009     5.4231505E+009     1.2976815E+010    -1.6288194E+005     4.6553893E+004     9.7780983E+004
    -1.9081771E+004     1.4029905E+005    -1.6288194E+005     5.5459974E+009    -8.0347192E+004     4.0245531E+004
    -8.8322287E+004    -8.1261046E+004     4.6553893E+004    -8.0347192E+004     5.5460437E+009    -2.4125538E+004
     2.4976840E+004    -1.9732150E+005     9.7780983E+004     4.0245531E+004    -2.4125538E+004     5.5461333E+009

 The Effective Cauchy Continuum Compliance Matrix
 --------------------------------------------
     1.0225268E-010    -3.0138911E-011    -3.0141241E-011     2.2905078E-016     1.4398114E-015    -1.0013712E-015
    -3.0138911E-011     1.0224855E-010    -3.0134181E-011    -3.5753468E-015     1.2710983E-015     4.3048618E-015
    -3.0141241E-011    -3.0134181E-011     1.0225148E-010     3.6616560E-015    -1.7798011E-015    -2.7391568E-015
     2.2905078E-016    -3.5753468E-015     3.6616560E-015     1.8031022E-010     2.6121228E-015    -1.3086030E-015
     1.4398114E-015     1.2710983E-015    -1.7798011E-015     2.6121228E-015     1.8030871E-010     7.8438945E-016
    -1.0013712E-015     4.3048618E-015    -2.7391568E-015    -1.3086030E-015     7.8438945E-016     1.8030580E-010

 The Engineering Constants (Approximated as Orthotropic)
 ----------------------------------------------------------
  E1  =     9.7796952E+009
  E2  =     9.7800895E+009
  E3  =     9.7798100E+009
  G12 =     5.5461333E+009
  G13 =     5.5460437E+009
  G23 =     5.5459974E+009
  nu12=     2.9474936E-001
  nu13=     2.9477215E-001
  nu23=     2.9471498E-001

 Time taken: 30.21 sec
