 OpenSG msg-solid 3D elastic model, omega 1, aperiodic: w=0 on 4456 boundary nodes

 The Effective Cauchy Continuum Stiffness Matrix
 --------------------------------------------
     2.8103289E+009     1.5486275E+009     1.5489540E+009    -4.1150207E+004    -2.2178659E+005     1.8255868E+005
     1.5486275E+009     2.8103626E+009     1.5490495E+009     1.1271550E+005     8.1870005E+004    -4.7686040E+003
     1.5489540E+009     1.5490495E+009     2.8102505E+009    -2.2966810E+005     3.6172092E+005     1.1253181E+005
    -4.1150207E+004     1.1271550E+005    -2.2966810E+005     1.3003520E+009     3.2294843E+003     3.0917440E+004
    -2.2178659E+005     8.1870005E+004     3.6172092E+005     3.2294843E+003     1.3001508E+009    -4.9971582E+004
     1.8255868E+005    -4.7686040E+003     1.1253181E+005     3.0917440E+004    -4.9971582E+004     1.3000480E+009

 The Effective Cauchy Continuum Compliance Matrix
 --------------------------------------------
     5.8485658E-010    -2.0770273E-010    -2.0787263E-010    -2.0146093E-016     1.7067760E-013    -6.4890124E-014
    -2.0770273E-010     5.8487794E-010    -2.0791133E-010    -9.3992932E-014    -1.4414479E-014     4.9310340E-014
    -2.0787263E-010    -2.0791133E-010     5.8501907E-010     1.1477072E-013    -1.8512990E-013    -2.2221139E-014
    -2.0146093E-016    -9.3992932E-014     1.1477072E-013     7.6902258E-010    -1.9369486E-015    -1.8299042E-014
     1.7067760E-013    -1.4414479E-014    -1.8512990E-013    -1.9369486E-015     7.6914165E-010     2.9556517E-014
    -6.4890124E-014     4.9310340E-014    -2.2221139E-014    -1.8299042E-014     2.9556517E-014     7.6920238E-010

 The Engineering Constants (Approximated as Orthotropic)
 ----------------------------------------------------------
  E1  =     1.7098209E+009
  E2  =     1.7097585E+009
  E3  =     1.7093460E+009
  G12 =     1.3000480E+009
  G13 =     1.3001506E+009
  G23 =     1.3003519E+009
  nu12=     3.5513447E-001
  nu13=     3.5542497E-001
  nu23=     3.5547815E-001

 Time taken: 9.62 sec
