 OpenSG msg-solid 3D elastic model, omega 0.085693509, periodic

 The Effective Stiffness Matrix
 --------------------------------------------
     2.6876712E+010     1.8812739E+010     1.8812871E+010     1.3526946E+005     3.5179783E+005     4.1359288E+005
     1.8812739E+010     2.6875633E+010     1.8812629E+010    -1.4935778E+005    -2.8719779E+005    -5.5589377E+005
     1.8812871E+010     1.8812629E+010     2.6875064E+010    -1.5848155E+005     1.2511995E+006     3.4990320E+005
     1.3526946E+005    -1.4935778E+005    -1.5848155E+005     1.2915033E+010    -6.5296173E+004     6.9232440E+004
     3.5179783E+005    -2.8719779E+005     1.2511995E+006    -6.5296173E+004     1.2914262E+010     1.5336415E+005
     4.1359288E+005    -5.5589377E+005     3.4990320E+005     6.9232440E+004     1.5336415E+005     1.2914214E+010

 The Effective Compliance Matrix
 --------------------------------------------
     8.7844709E-011    -3.6169563E-011    -3.6173554E-011    -1.7822253E-015     3.0736089E-016    -3.3901454E-015
    -3.6169563E-011     8.7849457E-011    -3.6175764E-011     9.5086534E-016     6.4437901E-015     5.9199423E-015
    -3.6173554E-011    -3.6175764E-011     8.7854288E-011     1.0385555E-015    -8.3308335E-015    -2.7789572E-015
    -1.7822253E-015     9.5086534E-016     1.0385555E-015     7.7429150E-011     3.9146576E-016    -4.1502849E-016
     3.0736089E-016     6.4437901E-015    -8.3308335E-015     3.9146576E-016     7.7433770E-011    -9.1908200E-016
    -3.3901454E-015     5.9199423E-015    -2.7789572E-015    -4.1502849E-016    -9.1908200E-016     7.7434060E-011

 The Engineering Constants (Approximated as Orthotropic)
 ----------------------------------------------------------
  E1  =     1.1383725E+010
  E2  =     1.1383110E+010
  E3  =     1.1382484E+010
  G12 =     1.2914214E+010
  G13 =     1.2914262E+010
  G23 =     1.2915033E+010
  nu12=     4.1174435E-001
  nu13=     4.1178978E-001
  nu23=     4.1179268E-001

 Time taken: 51.54 sec
