 OpenSG msg-solid plate model, omega 1, periodic

 The Effective Reissner-Mindlin Stiffness Matrix
 --------------------------------------------
     6.3351885E+009     2.6520795E+009    -1.7564816E+003    -2.4239087E+003    -2.6181851E+002     1.9133924E+002     0.0000000E+000     0.0000000E+000
     2.6520795E+009     6.3351963E+009     5.9098039E+002     2.5660138E+002    -4.7693368E+003    -1.0897736E+002     0.0000000E+000     0.0000000E+000
    -1.7564816E+003     5.9098039E+002     4.4507053E+009     3.9469331E+002    -9.6185044E+001    -1.4596853E+003     0.0000000E+000     0.0000000E+000
    -2.4239087E+003     2.5660139E+002     3.9469331E+002     4.3571869E+008     1.8967292E+008    -8.3018734E+001     0.0000000E+000     0.0000000E+000
    -2.6181851E+002    -4.7693368E+003    -9.6185044E+001     1.8967292E+008     4.3571894E+008     1.2782602E+002     0.0000000E+000     0.0000000E+000
     1.9133924E+002    -1.0897735E+002    -1.4596853E+003    -8.3018734E+001     1.2782602E+002     3.0349214E+008     0.0000000E+000     0.0000000E+000
     0.0000000E+000     0.0000000E+000     0.0000000E+000     0.0000000E+000     0.0000000E+000     0.0000000E+000     3.1932351E+009    -4.0863552E+002
     0.0000000E+000     0.0000000E+000     0.0000000E+000     0.0000000E+000     0.0000000E+000     0.0000000E+000    -4.0863552E+002     3.1932400E+009

 The Effective Reissner-Mindlin Compliance Matrix
 --------------------------------------------
     1.9138908E-010    -8.0120495E-011     8.6170604E-017     1.7810937E-015    -1.5373159E-015    -1.4943086E-016     0.0000000E+000     0.0000000E+000
    -8.0120495E-011     1.9138885E-010    -5.7032775E-017    -1.7882778E-015     2.8252357E-015     1.1923423E-016     0.0000000E+000     0.0000000E+000
     8.6170604E-017    -5.7032775E-017     2.2468349E-010    -2.7775045E-016     1.7050565E-016     1.0806445E-015     0.0000000E+000     0.0000000E+000
     1.7810937E-015    -1.7882778E-015    -2.7775045E-016     2.8316409E-009    -1.2326423E-009     1.2937470E-015     0.0000000E+000     0.0000000E+000
    -1.5373159E-015     2.8252357E-015     1.7050565E-016    -1.2326423E-009     2.8316393E-009    -1.5298212E-015     0.0000000E+000     0.0000000E+000
    -1.4943086E-016     1.1923423E-016     1.0806445E-015     1.2937470E-015    -1.5298212E-015     3.2949782E-009     0.0000000E+000     0.0000000E+000
     0.0000000E+000     0.0000000E+000     0.0000000E+000     0.0000000E+000     0.0000000E+000     0.0000000E+000     3.1316203E-010     4.0075012E-017
     0.0000000E+000     0.0000000E+000     0.0000000E+000     0.0000000E+000     0.0000000E+000     0.0000000E+000     4.0075012E-017     3.1316156E-010

 Time taken: 360.50 sec
