 OpenSG msg-solid plate model, omega 1, periodic

 The Effective Reissner-Mindlin Stiffness Matrix
 --------------------------------------------
     6.3351885E+009     2.6520795E+009    -1.7564815E+003    -2.4239085E+003    -2.6181853E+002     1.9133819E+002     0.0000000E+000     0.0000000E+000
     2.6520795E+009     6.3351963E+009     5.9097894E+002     2.5660041E+002    -4.7693387E+003    -1.0897789E+002     0.0000000E+000     0.0000000E+000
    -1.7564812E+003     5.9097952E+002     4.4507053E+009     3.9469347E+002    -9.6185007E+001    -1.4596857E+003     0.0000000E+000     0.0000000E+000
    -2.4239071E+003     2.5660166E+002     3.9469353E+002     4.3571869E+008     1.8967292E+008    -8.3018904E+001     0.0000000E+000     0.0000000E+000
    -2.6181809E+002    -4.7693380E+003    -9.6185352E+001     1.8967292E+008     4.3571894E+008     1.2782625E+002     0.0000000E+000     0.0000000E+000
     1.9133925E+002    -1.0897734E+002    -1.4596855E+003    -8.3018684E+001     1.2782606E+002     3.0349214E+008     0.0000000E+000     0.0000000E+000
     0.0000000E+000     0.0000000E+000     0.0000000E+000     0.0000000E+000     0.0000000E+000     0.0000000E+000     3.1932351E+009    -4.0863522E+002
     0.0000000E+000     0.0000000E+000     0.0000000E+000     0.0000000E+000     0.0000000E+000     0.0000000E+000    -4.0863522E+002     3.1932400E+009

 The Effective Reissner-Mindlin Compliance Matrix
 --------------------------------------------
     1.9138908E-010    -8.0120495E-011     8.6170576E-017     1.7810936E-015    -1.5373161E-015    -1.4943034E-016     0.0000000E+000     0.0000000E+000
    -8.0120495E-011     1.9138885E-010    -5.7032712E-017    -1.7882777E-015     2.8252365E-015     1.1923429E-016     0.0000000E+000     0.0000000E+000
     8.6170573E-017    -5.7032732E-017     2.2468349E-010    -2.7775054E-016     1.7050567E-016     1.0806448E-015     0.0000000E+000     0.0000000E+000
     1.7810931E-015    -1.7882779E-015    -2.7775068E-016     2.8316409E-009    -1.2326423E-009     1.2937496E-015     0.0000000E+000     0.0000000E+000
    -1.5373160E-015     2.8252363E-015     1.7050591E-016    -1.2326423E-009     2.8316393E-009    -1.5298241E-015     0.0000000E+000     0.0000000E+000
    -1.4943086E-016     1.1923423E-016     1.0806447E-015     1.2937467E-015    -1.5298215E-015     3.2949782E-009     0.0000000E+000     0.0000000E+000
     0.0000000E+000     0.0000000E+000     0.0000000E+000     0.0000000E+000     0.0000000E+000     0.0000000E+000     3.1316203E-010     4.0074982E-017
     0.0000000E+000     0.0000000E+000     0.0000000E+000     0.0000000E+000     0.0000000E+000     0.0000000E+000     4.0074982E-017     3.1316156E-010

 Time taken: 1618.63 sec
