 OpenSG msg-solid plate model, omega 1, periodic

 The Effective Reissner-Mindlin Stiffness Matrix
 --------------------------------------------
     6.4392061E+009     2.6603336E+009     1.1820065E+005    -3.7488238E+004    -5.7690491E+003    -1.9288230E+004     0.0000000E+000     0.0000000E+000
     2.6603336E+009     6.4390106E+009    -7.5594554E+004     6.5123995E+003    -2.8642906E+004     1.8769656E+004     0.0000000E+000     0.0000000E+000
     1.1820060E+005    -7.5594028E+004     4.4797556E+009    -1.0231522E+004     2.7416380E+004    -1.7299220E+004     0.0000000E+000     0.0000000E+000
    -3.7488245E+004     6.5123518E+003    -1.0231560E+004     4.4474836E+008     1.9007914E+008    -3.5671292E+003     0.0000000E+000     0.0000000E+000
    -5.7690242E+003    -2.8643081E+004     2.7416415E+004     1.9007914E+008     4.4474192E+008     4.9531997E+003     0.0000000E+000     0.0000000E+000
    -1.9288680E+004     1.8769138E+004    -1.7299247E+004    -3.5672695E+003     4.9531622E+003     3.0577173E+008     0.0000000E+000     0.0000000E+000
     0.0000000E+000     0.0000000E+000     0.0000000E+000     0.0000000E+000     0.0000000E+000     0.0000000E+000     3.2358224E+009    -4.2145633E+004
     0.0000000E+000     0.0000000E+000     0.0000000E+000     0.0000000E+000     0.0000000E+000     0.0000000E+000    -4.2145633E+004     3.2357152E+009

 The Effective Reissner-Mindlin Compliance Matrix
 --------------------------------------------
     1.8726360E-010    -7.7369597E-011    -6.2464477E-015     2.2033544E-014    -1.1970504E-014     1.6562074E-014     0.0000000E+000     0.0000000E+000
    -7.7369597E-011     1.8726929E-010     5.2013357E-015    -1.7115727E-014     1.8372158E-014    -1.6376153E-014     0.0000000E+000     0.0000000E+000
    -6.2464366E-015     5.2013129E-015     2.2322646E-010     1.3477942E-014    -1.9521179E-014     1.2628932E-014     0.0000000E+000     0.0000000E+000
     2.2033559E-014    -1.7115745E-014     1.3477974E-014     2.7509556E-009    -1.1757364E-009     5.1141584E-014     0.0000000E+000     0.0000000E+000
    -1.1970552E-014     1.8372244E-014    -1.9521210E-014    -1.1757364E-009     2.7509954E-009    -5.8282518E-014     0.0000000E+000     0.0000000E+000
     1.6562218E-014    -1.6375950E-014     1.2628952E-014     5.1142701E-014    -5.8282720E-014     3.2704135E-009     0.0000000E+000     0.0000000E+000
     0.0000000E+000     0.0000000E+000     0.0000000E+000     0.0000000E+000     0.0000000E+000     0.0000000E+000     3.0904045E-010     4.0252941E-015
     0.0000000E+000     0.0000000E+000     0.0000000E+000     0.0000000E+000     0.0000000E+000     0.0000000E+000     4.0252941E-015     3.0905069E-010

 Time taken: 233.69 sec
