 OpenSG msg-solid plate model, omega 1, periodic

 The Effective Reissner-Mindlin Stiffness Matrix
 --------------------------------------------
     6.3343147E+009     2.6519996E+009     3.5413338E+002    -2.1789746E+001     4.9922624E+002    -1.3093959E+002     0.0000000E+000     0.0000000E+000
     2.6519996E+009     6.3343140E+009    -5.9910379E+002     5.3011083E+002    -2.4863799E+002     1.7110997E+002     0.0000000E+000     0.0000000E+000
     3.5388816E+002    -5.9865536E+002     4.4503654E+009    -2.2091135E+002     2.2527029E+002    -7.8260258E+001     0.0000000E+000     0.0000000E+000
    -2.1983668E+001     5.3033329E+002    -2.2034416E+002     4.3564861E+008     1.8966977E+008     3.8637282E+001     0.0000000E+000     0.0000000E+000
     4.9945789E+002    -2.4850632E+002     2.2507635E+002     1.8966977E+008     4.3564878E+008    -2.7154178E+000     0.0000000E+000     0.0000000E+000
    -1.3034126E+002     1.7102035E+002    -7.8248481E+001     3.8647744E+001    -2.6789014E+000     3.0346802E+008     0.0000000E+000     0.0000000E+000
     0.0000000E+000     0.0000000E+000     0.0000000E+000     0.0000000E+000     0.0000000E+000     0.0000000E+000     3.1929382E+009    -1.5073123E+002
     0.0000000E+000     0.0000000E+000     0.0000000E+000     0.0000000E+000     0.0000000E+000     0.0000000E+000    -1.5073123E+002     3.1929371E+009

 The Effective Reissner-Mindlin Compliance Matrix
 --------------------------------------------
     1.9142431E-010    -8.0143987E-011    -2.6021267E-017     2.7455599E-016    -3.8463517E-016     1.2778428E-016     0.0000000E+000     0.0000000E+000
    -8.0143987E-011     1.9142433E-010     3.2146690E-017    -4.0038187E-016     3.7540716E-016    -1.4251457E-016     0.0000000E+000     0.0000000E+000
    -2.6002644E-017     3.2122986E-017     2.2470065E-010     2.0300925E-016    -2.0457552E-016     5.7947173E-017     0.0000000E+000     0.0000000E+000
     2.7475329E-016    -4.0053831E-016     2.0259454E-016     2.8322876E-009    -1.2331019E-009    -3.7163771E-016     0.0000000E+000     0.0000000E+000
    -3.8479864E-016     3.7546003E-016    -2.0429494E-016    -1.2331019E-009     2.8322865E-009     1.8234019E-016     0.0000000E+000     0.0000000E+000
     1.2738319E-016    -1.4230002E-016     5.7938453E-017    -3.7158699E-016     1.8204189E-016     3.2952402E-009     0.0000000E+000     0.0000000E+000
     0.0000000E+000     0.0000000E+000     0.0000000E+000     0.0000000E+000     0.0000000E+000     0.0000000E+000     3.1319115E-010     1.4785035E-017
     0.0000000E+000     0.0000000E+000     0.0000000E+000     0.0000000E+000     0.0000000E+000     0.0000000E+000     1.4785035E-017     3.1319126E-010

 Time taken: 1073.74 sec
