 OpenSG msg-solid plate model, omega 1, periodic

 The Effective Reissner-Mindlin Stiffness Matrix
 --------------------------------------------
     6.3705517E+009     2.6549507E+009     3.0687675E+004     1.7256843E+004    -3.0957863E+003    -2.0887620E+003     0.0000000E+000     0.0000000E+000
     2.6549507E+009     6.3705608E+009    -7.8150837E+003    -3.8364003E+003     3.4921433E+004     1.7759554E+003     0.0000000E+000     0.0000000E+000
     3.0687364E+004    -7.8152176E+003     4.4604700E+009    -3.0609129E+003     2.2064596E+003     6.3853867E+003     0.0000000E+000     0.0000000E+000
     1.7257241E+004    -3.8361775E+003    -3.0610669E+003     4.3875075E+008     1.8977764E+008     1.7618584E+003     0.0000000E+000     0.0000000E+000
    -3.0959095E+003     3.4921333E+004     2.2065545E+003     1.8977764E+008     4.3874821E+008    -4.9879524E+002     0.0000000E+000     0.0000000E+000
    -2.0886971E+003     1.7760133E+003     6.3853591E+003     1.7618278E+003    -4.9875050E+002     3.0426982E+008     0.0000000E+000     0.0000000E+000
     0.0000000E+000     0.0000000E+000     0.0000000E+000     0.0000000E+000     0.0000000E+000     0.0000000E+000     3.2071626E+009    -1.0968777E+004
     0.0000000E+000     0.0000000E+000     0.0000000E+000     0.0000000E+000     0.0000000E+000     0.0000000E+000    -1.0968777E+004     3.2071502E+009

 The Effective Reissner-Mindlin Compliance Matrix
 --------------------------------------------
     1.8996625E-010    -7.9169016E-011    -1.4456817E-015    -1.4109030E-014     1.3744496E-014     1.7663135E-015     0.0000000E+000     0.0000000E+000
    -7.9169016E-011     1.8996598E-010     8.7753427E-016     1.4216347E-014    -2.1827832E-014    -1.6524080E-015     0.0000000E+000     0.0000000E+000
    -1.4456709E-015     8.7753447E-016     2.2419162E-010     2.5240865E-015    -2.2193194E-015    -4.7049042E-015     0.0000000E+000     0.0000000E+000
    -1.4109211E-014     1.4216306E-014     2.5242091E-015     2.8037618E-009    -1.2127486E-009    -1.8223350E-014     0.0000000E+000     0.0000000E+000
     1.3744609E-014    -2.1827793E-014    -2.2194209E-015    -1.2127487E-009     2.8037780E-009     1.1618912E-014     0.0000000E+000     0.0000000E+000
     1.7662880E-015    -1.6524273E-015    -4.7048838E-015    -1.8222890E-014     1.1618378E-014     3.2865567E-009     0.0000000E+000     0.0000000E+000
     0.0000000E+000     0.0000000E+000     0.0000000E+000     0.0000000E+000     0.0000000E+000     0.0000000E+000     3.1180209E-010     1.0663946E-015
     0.0000000E+000     0.0000000E+000     0.0000000E+000     0.0000000E+000     0.0000000E+000     0.0000000E+000     1.0663946E-015     3.1180330E-010

 Time taken: 349.46 sec
