 OpenSG msg-solid plate model, omega 1, periodic

 The Effective Reissner-Mindlin Stiffness Matrix
 --------------------------------------------
     6.5516982E+009     2.6696738E+009    -2.9316440E+005    -4.0845950E+005     1.1399301E+004     9.3266131E+004     0.0000000E+000     0.0000000E+000
     2.6696738E+009     6.5527459E+009     4.6337965E+005     2.1523230E+004    -7.6730177E+005    -2.4785307E+003     0.0000000E+000     0.0000000E+000
    -2.9316440E+005     4.6337965E+005     4.5080913E+009     1.1330370E+005    -6.8494082E+003    -1.0884674E+005     0.0000000E+000     0.0000000E+000
    -4.0845950E+005     2.1523230E+004     1.1330370E+005     4.5437873E+008     1.9044019E+008    -2.9131433E+004     0.0000000E+000     0.0000000E+000
     1.1399301E+004    -7.6730177E+005    -6.8494082E+003     1.9044019E+008     4.5439191E+008     1.9444586E+004     0.0000000E+000     0.0000000E+000
     9.3266131E+004    -2.4785307E+003    -1.0884674E+005    -2.9131433E+004     1.9444586E+004     3.0806940E+008     0.0000000E+000     0.0000000E+000
     0.0000000E+000     0.0000000E+000     0.0000000E+000     0.0000000E+000     0.0000000E+000     0.0000000E+000     3.2748679E+009    -3.2376592E+004
     0.0000000E+000     0.0000000E+000     0.0000000E+000     0.0000000E+000     0.0000000E+000     0.0000000E+000    -3.2376592E+004     3.2760309E+009

 The Effective Reissner-Mindlin Compliance Matrix
 --------------------------------------------
     1.8301486E-010    -7.4562661E-011     1.9557254E-014     2.7020033E-013    -2.4374132E-013    -5.5958671E-014     0.0000000E+000     0.0000000E+000
    -7.4562661E-011     1.8298563E-010    -2.3650179E-014    -2.4986982E-013     4.1558791E-013     2.3987362E-014     0.0000000E+000     0.0000000E+000
     1.9557254E-014    -2.3650179E-014     2.2182338E-010    -6.8749576E-014     3.2113573E-014     7.8359751E-014     0.0000000E+000     0.0000000E+000
     2.7020033E-013    -2.4986982E-013    -6.8749576E-014     2.6697760E-009    -1.1189303E-009     3.2297344E-013     0.0000000E+000     0.0000000E+000
    -2.4374132E-013     4.1558791E-013     3.2113573E-014    -1.1189303E-009     2.6696990E-009    -2.7422385E-013     0.0000000E+000     0.0000000E+000
    -5.5958671E-014     2.3987362E-014     7.8359751E-014     3.2297344E-013    -2.7422385E-013     3.2460220E-009     0.0000000E+000     0.0000000E+000
     0.0000000E+000     0.0000000E+000     0.0000000E+000     0.0000000E+000     0.0000000E+000     0.0000000E+000     3.0535583E-010     3.0177924E-015
     0.0000000E+000     0.0000000E+000     0.0000000E+000     0.0000000E+000     0.0000000E+000     0.0000000E+000     3.0177924E-015     3.0524743E-010

 Time taken: 24.64 sec
