 OpenSG msg-solid plate model, omega 1, periodic

 The Effective Reissner-Mindlin Stiffness Matrix
 --------------------------------------------
     6.3351885E+009     2.6520795E+009    -1.7564346E+003    -2.4239156E+003    -2.6198705E+002     1.9146760E+002     0.0000000E+000     0.0000000E+000
     2.6520795E+009     6.3351963E+009     5.9060896E+002     2.5648426E+002    -4.7692575E+003    -1.0902485E+002     0.0000000E+000     0.0000000E+000
    -1.7565722E+003     5.9084830E+002     4.4507053E+009     3.9471667E+002    -9.6220824E+001    -1.4596685E+003     0.0000000E+000     0.0000000E+000
    -2.4238674E+003     2.5652044E+002     3.9475550E+002     4.3571869E+008     1.8967292E+008    -8.2963015E+001     0.0000000E+000     0.0000000E+000
    -2.6192176E+002    -4.7692506E+003    -9.6223965E+001     1.8967292E+008     4.3571894E+008     1.2780232E+002     0.0000000E+000     0.0000000E+000
     1.9139301E+002    -1.0902618E+002    -1.4596936E+003    -8.3029279E+001     1.2782438E+002     3.0349214E+008     0.0000000E+000     0.0000000E+000
     0.0000000E+000     0.0000000E+000     0.0000000E+000     0.0000000E+000     0.0000000E+000     0.0000000E+000     3.1932351E+009    -4.0853304E+002
     0.0000000E+000     0.0000000E+000     0.0000000E+000     0.0000000E+000     0.0000000E+000     0.0000000E+000    -4.0853304E+002     3.1932400E+009

 The Effective Reissner-Mindlin Compliance Matrix
 --------------------------------------------
     1.9138908E-010    -8.0120495E-011     8.6161897E-017     1.7810233E-015    -1.5371966E-015    -1.4952435E-016     0.0000000E+000     0.0000000E+000
    -8.0120495E-011     1.9138885E-010    -5.7015957E-017    -1.7881806E-015     2.8251275E-015     1.1929807E-016     0.0000000E+000     0.0000000E+000
     8.6172125E-017    -5.7028728E-017     2.2468349E-010    -2.7777522E-016     1.7053488E-016     1.0806321E-015     0.0000000E+000     0.0000000E+000
     1.7810201E-015    -1.7881940E-015    -2.7780079E-016     2.8316409E-009    -1.2326423E-009     1.2931309E-015     0.0000000E+000     0.0000000E+000
    -1.5372226E-015     2.8251424E-015     1.7054764E-016    -1.2326423E-009     2.8316393E-009    -1.5293738E-015     0.0000000E+000     0.0000000E+000
    -1.4947766E-016     1.1927921E-016     1.0806507E-015     1.2938387E-015    -1.5298487E-015     3.2949782E-009     0.0000000E+000     0.0000000E+000
     0.0000000E+000     0.0000000E+000     0.0000000E+000     0.0000000E+000     0.0000000E+000     0.0000000E+000     3.1316203E-010     4.0064961E-017
     0.0000000E+000     0.0000000E+000     0.0000000E+000     0.0000000E+000     0.0000000E+000     0.0000000E+000     4.0064961E-017     3.1316156E-010

 Time taken: 271.03 sec
