 OpenSG msg-solid plate model, omega 1, periodic

 The Effective Reissner-Mindlin Stiffness Matrix
 --------------------------------------------
     6.3351885E+009     2.6520795E+009    -1.7564335E+003    -2.4239153E+003    -2.6198635E+002     1.9146776E+002     0.0000000E+000     0.0000000E+000
     2.6520795E+009     6.3351963E+009     5.9060875E+002     2.5648510E+002    -4.7692571E+003    -1.0902509E+002     0.0000000E+000     0.0000000E+000
    -1.7565725E+003     5.9084851E+002     4.4507053E+009     3.9471658E+002    -9.6220780E+001    -1.4596686E+003     0.0000000E+000     0.0000000E+000
    -2.4238671E+003     2.5652089E+002     3.9475546E+002     4.3571869E+008     1.8967292E+008    -8.2962902E+001     0.0000000E+000     0.0000000E+000
    -2.6192108E+002    -4.7692504E+003    -9.6223696E+001     1.8967292E+008     4.3571894E+008     1.2780232E+002     0.0000000E+000     0.0000000E+000
     1.9139284E+002    -1.0902618E+002    -1.4596938E+003    -8.3029341E+001     1.2782440E+002     3.0349214E+008     0.0000000E+000     0.0000000E+000
     0.0000000E+000     0.0000000E+000     0.0000000E+000     0.0000000E+000     0.0000000E+000     0.0000000E+000     3.1932351E+009    -4.0853487E+002
     0.0000000E+000     0.0000000E+000     0.0000000E+000     0.0000000E+000     0.0000000E+000     0.0000000E+000    -4.0853487E+002     3.1932400E+009

 The Effective Reissner-Mindlin Compliance Matrix
 --------------------------------------------
     1.9138908E-010    -8.0120495E-011     8.6161847E-017     1.7810235E-015    -1.5371969E-015    -1.4952451E-016     0.0000000E+000     0.0000000E+000
    -8.0120495E-011     1.9138885E-010    -5.7015929E-017    -1.7881809E-015     2.8251276E-015     1.1929826E-016     0.0000000E+000     0.0000000E+000
     8.6172141E-017    -5.7028741E-017     2.2468349E-010    -2.7777515E-016     1.7053483E-016     1.0806322E-015     0.0000000E+000     0.0000000E+000
     1.7810202E-015    -1.7881942E-015    -2.7780070E-016     2.8316409E-009    -1.2326423E-009     1.2931298E-015     0.0000000E+000     0.0000000E+000
    -1.5372229E-015     2.8251425E-015     1.7054746E-016    -1.2326423E-009     2.8316393E-009    -1.5293733E-015     0.0000000E+000     0.0000000E+000
    -1.4947755E-016     1.1927918E-016     1.0806508E-015     1.2938394E-015    -1.5298492E-015     3.2949782E-009     0.0000000E+000     0.0000000E+000
     0.0000000E+000     0.0000000E+000     0.0000000E+000     0.0000000E+000     0.0000000E+000     0.0000000E+000     3.1316203E-010     4.0065141E-017
     0.0000000E+000     0.0000000E+000     0.0000000E+000     0.0000000E+000     0.0000000E+000     0.0000000E+000     4.0065141E-017     3.1316156E-010

 Time taken: 1324.61 sec
