 OpenSG msg-solid plate model, omega 35.248001, periodic

 The Effective Reissner-Mindlin Stiffness Matrix
 --------------------------------------------
     3.3585973E+005     7.7500043E+004    -1.4366892E+002     4.1488406E-001     1.4861903E+000     3.6602857E-002     0.0000000E+000     0.0000000E+000
     7.7500043E+004     1.1291139E+005    -4.7913151E+002     1.3829469E+000     4.9539677E+000     1.2200953E-001     0.0000000E+000     0.0000000E+000
    -1.4366892E+002    -4.7913151E+002     1.0551654E+005     6.5307011E-002     2.1872937E-001     4.1192792E+000     0.0000000E+000     0.0000000E+000
     4.1488406E-001     1.3829469E+000     6.5307010E-002     9.0367521E+007     3.9540465E+007    -8.5182653E+004     0.0000000E+000     0.0000000E+000
     1.4861903E+000     4.9539677E+000     2.1872937E-001     3.9540465E+007     5.7011050E+007    -2.6597664E+005     0.0000000E+000     0.0000000E+000
     3.6602857E-002     1.2200953E-001     4.1192792E+000    -8.5182653E+004    -2.6597664E+005     4.6026320E+007     0.0000000E+000     0.0000000E+000
     0.0000000E+000     0.0000000E+000     0.0000000E+000     0.0000000E+000     0.0000000E+000     0.0000000E+000     2.6974186E+004     8.6527237E-001
     0.0000000E+000     0.0000000E+000     0.0000000E+000     0.0000000E+000     0.0000000E+000     0.0000000E+000     8.6527237E-001     9.7898064E+001

 The Effective Reissner-Mindlin Compliance Matrix
 --------------------------------------------
     3.5377569E-006    -2.4282695E-006    -6.2094032E-009    -4.4599190E-014     1.4975937E-013     4.9621974E-015     0.0000000E+000     0.0000000E+000
    -2.4282695E-006     1.0523405E-005     4.4478602E-008     3.1957868E-013    -1.0731115E-012    -3.5555610E-014     0.0000000E+000     0.0000000E+000
    -6.2094032E-009     4.4478602E-008     9.4773810E-006     1.5736810E-014    -5.4937600E-014    -8.4861118E-013     0.0000000E+000     0.0000000E+000
    -4.4599191E-014     3.1957868E-013     1.5736810E-014     1.5887212E-008    -1.1018861E-008    -3.4272669E-011     0.0000000E+000     0.0000000E+000
     1.4975938E-013    -1.0731115E-012    -5.4937600E-014    -1.1018861E-008     2.5183261E-008     1.2513586E-010     0.0000000E+000     0.0000000E+000
     4.9621975E-015    -3.5555610E-014    -8.4861117E-013    -3.4272669E-011     1.2513586E-010     2.1727359E-008     0.0000000E+000     0.0000000E+000
     0.0000000E+000     0.0000000E+000     0.0000000E+000     0.0000000E+000     0.0000000E+000     0.0000000E+000     3.7072491E-005    -3.2766534E-007
     0.0000000E+000     0.0000000E+000     0.0000000E+000     0.0000000E+000     0.0000000E+000     0.0000000E+000    -3.2766534E-007     1.0214710E-002

 Time taken: 1.78 sec
