 OpenSG msg-solid 3D elastic model, omega 1, periodic

 The Effective Cauchy Continuum Stiffness Matrix
 --------------------------------------------
     3.4467665E+009     3.9887739E+008     3.9886867E+008     1.1498427E+005    -3.3882587E+003     2.0282452E+004
     3.9887739E+008     3.0363027E+009     1.0561411E+009    -8.9214459E+004    -8.4695449E+004    -2.0926812E+003
     3.9886867E+008     1.0561411E+009     3.0355881E+009    -3.4015942E+004    -2.4108197E+004     4.5070879E+004
     1.1498427E+005    -8.9214459E+004    -3.4015942E+004     1.0186933E+009    -4.9484661E+004    -2.2604319E+005
    -3.3882587E+003    -8.4695449E+004    -2.4108197E+004    -4.9484661E+004     1.1911872E+008     1.2753600E+005
     2.0282452E+004    -2.0926812E+003     4.5070879E+004    -2.2604319E+005     1.2753600E+005     1.1908564E+008

 The Effective Cauchy Continuum Compliance Matrix
 --------------------------------------------
     2.9682339E-010    -2.8928069E-011    -2.8937202E-011    -3.7013219E-014    -1.7954312E-014    -4.0161809E-014
    -2.8928069E-011     3.7751248E-010    -1.2754298E-010     3.2092872E-014     2.4173132E-013     5.9634769E-014
    -2.8937202E-011    -1.2754298E-010     3.7760247E-010     4.6733579E-015    -1.4934096E-014    -1.4020081E-013
    -3.7013219E-014     3.2092872E-014     4.6733579E-015     9.8165020E-010     4.0582830E-013     1.8628962E-012
    -1.7954312E-014     2.4173132E-013    -1.4934096E-014     4.0582830E-013     8.3949963E-009    -8.9899249E-012
    -4.0161809E-014     5.9634769E-014    -1.4020081E-013     1.8628962E-012    -8.9899249E-012     8.3973310E-009

 The Engineering Constants (Approximated as Orthotropic)
 ----------------------------------------------------------
  E1  =     3.3690067E+009
  E2  =     2.6489190E+009
  E3  =     2.6482878E+009
  G12 =     1.1908546E+008
  G13 =     1.1911858E+008
  G23 =     1.0186928E+009
  nu12=     9.7458860E-002
  nu13=     9.7489630E-002
  nu23=     3.3785104E-001

 Time taken: 17.73 sec
