
HOMOGENIZATION -- RM 8x8 ABDG [[A,B,0],[B,D,0],[0,0,G]] (rows 1-6: e11,e22,g12,k11,k22,k12; rows 7-8: 2g13,2g23):
[[ 2.6763e+09  4.5786e+07  0.0000e+00 -1.7663e-08  4.8734e-10  0.0000e+00  0.0000e+00  0.0000e+00]
 [ 4.5786e+07  2.5380e+08  0.0000e+00  6.1616e-10  5.9503e-10  0.0000e+00  0.0000e+00  0.0000e+00]
 [ 0.0000e+00  0.0000e+00  1.3273e+08  0.0000e+00  0.0000e+00 -5.8593e-10  0.0000e+00  0.0000e+00]
 [-1.7430e-08  7.2017e-10  0.0000e+00  5.3724e+06  9.2925e+04  0.0000e+00  0.0000e+00  0.0000e+00]
 [ 6.1616e-10  5.0772e-10  0.0000e+00  9.2925e+04  4.4675e+05  0.0000e+00  0.0000e+00  0.0000e+00]
 [ 0.0000e+00  0.0000e+00 -5.8593e-10  0.0000e+00  0.0000e+00  2.5694e+05  0.0000e+00  0.0000e+00]
 [ 0.0000e+00  0.0000e+00  0.0000e+00  0.0000e+00  0.0000e+00  0.0000e+00  1.0985e+07  6.1288e-07]
 [ 0.0000e+00  0.0000e+00  0.0000e+00  0.0000e+00  0.0000e+00  0.0000e+00  6.1288e-07  1.0856e+07]]

PLATE COMPLIANCE -- inv(ABDG) (rows 1-6: N11,N22,N12,M11,M22,M12; rows 7-8: Q1,Q2):
[[ 3.7481e-10 -6.7617e-11  0.0000e+00  1.2500e-24 -5.7882e-25  0.0000e+00  0.0000e+00  0.0000e+00]
 [-6.7617e-11  3.9523e-09  0.0000e+00 -5.8793e-25 -5.0681e-24  0.0000e+00  0.0000e+00  0.0000e+00]
 [ 0.0000e+00  0.0000e+00  7.5340e-09  0.0000e+00  0.0000e+00  1.7180e-23  0.0000e+00  0.0000e+00]
 [ 1.2371e-24 -6.7553e-25  0.0000e+00  1.8681e-07 -3.8856e-08  0.0000e+00  0.0000e+00  0.0000e+00]
 [-6.9743e-25 -4.2579e-24  0.0000e+00 -3.8856e-08  2.2465e-06  0.0000e+00  0.0000e+00  0.0000e+00]
 [ 0.0000e+00  0.0000e+00  1.7180e-23  0.0000e+00  0.0000e+00  3.8920e-06  0.0000e+00  0.0000e+00]
 [ 0.0000e+00  0.0000e+00  0.0000e+00  0.0000e+00  0.0000e+00  0.0000e+00  9.1030e-08 -5.1393e-21]
 [ 0.0000e+00  0.0000e+00  0.0000e+00  0.0000e+00  0.0000e+00  0.0000e+00 -5.1393e-21  9.2118e-08]]

DEHOMOGENIZATION -- computed using the second-order warping function
  given FF = [   0.    0.    0. 1000.    0.    0. 1000.    0.]
  u2d    = [0. 0. 0.]   (global plate displacement added to the warping)
  wrote examples/garg/caseC/garg_C.SM  (15 Gauss points)
  wrote examples/garg/caseC/garg_C.EM  (15 Gauss points)
  wrote examples/garg/caseC/garg_C.U  (15 Gauss points)
  wrote examples/garg/caseC/garg_C.out  (this report)
