RM 8x8 ABDG for caseC (mid-surface reference; rows e11,e22,g12,k11,k22,k12,2g13,2g23)

S = a/h = 4  (h = 0.25 m):
    6.690639e+09   1.144650e+08   0.000000e+00  -4.604601e-08   1.671213e-09   0.000000e+00   0.000000e+00   0.000000e+00
    1.144650e+08   6.345034e+08   0.000000e+00   2.722753e-09  -5.002021e-09   0.000000e+00   0.000000e+00   0.000000e+00
    0.000000e+00   0.000000e+00   3.318300e+08   0.000000e+00   0.000000e+00   8.486549e-11   0.000000e+00   0.000000e+00
   -4.488186e-08   3.766688e-09   0.000000e+00   8.394387e+07   1.451952e+06   0.000000e+00   0.000000e+00   0.000000e+00
    2.257092e-09  -4.070699e-09   0.000000e+00   1.451952e+06   6.980474e+06   0.000000e+00   0.000000e+00   0.000000e+00
    0.000000e+00   0.000000e+00   8.486549e-11   0.000000e+00   0.000000e+00   4.014694e+06   0.000000e+00   0.000000e+00
    0.000000e+00   0.000000e+00   0.000000e+00   0.000000e+00   0.000000e+00   0.000000e+00   2.746358e+07   1.015771e-06
    0.000000e+00   0.000000e+00   0.000000e+00   0.000000e+00   0.000000e+00   0.000000e+00   1.015771e-06   2.713906e+07

S = a/h = 10  (h = 0.1 m):
    2.676256e+09   4.578599e+07   0.000000e+00  -1.766256e-08   4.873425e-10   0.000000e+00   0.000000e+00   0.000000e+00
    4.578599e+07   2.538014e+08   0.000000e+00   6.161599e-10   5.950332e-10   0.000000e+00   0.000000e+00   0.000000e+00
    0.000000e+00   0.000000e+00   1.327320e+08   0.000000e+00   0.000000e+00  -5.859264e-10   0.000000e+00   0.000000e+00
   -1.742973e-08   7.201732e-10   0.000000e+00   5.372408e+06   9.292491e+04   0.000000e+00   0.000000e+00   0.000000e+00
    6.161599e-10   5.077217e-10   0.000000e+00   9.292491e+04   4.467503e+05   0.000000e+00   0.000000e+00   0.000000e+00
    0.000000e+00   0.000000e+00  -5.859264e-10   0.000000e+00   0.000000e+00   2.569404e+05   0.000000e+00   0.000000e+00
    0.000000e+00   0.000000e+00   0.000000e+00   0.000000e+00   0.000000e+00   0.000000e+00   1.098543e+07   6.128804e-07
    0.000000e+00   0.000000e+00   0.000000e+00   0.000000e+00   0.000000e+00   0.000000e+00   6.128804e-07   1.085562e+07

S = a/h = 50  (h = 0.02 m):
    5.352512e+08   9.157199e+06   0.000000e+00  -2.553392e-10   6.780693e-12   0.000000e+00   0.000000e+00   0.000000e+00
    9.157199e+06   5.076027e+07   0.000000e+00   8.545936e-12  -2.642262e-11   0.000000e+00   0.000000e+00   0.000000e+00
    0.000000e+00   0.000000e+00   2.654640e+07   0.000000e+00   0.000000e+00  -1.796849e-11   0.000000e+00   0.000000e+00
   -2.553392e-10   8.599682e-12   0.000000e+00   4.297926e+04   7.433993e+02   0.000000e+00   0.000000e+00   0.000000e+00
    1.764088e-11  -2.096565e-11   0.000000e+00   7.433993e+02   3.574003e+03   0.000000e+00   0.000000e+00   0.000000e+00
    0.000000e+00   0.000000e+00  -1.796849e-11   0.000000e+00   0.000000e+00   2.055523e+03   0.000000e+00   0.000000e+00
    0.000000e+00   0.000000e+00   0.000000e+00   0.000000e+00   0.000000e+00   0.000000e+00   2.197086e+06   1.446331e-07
    0.000000e+00   0.000000e+00   0.000000e+00   0.000000e+00   0.000000e+00   0.000000e+00   1.446331e-07   2.171125e+06
