 OpenSG msg-solid beam model, omega 1

 The Effective Timoshenko Beam Stiffness Matrix
 --------------------------------------------
     9.8992866E+006     6.9973096E+003     1.2577025E+001    -7.7065225E-001     2.2740513E+000    -8.6717879E-001
     6.9973096E+003     1.9074524E+006     5.9324366E+001    -3.4044008E+001    -1.6298116E+000    -6.0670321E-002
     1.2577025E+001     5.9324366E+001     9.3619028E+005    -8.4787042E+001    -9.3250225E-001     8.5948342E-001
    -7.7065138E-001    -3.4044008E+001    -8.4787042E+001     2.9774561E+008    -3.1862083E+006    -7.3057137E+003
     2.2740485E+000    -1.6298116E+000    -9.3250225E-001    -3.1862083E+006     2.1895745E+009    -9.5964309E+004
    -8.6717825E-001    -6.0670321E-002     8.5948342E-001    -7.3057137E+003    -9.5964309E+004     9.2899273E+008

 The Effective Timoshenko Beam Compliance Matrix
 --------------------------------------------
     1.0101764E-007    -3.7057368E-010    -1.3336149E-012     2.1759225E-016    -1.0487068E-016     9.4263974E-017
    -3.7057368E-010     5.2426084E-007    -3.3216299E-011     5.9938286E-014     4.7782677E-016     3.4443773E-017
    -1.3336149E-012    -3.3216299E-011     1.0681589E-006     3.0417832E-013     8.9747591E-016    -9.8575550E-016
     2.1759196E-016     5.9938286E-014     3.0417832E-013     3.3586241E-009     4.8873782E-012     2.6917498E-014
    -1.0487055E-016     4.7782677E-016     8.9747591E-016     4.8873782E-012     4.5671685E-010     4.7216971E-014
     9.4263915E-017     3.4443774E-017    -9.8575550E-016     2.6917498E-014     4.7216971E-014     1.0764347E-009

 The 6X6 Mass Matrix
 ========================================================

     4.8454171E-007     0.0000000E+000     0.0000000E+000     0.0000000E+000     5.9131216E-022     3.4644650E-022
     0.0000000E+000     4.8454171E-007     0.0000000E+000    -5.9131216E-022     0.0000000E+000     0.0000000E+000
     0.0000000E+000     0.0000000E+000     4.8454171E-007    -3.4644650E-022     0.0000000E+000     0.0000000E+000
     0.0000000E+000    -5.9131216E-022    -3.4644650E-022     1.8206012E-004     0.0000000E+000     0.0000000E+000
     5.9131216E-022     0.0000000E+000     0.0000000E+000     0.0000000E+000     1.3572793E-004     2.1227522E-021
     3.4644650E-022     0.0000000E+000     0.0000000E+000     0.0000000E+000     2.1227522E-021     4.6332182E-005

 Time taken: 2.44 sec
