 OpenSG msg-shell equivalent 3D solid (3-D shell SG, 150984 nodes, 299576 elems [299576 tri3/MITC3], 0 junction edges, periodic in 3 dirs, per unit cell 1)

 The Effective Cauchy Continuum Stiffness Matrix
 --------------------------------------------
     2.2189754E+009     1.5640868E+009     1.5643243E+009     3.8655464E+003     3.4989457E+003     6.1817430E+003
     1.5640868E+009     2.2189827E+009     1.5643287E+009     8.6651435E+003     2.6938580E+003    -1.1933265E+004
     1.5643243E+009     1.5643287E+009     2.2187779E+009    -8.6943919E+003    -3.2245600E+003    -4.8603286E+003
     3.8655464E+003     8.6651435E+003    -8.6943919E+003     1.0388919E+009     2.5289749E+003    -5.5815506E+002
     3.4989457E+003     2.6938580E+003    -3.2245600E+003     2.5289749E+003     1.0388941E+009    -9.7749762E+002
     6.1817430E+003    -1.1933265E+004    -4.8603286E+003    -5.5815506E+002    -9.7749762E+002     1.0387742E+009

 The Effective Cauchy Continuum Compliance Matrix
 --------------------------------------------
     1.0804940E-009    -4.4647510E-010    -4.4700701E-010    -4.0373604E-015    -3.8687806E-015    -1.3650560E-014
    -4.4647510E-010     1.0804930E-009    -4.4700933E-010    -1.1091835E-014    -2.6854231E-015     1.2977972E-014
    -4.4700701E-010    -4.4700933E-010     1.0810156E-009     1.4438543E-014     6.0198612E-015     2.5829547E-015
    -4.0373604E-015    -1.1091835E-014     1.4438543E-014     9.6256406E-010    -2.3430773E-015     5.1716773E-016
    -3.8687806E-015    -2.6854231E-015     6.0198612E-015    -2.3430773E-015     9.6256198E-010     9.0580021E-016
    -1.3650560E-014     1.2977972E-014     2.5829547E-015     5.1716773E-016     9.0580021E-016     9.6267314E-010

 The Engineering Constants (Approximated as Orthotropic)
 ----------------------------------------------------------
  E1  =     9.2550256E+008
  E2  =     9.2550344E+008
  E3  =     9.2505605E+008
  G12 =     1.0387742E+009
  G13 =     1.0388941E+009
  G23 =     1.0388919E+009
  nu12=     4.1321385E-001
  nu13=     4.1370613E-001
  nu23=     4.1370867E-001

 Time taken: 127.17 sec
