 OpenSG msg-shell equivalent 3D solid (3-D shell SG, 36168 nodes, 71168 elems [71168 tri3/MITC3], 0 junction edges, periodic in 3 dirs, per unit cell 1)

 The Effective Cauchy Continuum Stiffness Matrix
 --------------------------------------------
     2.2194940E+009     1.5641623E+009     1.5643903E+009     5.1992579E+003     5.3237625E+003    -2.1089489E+003
     1.5641623E+009     2.2194992E+009     1.5643823E+009    -3.6004766E+003     1.2061757E+003    -9.7405210E+003
     1.5643903E+009     1.5643823E+009     2.2193041E+009    -1.1368729E+004     2.7400880E+003    -6.7550103E+003
     5.1992579E+003    -3.6004766E+003    -1.1368729E+004     1.0391128E+009     5.8728329E+003    -2.6143661E+003
     5.3237625E+003     1.2061757E+003     2.7400880E+003     5.8728329E+003     1.0391155E+009     2.0607687E+003
    -2.1089489E+003    -9.7405210E+003    -6.7550103E+003    -2.6143661E+003     2.0607687E+003     1.0390064E+009

 The Effective Cauchy Continuum Compliance Matrix
 --------------------------------------------
     1.0797962E-009    -4.4615045E-010    -4.4665930E-010    -1.1835512E-014    -3.8364142E-015    -4.8947859E-015
    -4.4615045E-010     1.0797803E-009    -4.4664264E-010     1.0870999E-015     2.2101635E-015     6.3133747E-015
    -4.4665930E-010    -4.4664264E-010     1.0802798E-009     1.2506423E-014    -4.1864072E-017     1.9295552E-015
    -1.1835512E-014     1.0870999E-015     1.2506423E-014     9.6235945E-010    -5.4390047E-015     2.4215839E-015
    -3.8364142E-015     2.2101635E-015    -4.1864072E-017    -5.4390047E-015     9.6235697E-010    -1.9087429E-015
    -4.8947859E-015     6.3133747E-015     1.9295552E-015     2.4215839E-015    -1.9087429E-015     9.6245795E-010

 The Engineering Constants (Approximated as Orthotropic)
 ----------------------------------------------------------
  E1  =     9.2610069E+008
  E2  =     9.2611432E+008
  E3  =     9.2568611E+008
  G12 =     1.0390064E+009
  G13 =     1.0391155E+009
  G23 =     1.0391128E+009
  nu12=     4.1318024E-001
  nu13=     4.1365148E-001
  nu23=     4.1364214E-001

 Time taken: 28.58 sec
