 OpenSG msg-shell equivalent 3D solid (cross-section SG), omega 0.04 (user)

 The Effective Cauchy Continuum Stiffness Matrix
 --------------------------------------------
     5.1834825E+009     2.4215866E+007     2.4215866E+007    -6.6200876E-004    -7.2248546E-003    -3.4860146E-003
     2.4215866E+007     4.6227752E+007     2.7153661E+007    -9.5521209E-005    -1.0341155E-002    -7.8163165E-003
     2.4215866E+007     2.7153661E+007     4.6227752E+007    -1.9120483E-003    -1.1544334E-002    -2.7480419E-003
    -6.6200876E-004    -9.5521209E-005    -1.9120483E-003     3.2000664E+006    -1.1541796E-003    -1.5432695E-004
    -7.2248546E-003    -1.0341155E-002    -1.1544334E-002    -1.1541796E-003     6.4755650E+008    -5.3532487E-004
    -3.4860146E-003    -7.8163165E-003    -2.7480419E-003    -1.5432695E-004    -5.3532487E-004     6.4755650E+008

 The Effective Cauchy Continuum Compliance Matrix
 --------------------------------------------
     1.9351717E-010    -6.3860668E-011    -6.3860668E-011    -2.9582494E-023     7.8985583E-025    -6.6838530E-026
    -6.3860668E-011     3.3048358E-008    -1.9378781E-008    -1.0605599E-017     1.8157749E-019     3.1632777E-019
    -6.3860668E-011    -1.9378781E-008     3.3048358E-008     1.9154820E-017     2.7898868E-019    -9.4007290E-020
    -2.9582494E-023    -1.0605599E-017     1.9154820E-017     3.1249352E-007     5.5697630E-019     7.4474076E-020
     7.8985583E-025     1.8157749E-019     2.7898868E-019     5.5697630E-019     1.5442668E-009     1.2766213E-021
    -6.6838530E-026     3.1632777E-019    -9.4007290E-020     7.4474076E-020     1.2766213E-021     1.5442668E-009

 The Engineering Constants (Approximated as Orthotropic)
 ----------------------------------------------------------
  E1  =     5.1675000E+009
  E2  =     3.0258689E+007
  E3  =     3.0258689E+007
  G12 =     6.4755650E+008
  G13 =     6.4755650E+008
  G23 =     3.2000664E+006
  nu12=     3.3000000E-001
  nu13=     3.3000000E-001
  nu23=     5.8637651E-001

 Time taken: 1.35 sec
