 OpenSG msg-solid plate model, omega 1, periodic

 The Effective Reissner-Mindlin Stiffness Matrix
 --------------------------------------------
     5.1731723E+008     3.4181190E+008    -3.9945141E+004    -6.3845806E+003     5.8529065E+002    -3.7864653E+003     0.0000000E+000     0.0000000E+000
     3.4181190E+008     5.1732482E+008    -3.5845521E+004    -1.0110487E+003    -2.1647108E+003    -1.3148196E+003     0.0000000E+000     0.0000000E+000
    -3.9945141E+004    -3.5845521E+004     4.4772931E+008     4.3914732E+002    -1.7383253E+003     3.9204488E+003     0.0000000E+000     0.0000000E+000
    -6.3845806E+003    -1.0110487E+003     4.3914731E+002     2.8817165E+007     2.5220210E+007    -2.1235218E+003     0.0000000E+000     0.0000000E+000
     5.8529065E+002    -2.1647108E+003    -1.7383253E+003     2.5220210E+007     2.8818584E+007    -2.8654362E+003     0.0000000E+000     0.0000000E+000
    -3.7864653E+003    -1.3148196E+003     3.9204488E+003    -2.1235218E+003    -2.8654362E+003     2.7480445E+007     0.0000000E+000     0.0000000E+000
     0.0000000E+000     0.0000000E+000     0.0000000E+000     0.0000000E+000     0.0000000E+000     0.0000000E+000     2.0260865E+008    -1.7802499E+004
     0.0000000E+000     0.0000000E+000     0.0000000E+000     0.0000000E+000     0.0000000E+000     0.0000000E+000    -1.7802499E+004     2.0260375E+008

 The Effective Reissner-Mindlin Compliance Matrix
 --------------------------------------------
     3.4308621E-009    -2.2668726E-009     1.2458362E-013     3.8043201E-012    -3.5692131E-012     3.6417440E-013     0.0000000E+000     0.0000000E+000
    -2.2668726E-009     3.4308117E-009     7.2443811E-014    -2.7668005E-012     2.7250640E-012    -1.4813760E-013     0.0000000E+000     0.0000000E+000
     1.2458362E-013     7.2443811E-014     2.2334924E-009    -6.4892526E-013     7.0259312E-013    -3.1859347E-013     0.0000000E+000     0.0000000E+000
     3.8043201E-012    -2.7668005E-012    -6.4892526E-013     1.4823545E-007    -1.2972633E-007    -2.0715822E-012     0.0000000E+000     0.0000000E+000
    -3.5692131E-012     2.7250640E-012     7.0259312E-013    -1.2972633E-007     1.4822815E-007     5.4310953E-012     0.0000000E+000     0.0000000E+000
     3.6417440E-013    -1.4813760E-013    -3.1859347E-013    -2.0715822E-012     5.4310953E-012     3.6389513E-008     0.0000000E+000     0.0000000E+000
     0.0000000E+000     0.0000000E+000     0.0000000E+000     0.0000000E+000     0.0000000E+000     0.0000000E+000     4.9356235E-009     4.3368613E-013
     0.0000000E+000     0.0000000E+000     0.0000000E+000     0.0000000E+000     0.0000000E+000     0.0000000E+000     4.3368613E-013     4.9357429E-009

 Time taken: 134.64 sec
