 OpenSG msg-solid plate model, omega 1, periodic

 The Effective Reissner-Mindlin Stiffness Matrix
 --------------------------------------------
     5.0163802E+008     3.3327025E+008     1.1098386E+003     6.9827853E+001     6.3686613E+001     1.1672017E+002     0.0000000E+000     0.0000000E+000
     3.3327025E+008     5.0163761E+008    -6.6125297E+000     2.6684800E+001    -3.5862679E+001    -1.2719137E+002     0.0000000E+000     0.0000000E+000
     1.1098386E+003    -6.6125893E+000     4.2015854E+008     5.3437647E+001    -8.3026652E+001     4.7502207E+000     0.0000000E+000     0.0000000E+000
     6.9827843E+001     2.6684811E+001     5.3437649E+001     2.7542104E+007     2.4619721E+007     4.3348495E+001     0.0000000E+000     0.0000000E+000
     6.3686616E+001    -3.5862671E+001    -8.3026657E+001     2.4619721E+007     2.7542088E+007     3.8537649E+000     0.0000000E+000     0.0000000E+000
     1.1672017E+002    -1.2719137E+002     4.7502240E+000     4.3348495E+001     3.8537634E+000     2.5569070E+007     0.0000000E+000     0.0000000E+000
     0.0000000E+000     0.0000000E+000     0.0000000E+000     0.0000000E+000     0.0000000E+000     0.0000000E+000     1.7447416E+008     3.8135403E+002
     0.0000000E+000     0.0000000E+000     0.0000000E+000     0.0000000E+000     0.0000000E+000     0.0000000E+000     3.8135403E+002     1.7447363E+008

 The Effective Reissner-Mindlin Compliance Matrix
 --------------------------------------------
     3.5685600E-009    -2.3708248E-009    -9.4635838E-015     1.6846527E-014    -2.6397820E-014    -2.8083618E-014     0.0000000E+000     0.0000000E+000
    -2.3708248E-009     3.5685629E-009     6.3186502E-015    -3.2350019E-014     3.9046309E-014     2.8574161E-014     0.0000000E+000     0.0000000E+000
    -9.4635844E-015     6.3186508E-015     2.3800540E-009    -5.4894923E-014     5.6245061E-014    -4.4200711E-016     0.0000000E+000     0.0000000E+000
     1.6846537E-014    -3.2350028E-014    -5.4894926E-014     1.8067921E-007    -1.6150815E-007    -2.8197206E-013     0.0000000E+000     0.0000000E+000
    -2.6397830E-014     3.9046316E-014     5.6245064E-014    -1.6150815E-007     1.8067932E-007     2.4658103E-013     0.0000000E+000     0.0000000E+000
    -2.8083617E-014     2.8574160E-014    -4.4200742E-016    -2.8197208E-013     2.4658104E-013     3.9109753E-008     0.0000000E+000     0.0000000E+000
     0.0000000E+000     0.0000000E+000     0.0000000E+000     0.0000000E+000     0.0000000E+000     0.0000000E+000     5.7315076E-009    -1.2527586E-014
     0.0000000E+000     0.0000000E+000     0.0000000E+000     0.0000000E+000     0.0000000E+000     0.0000000E+000    -1.2527586E-014     5.7315251E-009

 Time taken: 70.50 sec
