 OpenSG msg-solid plate model, omega 1, periodic

 The Effective Reissner-Mindlin Stiffness Matrix
 --------------------------------------------
     5.6332386E+008     3.5952384E+008     5.9185126E+004     8.1758182E+003    -6.3996932E+003     6.6652123E+003     0.0000000E+000     0.0000000E+000
     3.5952384E+008     5.6344232E+008     9.2372976E+003    -1.1028231E+004     3.3011391E+004    -8.2062236E+003     0.0000000E+000     0.0000000E+000
     5.9185126E+004     9.2372976E+003     5.2108448E+008    -9.7970644E+002    -1.1340458E+004     5.3658106E+003     0.0000000E+000     0.0000000E+000
     8.1758182E+003    -1.1028231E+004    -9.7970644E+002     3.2769758E+007     2.6220120E+007     1.8188133E+003     0.0000000E+000     0.0000000E+000
    -6.3996932E+003     3.3011391E+004    -1.1340458E+004     2.6220120E+007     3.2774484E+007    -2.4357226E+002     0.0000000E+000     0.0000000E+000
     6.6652123E+003    -8.2062236E+003     5.3658106E+003     1.8188133E+003    -2.4357226E+002     3.2917317E+007     0.0000000E+000     0.0000000E+000
     0.0000000E+000     0.0000000E+000     0.0000000E+000     0.0000000E+000     0.0000000E+000     0.0000000E+000     2.8769660E+008     2.1416995E+004
     0.0000000E+000     0.0000000E+000     0.0000000E+000     0.0000000E+000     0.0000000E+000     0.0000000E+000     2.1416995E+004     2.8775052E+008

 The Effective Reissner-Mindlin Compliance Matrix
 --------------------------------------------
     2.9947553E-009    -1.9109079E-009    -3.0605914E-013    -9.4421065E-012     1.0063215E-011    -1.0821280E-012     0.0000000E+000     0.0000000E+000
    -1.9109079E-009     2.9941263E-009     1.6369865E-013     1.1658968E-011    -1.2716200E-011     1.1325922E-012     0.0000000E+000     0.0000000E+000
    -3.0605914E-013     1.6369865E-013     1.9190747E-009    -1.3160041E-012     1.7166260E-012    -3.1263777E-013     0.0000000E+000     0.0000000E+000
    -9.4421065E-012     1.1658968E-011    -1.3160041E-012     8.4794425E-008    -6.7836933E-008    -5.1821585E-012     0.0000000E+000     0.0000000E+000
     1.0063215E-011    -1.2716200E-011     1.7166260E-012    -6.7836933E-008     8.4782206E-008     4.3701215E-012     0.0000000E+000     0.0000000E+000
    -1.0821280E-012     1.1325922E-012    -3.1263777E-013    -5.1821585E-012     4.3701215E-012     3.0379148E-008     0.0000000E+000     0.0000000E+000
     0.0000000E+000     0.0000000E+000     0.0000000E+000     0.0000000E+000     0.0000000E+000     0.0000000E+000     3.4758840E-009    -2.5870670E-013
     0.0000000E+000     0.0000000E+000     0.0000000E+000     0.0000000E+000     0.0000000E+000     0.0000000E+000    -2.5870670E-013     3.4752327E-009

 Time taken: 15.69 sec
