 OpenSG msg-solid plate model, omega 1, periodic

 The Effective Reissner-Mindlin Stiffness Matrix
 --------------------------------------------
     5.7777959E+008     3.6297039E+008    -3.0870629E+004    -6.5860774E+003    -2.7385947E+004     1.0736830E+005     0.0000000E+000     0.0000000E+000
     3.6297039E+008     5.7775983E+008     3.6051423E+004    -3.2339718E+004     1.4709204E+004     4.1235675E+004     0.0000000E+000     0.0000000E+000
    -3.0870629E+004     3.6051423E+004     5.3260476E+008     8.2934331E+004     3.4552064E+004     3.8389033E+004     0.0000000E+000     0.0000000E+000
    -6.5860774E+003    -3.2339718E+004     8.2934331E+004     3.4085877E+007     2.6174063E+007     5.8984200E+003     0.0000000E+000     0.0000000E+000
    -2.7385947E+004     1.4709204E+004     3.4552064E+004     2.6174063E+007     3.4088705E+007    -9.0613377E+003     0.0000000E+000     0.0000000E+000
     1.0736830E+005     4.1235675E+004     3.8389033E+004     5.8984200E+003    -9.0613377E+003     3.3968288E+007     0.0000000E+000     0.0000000E+000
     0.0000000E+000     0.0000000E+000     0.0000000E+000     0.0000000E+000     0.0000000E+000     0.0000000E+000     3.0828318E+008     1.1731952E+005
     0.0000000E+000     0.0000000E+000     0.0000000E+000     0.0000000E+000     0.0000000E+000     0.0000000E+000     1.1731952E+005     3.0831785E+008

 The Effective Reissner-Mindlin Compliance Matrix
 --------------------------------------------
     2.8592047E-009    -1.7962598E-009     2.8851115E-013    -8.5494403E-012     9.6344259E-012    -6.8531949E-012     0.0000000E+000     0.0000000E+000
    -1.7962598E-009     2.8593015E-009    -2.9878299E-013     1.0772240E-011    -1.0947126E-011     2.2021972E-012     0.0000000E+000     0.0000000E+000
     2.8851115E-013    -2.9878299E-013     1.8775660E-009    -7.5698213E-012     3.9089864E-012    -2.1201106E-012     0.0000000E+000     0.0000000E+000
    -8.5494403E-012     1.0772240E-011    -7.5698213E-012     7.1485596E-008    -5.4888236E-008    -2.7032524E-011     0.0000000E+000     0.0000000E+000
     9.6344259E-012    -1.0947126E-011     3.9089864E-012    -5.4888236E-008     7.1479651E-008     2.8577302E-011     0.0000000E+000     0.0000000E+000
    -6.8531949E-012     2.2021972E-012    -2.1201106E-012    -2.7032524E-011     2.8577302E-011     2.9439257E-008     0.0000000E+000     0.0000000E+000
     0.0000000E+000     0.0000000E+000     0.0000000E+000     0.0000000E+000     0.0000000E+000     0.0000000E+000     3.2437714E-009    -1.2343032E-012
     0.0000000E+000     0.0000000E+000     0.0000000E+000     0.0000000E+000     0.0000000E+000     0.0000000E+000    -1.2343032E-012     3.2434066E-009

 Time taken: 8.27 sec
