 OpenSG msg-solid plate model, omega 1, periodic

 The Effective Reissner-Mindlin Stiffness Matrix
 --------------------------------------------
     5.0145741E+008     3.3315644E+008     1.3457734E+002    -4.3367583E+001     3.2172240E+001     7.9941237E+001     0.0000000E+000     0.0000000E+000
     3.3315644E+008     5.0145737E+008     7.7612377E+001     2.6476437E+001     1.1916719E+002     3.6478011E+001     0.0000000E+000     0.0000000E+000
     1.3317547E+002     7.6978610E+001     4.1993228E+008     9.5333018E+001     1.4057023E+001     3.3767906E+001     0.0000000E+000     0.0000000E+000
    -4.3256557E+001     2.6707652E+001     9.5539499E+001     2.7528393E+007     2.4611401E+007     4.7086495E+000     0.0000000E+000     0.0000000E+000
     3.2287579E+001     1.1929558E+002     1.4049344E+001     2.4611401E+007     2.7528370E+007     2.7922012E+000     0.0000000E+000     0.0000000E+000
     7.9920007E+001     3.6614209E+001     3.3631544E+001     4.7316402E+000     2.7948342E+000     2.5553780E+007     0.0000000E+000     0.0000000E+000
     0.0000000E+000     0.0000000E+000     0.0000000E+000     0.0000000E+000     0.0000000E+000     0.0000000E+000     1.7417036E+008    -2.0531810E+001
     0.0000000E+000     0.0000000E+000     0.0000000E+000     0.0000000E+000     0.0000000E+000     0.0000000E+000    -2.0531810E+001     1.7417095E+008

 The Effective Reissner-Mindlin Compliance Matrix
 --------------------------------------------
     3.5699477E-009    -2.3717890E-009    -7.0572032E-016     1.2237280E-014    -4.8455600E-015    -7.7823288E-015     0.0000000E+000     0.0000000E+000
    -2.3717890E-009     3.5699480E-009     1.0029065E-016     2.0768554E-014    -3.1249875E-014     2.3236925E-015     0.0000000E+000     0.0000000E+000
    -6.9738220E-016     9.7760681E-017     2.3813363E-009    -3.5673684E-014     3.0677620E-014    -3.1467990E-015     0.0000000E+000     0.0000000E+000
     1.2282152E-014     2.0696718E-014    -3.5765641E-014     1.8099965E-007    -1.6182052E-007    -1.5670051E-014     0.0000000E+000     0.0000000E+000
    -4.8895728E-015    -3.1192363E-014     3.0760497E-014    -1.6182052E-007     1.8099981E-007     1.0040343E-014     0.0000000E+000     0.0000000E+000
    -7.7667216E-015     2.3026948E-015    -3.1340915E-015    -1.5816222E-014     1.0167283E-014     3.9133154E-008     0.0000000E+000     0.0000000E+000
     0.0000000E+000     0.0000000E+000     0.0000000E+000     0.0000000E+000     0.0000000E+000     0.0000000E+000     5.7415052E-009     6.7682638E-016
     0.0000000E+000     0.0000000E+000     0.0000000E+000     0.0000000E+000     0.0000000E+000     0.0000000E+000     6.7682638E-016     5.7414855E-009

 Time taken: 1730.32 sec
