 OpenSG msg-solid plate model, omega 1, periodic

 The Effective Reissner-Mindlin Stiffness Matrix
 --------------------------------------------
     5.2456910E+008     3.4466713E+008     5.3747804E+004     1.1540321E+004     6.5419212E+002     2.1514683E+003     0.0000000E+000     0.0000000E+000
     3.4466713E+008     5.2459475E+008     2.1187631E+004     6.1745476E+003     1.0616324E+004    -3.2511331E+003     0.0000000E+000     0.0000000E+000
     5.3747804E+004     2.1187632E+004     4.6002030E+008     4.6175091E+001    -5.3455640E+002    -2.7838680E+003     0.0000000E+000     0.0000000E+000
     1.1540321E+004     6.1745476E+003     4.6175091E+001     2.9482723E+007     2.5355215E+007     6.6046234E+003     0.0000000E+000     0.0000000E+000
     6.5419212E+002     1.0616324E+004    -5.3455640E+002     2.5355215E+007     2.9483307E+007     2.3750175E+003     0.0000000E+000     0.0000000E+000
     2.1514683E+003    -3.2511331E+003    -2.7838680E+003     6.6046234E+003     2.3750175E+003     2.8390195E+007     0.0000000E+000     0.0000000E+000
     0.0000000E+000     0.0000000E+000     0.0000000E+000     0.0000000E+000     0.0000000E+000     0.0000000E+000     2.2045879E+008    -4.8166966E+004
     0.0000000E+000     0.0000000E+000     0.0000000E+000     0.0000000E+000     0.0000000E+000     0.0000000E+000    -4.8166966E+004     2.2044305E+008

 The Effective Reissner-Mindlin Compliance Matrix
 --------------------------------------------
     3.3543848E-009    -2.2038844E-009    -2.9040869E-013    -5.6442430E-012     5.5731463E-012    -5.0576408E-013     0.0000000E+000     0.0000000E+000
    -2.2038844E-009     3.3542206E-009     1.0300550E-013     4.4419992E-012    -4.9789811E-012     5.5052033E-013     0.0000000E+000     0.0000000E+000
    -2.9040869E-013     1.0300550E-013     2.1738171E-009    -1.4290697E-013     1.6226317E-013     2.1321228E-013     0.0000000E+000     0.0000000E+000
    -5.6442430E-012     4.4419992E-012    -1.4290697E-013     1.3024894E-007    -1.1201219E-007    -2.0929341E-011     0.0000000E+000     0.0000000E+000
     5.5731463E-012    -4.9789811E-012     1.6226317E-013    -1.1201219E-007     1.3024636E-007     1.5161335E-011     0.0000000E+000     0.0000000E+000
    -5.0576408E-013     5.5052033E-013     2.1321228E-013    -2.0929341E-011     1.5161335E-011     3.5223432E-008     0.0000000E+000     0.0000000E+000
     0.0000000E+000     0.0000000E+000     0.0000000E+000     0.0000000E+000     0.0000000E+000     0.0000000E+000     4.5359954E-009     9.9111826E-013
     0.0000000E+000     0.0000000E+000     0.0000000E+000     0.0000000E+000     0.0000000E+000     0.0000000E+000     9.9111826E-013     4.5363191E-009

 Time taken: 64.68 sec
