 OpenSG msg-solid 3D elastic model, omega 0.12, periodic

 The Effective Cauchy Continuum Stiffness Matrix
 --------------------------------------------
     1.4295290E+011     1.5881777E+009     1.5881597E+009     1.5246646E+003     0.0000000E+000     0.0000000E+000
     1.5881777E+009     5.1392768E+009     1.5464870E+008     9.4416355E+003     0.0000000E+000     0.0000000E+000
     1.5881597E+009     1.5464870E+008     5.1392170E+009    -4.3594201E+003     0.0000000E+000     0.0000000E+000
     1.5246646E+003     9.4416355E+003    -4.3594201E+003     9.6459156E+006     0.0000000E+000     0.0000000E+000
     0.0000000E+000     0.0000000E+000     0.0000000E+000     0.0000000E+000     3.1448396E+009     5.4054696E+003
     0.0000000E+000     0.0000000E+000     0.0000000E+000     0.0000000E+000     5.4054696E+003     3.1448339E+009

 The Effective Cauchy Continuum Compliance Matrix
 --------------------------------------------
     7.0422535E-012    -2.1126761E-012    -2.1126761E-012     1.0992408E-025     0.0000000E+000     0.0000000E+000
    -2.1126761E-012     1.9539006E-010    -5.2267793E-012    -1.9328039E-013     0.0000000E+000     0.0000000E+000
    -2.1126761E-012    -5.2267793E-012     1.9539233E-010     9.3756543E-014     0.0000000E+000     0.0000000E+000
    -2.7913434E-027    -1.9328039E-013     9.3756543E-014     1.0367082E-007     0.0000000E+000     0.0000000E+000
     0.0000000E+000     0.0000000E+000     0.0000000E+000     0.0000000E+000     3.1798124E-010    -5.4655920E-016
     0.0000000E+000     0.0000000E+000     0.0000000E+000     0.0000000E+000    -5.4655920E-016     3.1798182E-010

 The Engineering Constants (Approximated as Orthotropic)
 ----------------------------------------------------------
  E1  =     1.4200000E+011
  E2  =     5.1179676E+009
  E3  =     5.1179082E+009
  G12 =     3.1448339E+009
  G13 =     3.1448396E+009
  G23 =     9.6459156E+006
  nu12=     3.0000000E-001
  nu13=     3.0000000E-001
  nu23=     2.6750487E-002

 Time taken: 0.96 sec
