# equivalent 3-D solid properties -- OpenSG NEW architecture (opensg_solid.sg_homo, n_model=3)
# source: square_tube_2Dsolid.yaml ; orientations=False
# order [e11 e22 e33 2e23 2e13 2e12]; omega=0.12; solve 4.1 s
# ---- C_eff (6x6, Pa) ----
  1.42952901e+11   1.58817766e+09   1.58815972e+09   1.52466463e+03   0.00000000e+00   0.00000000e+00
  1.58817766e+09   5.13927684e+09   1.54648702e+08   9.44163552e+03   0.00000000e+00   0.00000000e+00
  1.58815972e+09   1.54648702e+08   5.13921704e+09  -4.35942007e+03   0.00000000e+00   0.00000000e+00
  1.52466463e+03   9.44163552e+03  -4.35942007e+03   9.64591558e+06   0.00000000e+00   0.00000000e+00
  0.00000000e+00   0.00000000e+00   0.00000000e+00   0.00000000e+00   3.14483963e+09   5.40546956e+03
  0.00000000e+00   0.00000000e+00   0.00000000e+00   0.00000000e+00   5.40546956e+03   3.14483389e+09
# ---- 9 effective constants ----
E1      1.42000000e+11
E2      5.11796756e+09
E3      5.11790821e+09
G23     9.64591556e+06
G13     3.14483963e+09
G12     3.14483389e+09
nu12    3.00000000e-01
nu13    3.00000000e-01
nu23    2.67504869e-02
