# equivalent 3-D solid properties, OLD JAX_BICGoptimize single script (n_model=3)
# source: square_tube.sc (square tube, midline a=1.0, t=0.03, m45 ply, angles=0)
# order [e11 e22 e33 2e23 2e13 2e12]
# ---- C_eff (6x6, Pa) ----
  1.42952929e+11   1.58820358e+09   1.58818649e+09   2.82932370e+04   0.00000000e+00   0.00000000e+00
  1.58820358e+09   5.13927778e+09   1.54668948e+08  -1.72633972e+04   0.00000000e+00   0.00000000e+00
  1.58818649e+09   1.54668948e+08   5.13921827e+09  -4.67211728e+04   0.00000000e+00   0.00000000e+00
  2.82932370e+04  -1.72633972e+04  -4.67211728e+04   9.64624507e+06   0.00000000e+00   0.00000000e+00
  0.00000000e+00   0.00000000e+00   0.00000000e+00   0.00000000e+00   3.14483951e+09  -1.88027788e+03
  0.00000000e+00   0.00000000e+00   0.00000000e+00   0.00000000e+00  -1.88027788e+03   3.14483378e+09
# ---- 9 effective constants ----
E1      1.42000000e+11
E2      5.11796686e+09
E3      5.11790757e+09
G23     9.64624458e+06
G13     3.14483951e+09
G12     3.14483378e+09
nu12    3.00003705e-01
nu13    3.00003888e-01
nu23    2.67543067e-02
