
HOMOGENIZATION -- RM 8x8 ABDG [[A,B,0],[B,D,0],[0,0,G]] (rows 1-6: e11,e22,g12,k11,k22,k12; rows 7-8: 2g13,2g23):
[[ 1.7043e+09  2.5063e+07  5.0643e-10 -2.8292e-09 -9.6013e-12 -2.0413e-27  0.0000e+00  0.0000e+00]
 [ 2.5063e+07  9.0226e+08  4.8602e-08  1.0681e-10 -3.8933e-09 -2.0246e-25  0.0000e+00  0.0000e+00]
 [ 5.0643e-10  4.8602e-08  5.0000e+07 -1.0486e-27 -2.0185e-25 -4.5901e-10  0.0000e+00  0.0000e+00]
 [-2.7856e-09  1.9503e-11 -1.3759e-27  2.0143e+06  2.0886e+04  4.6892e-14  0.0000e+00  0.0000e+00]
 [ 1.9503e-11 -3.9151e-09 -2.0175e-25  2.0886e+04  1.5780e+05  4.5002e-12  0.0000e+00  0.0000e+00]
 [-1.9068e-27 -2.0228e-25 -4.5901e-10  4.6892e-14  4.5002e-12  4.1667e+04  0.0000e+00  0.0000e+00]
 [ 0.0000e+00  0.0000e+00  0.0000e+00  0.0000e+00  0.0000e+00  0.0000e+00  2.3337e+07 -1.0602e-06]
 [ 0.0000e+00  0.0000e+00  0.0000e+00  0.0000e+00  0.0000e+00  0.0000e+00 -1.0602e-06  2.5289e+07]]

PLATE COMPLIANCE -- inv(ABDG) (rows 1-6: N11,N22,N12,M11,M22,M12; rows 7-8: Q1,Q2):
[[ 5.8700e-10 -1.6306e-11  9.9043e-27  8.3029e-25 -4.7647e-25  1.0916e-40  0.0000e+00  0.0000e+00]
 [-1.6306e-11  1.1088e-09 -1.0776e-24 -3.6583e-25  2.7403e-23 -9.4439e-39  0.0000e+00  0.0000e+00]
 [ 9.9043e-27 -1.0776e-24  2.0000e-08  1.5210e-40 -7.3067e-39  2.2033e-22  0.0000e+00  0.0000e+00]
 [ 8.1799e-25 -3.1898e-25  1.1006e-40  4.9713e-07 -6.5797e-08  6.5469e-24  0.0000e+00  0.0000e+00]
 [-5.8536e-25  2.7553e-23 -7.4649e-39 -6.5797e-08  6.3458e-06 -6.8530e-22  0.0000e+00  0.0000e+00]
 [ 1.1912e-40 -9.4650e-39  2.2033e-22  6.5469e-24 -6.8530e-22  2.4000e-05  0.0000e+00  0.0000e+00]
 [ 0.0000e+00  0.0000e+00  0.0000e+00  0.0000e+00  0.0000e+00  0.0000e+00  4.2850e-08  1.7964e-21]
 [ 0.0000e+00  0.0000e+00  0.0000e+00  0.0000e+00  0.0000e+00  0.0000e+00  1.7964e-21  3.9543e-08]]

DEHOMOGENIZATION -- computed using the second-order warping function
  given FF = [   0.        0.        0.     1012.92     10.5026    0.        0.        0.    ]
  u2d    = [0.0000e+00 0.0000e+00 9.4369e-05]   (global plate displacement added to the warping)
  wrote examples/garg/caseA/Abaqus_Plate/dehom_mid.SM  (15 Gauss points)
  wrote examples/garg/caseA/Abaqus_Plate/dehom_mid.EM  (15 Gauss points)
  wrote examples/garg/caseA/Abaqus_Plate/dehom_mid.U  (15 Gauss points)
  wrote examples/garg/caseA/Abaqus_Plate/dehom_mid.out  (this report)
