********************************************************************************
Field Output Report, written Thu Jul 30 17:44:01 2026

Source 1
---------

   ODB: C:/Temp/PlateRM/garg_caseA_S10.odb
   Step: SINELOAD
   Frame: Increment      1: Step Time =    1.000

Loc 1 : Nodal values from source 1

Output sorted by column "Node Label".

Field Output reported at nodes for part: PART-1-1

      Node Label     U.Magnitude            U.U1            U.U2            U.U3    UR.Magnitude          UR.UR1          UR.UR2          UR.UR3
                          @Loc 1          @Loc 1          @Loc 1          @Loc 1          @Loc 1          @Loc 1          @Loc 1          @Loc 1
-------------------------------------------------------------------------------------------------------------------------------------------------
               1              0.             -0.              0.     15.9122E-36     160.094E-06    -824.943E-42    -160.094E-06              0.
               2              0.             -0.             -0.     15.9122E-36     160.094E-06     824.943E-42    -160.094E-06             -0.
               3     2.96422E-06     131.141E-27              0.     2.96422E-06     160.015E-06    -3.29896E-39    -160.015E-06             -0.
               4     2.96422E-06     131.141E-27             -0.     2.96422E-06     160.015E-06     3.29896E-39    -160.015E-06             -0.
               5     5.92551E-06     524.433E-27              0.     5.92551E-06     159.778E-06    -6.59466E-39    -159.778E-06             -0.
               6     5.92551E-06     524.433E-27             -0.     5.92551E-06     159.778E-06     6.59466E-39    -159.778E-06             -0.
               7     8.88095E-06     1.17949E-24              0.     8.88095E-06     159.383E-06    -9.88385E-39    -159.383E-06             -0.
               8     8.88095E-06     1.17949E-24             -0.     8.88095E-06     159.383E-06     9.88385E-39    -159.383E-06             -0.
               9     11.8276E-06     2.09566E-24              0.     11.8276E-06     158.831E-06    -13.1633E-39    -158.831E-06             -0.
              10     11.8276E-06     2.09566E-24             -0.     11.8276E-06     158.831E-06     13.1633E-39    -158.831E-06             -0.
              11     14.7626E-06     3.27205E-24              0.     14.7626E-06     158.122E-06    -16.4297E-39    -158.122E-06             -0.
              12     14.7626E-06     3.27205E-24             -0.     14.7626E-06     158.122E-06     16.4297E-39    -158.122E-06             -0.
              13     17.6831E-06     4.70749E-24              0.     17.6831E-06     157.258E-06    -19.6800E-39    -157.258E-06             -0.
              14     17.6831E-06     4.70749E-24             -0.     17.6831E-06     157.258E-06     19.6800E-39    -157.258E-06             -0.
              15     20.5861E-06     6.40056E-24              0.     20.5861E-06     156.238E-06    -22.9108E-39    -156.238E-06             -0.
              16     20.5861E-06     6.40056E-24             -0.     20.5861E-06     156.238E-06     22.9108E-39    -156.238E-06             -0.
              17     23.4687E-06     8.34960E-24              0.     23.4687E-06     155.064E-06    -26.1190E-39    -155.064E-06             -0.
              18     23.4687E-06     8.34960E-24             -0.     23.4687E-06     155.064E-06     26.1190E-39    -155.064E-06             -0.
              19     26.3282E-06     10.5527E-24              0.     26.3282E-06     153.737E-06    -29.3014E-39    -153.737E-06             -0.
              20     26.3282E-06     10.5527E-24             -0.     26.3282E-06     153.737E-06     29.3014E-39    -153.737E-06             -0.
              21     29.1618E-06     13.0076E-24              0.     29.1618E-06     152.258E-06    -32.4549E-39    -152.258E-06             -0.
              22     29.1618E-06     13.0076E-24             -0.     29.1618E-06     152.258E-06     32.4549E-39    -152.258E-06             -0.
              23     31.9665E-06     15.7120E-24              0.     31.9665E-06     150.629E-06    -35.5764E-39    -150.629E-06             -0.
              24     31.9665E-06     15.7120E-24             -0.     31.9665E-06     150.629E-06     35.5764E-39    -150.629E-06             -0.
              25     34.7397E-06     18.6632E-24              0.     34.7397E-06     148.851E-06    -38.6628E-39    -148.851E-06             -0.
              26     34.7397E-06     18.6632E-24             -0.     34.7397E-06     148.851E-06     38.6628E-39    -148.851E-06             -0.
              27     37.4786E-06     21.8582E-24              0.     37.4786E-06     146.927E-06    -41.7110E-39    -146.927E-06             -0.
              28     37.4786E-06     21.8582E-24             -0.     37.4786E-06     146.927E-06     41.7110E-39    -146.927E-06             -0.
              29     40.1806E-06     25.2940E-24              0.     40.1806E-06     144.857E-06    -44.7180E-39    -144.857E-06             -0.
              30     40.1806E-06     25.2940E-24             -0.     40.1806E-06     144.857E-06     44.7180E-39    -144.857E-06             -0.
              31     42.8428E-06     28.9670E-24              0.     42.8428E-06     142.644E-06    -47.6809E-39    -142.644E-06             -0.
              32     42.8428E-06     28.9670E-24             -0.     42.8428E-06     142.644E-06     47.6809E-39    -142.644E-06             -0.
              33     45.4628E-06     32.8738E-24              0.     45.4628E-06     140.291E-06    -50.5968E-39    -140.291E-06             -0.
              34     45.4628E-06     32.8738E-24             -0.     45.4628E-06     140.291E-06     50.5968E-39    -140.291E-06             -0.
              35     48.0380E-06     37.0104E-24              0.     48.0380E-06     137.799E-06    -53.4627E-39    -137.799E-06             -0.
              36     48.0380E-06     37.0104E-24             -0.     48.0380E-06     137.799E-06     53.4627E-39    -137.799E-06             -0.
              37     50.5657E-06     41.3727E-24              0.     50.5657E-06     135.171E-06    -56.2759E-39    -135.171E-06             -0.
              38     50.5657E-06     41.3727E-24             -0.     50.5657E-06     135.171E-06     56.2759E-39    -135.171E-06             -0.
              39     53.0435E-06     45.9565E-24              0.     53.0435E-06     132.410E-06    -59.0335E-39    -132.410E-06             -0.
              40     53.0435E-06     45.9565E-24             -0.     53.0435E-06     132.410E-06     59.0335E-39    -132.410E-06             -0.
              41     55.4690E-06     50.7573E-24              0.     55.4690E-06     129.518E-06    -61.7329E-39    -129.518E-06             -0.
              42     55.4690E-06     50.7573E-24             -0.     55.4690E-06     129.518E-06     61.7329E-39    -129.518E-06             -0.
              43     57.8397E-06     55.7702E-24              0.     57.8397E-06     126.499E-06    -64.3714E-39    -126.499E-06             -0.
              44     57.8397E-06     55.7702E-24             -0.     57.8397E-06     126.499E-06     64.3714E-39    -126.499E-06             -0.
              45     60.1534E-06     60.9903E-24              0.     60.1534E-06     123.354E-06    -66.9463E-39    -123.354E-06             -0.
              46     60.1534E-06     60.9903E-24             -0.     60.1534E-06     123.354E-06     66.9463E-39    -123.354E-06             -0.
              47     62.4076E-06     66.4126E-24              0.     62.4076E-06     120.088E-06    -69.4551E-39    -120.088E-06             -0.
              48     62.4076E-06     66.4126E-24             -0.     62.4076E-06     120.088E-06     69.4551E-39    -120.088E-06             -0.
              49     64.6003E-06     72.0316E-24              0.     64.6003E-06     116.703E-06    -71.8955E-39    -116.703E-06             -0.
              50     64.6003E-06     72.0316E-24             -0.     64.6003E-06     116.703E-06     71.8955E-39    -116.703E-06             -0.
              51     66.7293E-06     77.8418E-24              0.     66.7293E-06     113.203E-06    -74.2648E-39    -113.203E-06             -0.
              52     66.7293E-06     77.8418E-24             -0.     66.7293E-06     113.203E-06     74.2648E-39    -113.203E-06             -0.
              53     68.7924E-06     83.8374E-24              0.     68.7924E-06     109.592E-06    -76.5609E-39    -109.592E-06             -0.
              54     68.7924E-06     83.8374E-24             -0.     68.7924E-06     109.592E-06     76.5609E-39    -109.592E-06             -0.
              55     70.7876E-06     90.0126E-24              0.     70.7876E-06     105.872E-06    -78.7814E-39    -105.872E-06             -0.
              56     70.7876E-06     90.0126E-24             -0.     70.7876E-06     105.872E-06     78.7814E-39    -105.872E-06             -0.
              57     72.7129E-06     96.3613E-24              0.     72.7129E-06     102.047E-06    -80.9242E-39    -102.047E-06             -0.
              58     72.7129E-06     96.3613E-24             -0.     72.7129E-06     102.047E-06     80.9242E-39    -102.047E-06             -0.
              59     74.5665E-06     102.877E-24              0.     74.5665E-06     98.1224E-06    -82.9871E-39    -98.1224E-06             -0.
              60     74.5665E-06     102.877E-24             -0.     74.5665E-06     98.1224E-06     82.9871E-39    -98.1224E-06             -0.
              61     76.3465E-06     109.554E-24              0.     76.3465E-06     94.1006E-06    -84.9681E-39    -94.1006E-06             -0.
              62     76.3465E-06     109.554E-24             -0.     76.3465E-06     94.1006E-06     84.9681E-39    -94.1006E-06             -0.
              63     78.0511E-06     116.384E-24              0.     78.0511E-06     89.9859E-06    -86.8652E-39    -89.9859E-06             -0.
              64     78.0511E-06     116.384E-24             -0.     78.0511E-06     89.9859E-06     86.8652E-39    -89.9859E-06             -0.
              65     79.6788E-06     123.363E-24              0.     79.6788E-06     85.7824E-06    -88.6766E-39    -85.7824E-06             -0.
              66     79.6788E-06     123.363E-24             -0.     79.6788E-06     85.7824E-06     88.6766E-39    -85.7824E-06             -0.
              67     81.2278E-06     130.481E-24              0.     81.2278E-06     81.4942E-06    -90.4005E-39    -81.4942E-06             -0.
              68     81.2278E-06     130.481E-24             -0.     81.2278E-06     81.4942E-06     90.4005E-39    -81.4942E-06             -0.
              69     82.6966E-06     137.734E-24              0.     82.6966E-06     77.1256E-06    -92.0352E-39    -77.1256E-06             -0.
              70     82.6966E-06     137.734E-24             -0.     82.6966E-06     77.1256E-06     92.0352E-39    -77.1256E-06             -0.
              71     84.0838E-06     145.112E-24              0.     84.0838E-06     72.6809E-06    -93.5791E-39    -72.6809E-06             -0.
              72     84.0838E-06     145.112E-24             -0.     84.0838E-06     72.6809E-06     93.5791E-39    -72.6809E-06             -0.
              73     85.3880E-06     152.610E-24              0.     85.3880E-06     68.1645E-06    -95.0306E-39    -68.1645E-06             -0.
              74     85.3880E-06     152.610E-24             -0.     85.3880E-06     68.1645E-06     95.0306E-39    -68.1645E-06             -0.
              75     86.6080E-06     160.219E-24              0.     86.6080E-06     63.5808E-06    -96.3884E-39    -63.5808E-06             -0.
              76     86.6080E-06     160.219E-24             -0.     86.6080E-06     63.5808E-06     96.3884E-39    -63.5808E-06             -0.
              77     87.7425E-06     167.933E-24              0.     87.7425E-06     58.9344E-06    -97.6510E-39    -58.9344E-06             -0.
              78     87.7425E-06     167.933E-24             -0.     87.7425E-06     58.9344E-06     97.6510E-39    -58.9344E-06             -0.
              79     88.7904E-06     175.743E-24              0.     88.7904E-06     54.2297E-06    -98.8172E-39    -54.2297E-06             -0.
              80     88.7904E-06     175.743E-24             -0.     88.7904E-06     54.2297E-06     98.8172E-39    -54.2297E-06             -0.
              81     89.7507E-06     183.641E-24              0.     89.7507E-06     49.4716E-06    -99.8859E-39    -49.4716E-06             -0.
              82     89.7507E-06     183.641E-24             -0.     89.7507E-06     49.4716E-06     99.8859E-39    -49.4716E-06             -0.
              83     90.6224E-06     191.621E-24              0.     90.6224E-06     44.6647E-06    -100.856E-39    -44.6647E-06             -0.
              84     90.6224E-06     191.621E-24             -0.     90.6224E-06     44.6647E-06     100.856E-39    -44.6647E-06             -0.
              85     91.4047E-06     199.675E-24              0.     91.4047E-06     39.8136E-06    -101.727E-39    -39.8136E-06             -0.
              86     91.4047E-06     199.675E-24             -0.     91.4047E-06     39.8136E-06     101.727E-39    -39.8136E-06             -0.
              87     92.0967E-06     207.793E-24              0.     92.0967E-06     34.9233E-06    -102.497E-39    -34.9233E-06             -0.
              88     92.0967E-06     207.793E-24             -0.     92.0967E-06     34.9233E-06     102.497E-39    -34.9233E-06             -0.
              89     92.6979E-06     215.968E-24              0.     92.6979E-06     29.9985E-06    -103.166E-39    -29.9985E-06             -0.
              90     92.6979E-06     215.968E-24             -0.     92.6979E-06     29.9985E-06     103.166E-39    -29.9985E-06             -0.
              91     93.2076E-06     224.193E-24              0.     93.2076E-06     25.0441E-06    -103.733E-39    -25.0441E-06             -0.
              92     93.2076E-06     224.193E-24             -0.     93.2076E-06     25.0441E-06     103.733E-39    -25.0441E-06             -0.
              93     93.6253E-06     232.459E-24              0.     93.6253E-06     20.0650E-06    -104.198E-39    -20.0650E-06             -0.
              94     93.6253E-06     232.459E-24             -0.     93.6253E-06     20.0650E-06     104.198E-39    -20.0650E-06             -0.
              95     93.9506E-06     240.757E-24              0.     93.9506E-06     15.0661E-06    -104.560E-39    -15.0661E-06             -0.
              96     93.9506E-06     240.757E-24             -0.     93.9506E-06     15.0661E-06     104.560E-39    -15.0661E-06             -0.
              97     94.1832E-06     249.081E-24              0.     94.1832E-06     10.0524E-06    -104.819E-39    -10.0524E-06             -0.
              98     94.1832E-06     249.081E-24             -0.     94.1832E-06     10.0524E-06     104.819E-39    -10.0524E-06             -0.
              99     94.3229E-06     257.420E-24              0.     94.3229E-06     5.02866E-06    -104.974E-39    -5.02866E-06             -0.
             100     94.3229E-06     257.420E-24             -0.     94.3229E-06     5.02866E-06     104.974E-39    -5.02866E-06             -0.
             101     94.3695E-06     265.768E-24              0.     94.3695E-06     1.51930E-18    -105.026E-39    -1.51930E-18             -0.
             102     94.3695E-06     265.768E-24             -0.     94.3695E-06     1.49863E-18     105.026E-39    -1.49863E-18             -0.
             103     94.3229E-06     274.116E-24              0.     94.3229E-06     5.02866E-06    -104.974E-39     5.02866E-06             -0.
             104     94.3229E-06     274.116E-24             -0.     94.3229E-06     5.02866E-06     104.974E-39     5.02866E-06             -0.
             105     94.1832E-06     282.456E-24              0.     94.1832E-06     10.0524E-06    -104.819E-39     10.0524E-06             -0.
             106     94.1832E-06     282.456E-24             -0.     94.1832E-06     10.0524E-06     104.819E-39     10.0524E-06             -0.
             107     93.9506E-06     290.779E-24              0.     93.9506E-06     15.0661E-06    -104.560E-39     15.0661E-06             -0.
             108     93.9506E-06     290.779E-24             -0.     93.9506E-06     15.0661E-06     104.560E-39     15.0661E-06             -0.
             109     93.6253E-06     299.078E-24              0.     93.6253E-06     20.0650E-06    -104.198E-39     20.0650E-06             -0.
             110     93.6253E-06     299.078E-24             -0.     93.6253E-06     20.0650E-06     104.198E-39     20.0650E-06             -0.
             111     93.2076E-06     307.344E-24              0.     93.2076E-06     25.0441E-06    -103.733E-39     25.0441E-06             -0.
             112     93.2076E-06     307.344E-24             -0.     93.2076E-06     25.0441E-06     103.733E-39     25.0441E-06             -0.
             113     92.6979E-06     315.568E-24              0.     92.6979E-06     29.9985E-06    -103.166E-39     29.9985E-06              0.
             114     92.6979E-06     315.568E-24             -0.     92.6979E-06     29.9985E-06     103.166E-39     29.9985E-06              0.
             115     92.0967E-06     323.744E-24              0.     92.0967E-06     34.9233E-06    -102.497E-39     34.9233E-06              0.
             116     92.0967E-06     323.744E-24             -0.     92.0967E-06     34.9233E-06     102.497E-39     34.9233E-06              0.
             117     91.4047E-06     331.862E-24              0.     91.4047E-06     39.8136E-06    -101.727E-39     39.8136E-06              0.
             118     91.4047E-06     331.862E-24             -0.     91.4047E-06     39.8136E-06     101.727E-39     39.8136E-06              0.
             119     90.6224E-06     339.915E-24              0.     90.6224E-06     44.6647E-06    -100.856E-39     44.6647E-06              0.
             120     90.6224E-06     339.915E-24             -0.     90.6224E-06     44.6647E-06     100.856E-39     44.6647E-06              0.
             121     89.7507E-06     347.895E-24              0.     89.7507E-06     49.4716E-06    -99.8859E-39     49.4716E-06              0.
             122     89.7507E-06     347.895E-24             -0.     89.7507E-06     49.4716E-06     99.8859E-39     49.4716E-06              0.
             123     88.7904E-06     355.794E-24              0.     88.7904E-06     54.2297E-06    -98.8172E-39     54.2297E-06              0.
             124     88.7904E-06     355.794E-24             -0.     88.7904E-06     54.2297E-06     98.8172E-39     54.2297E-06              0.
             125     87.7425E-06     363.604E-24              0.     87.7425E-06     58.9344E-06    -97.6510E-39     58.9344E-06              0.
             126     87.7425E-06     363.604E-24             -0.     87.7425E-06     58.9344E-06     97.6510E-39     58.9344E-06              0.
             127     86.6080E-06     371.318E-24              0.     86.6080E-06     63.5808E-06    -96.3884E-39     63.5808E-06              0.
             128     86.6080E-06     371.318E-24             -0.     86.6080E-06     63.5808E-06     96.3884E-39     63.5808E-06              0.
             129     85.3880E-06     378.927E-24              0.     85.3880E-06     68.1645E-06    -95.0306E-39     68.1645E-06              0.
             130     85.3880E-06     378.927E-24             -0.     85.3880E-06     68.1645E-06     95.0306E-39     68.1645E-06              0.
             131     84.0838E-06     386.425E-24              0.     84.0838E-06     72.6809E-06    -93.5791E-39     72.6809E-06              0.
             132     84.0838E-06     386.425E-24             -0.     84.0838E-06     72.6809E-06     93.5791E-39     72.6809E-06              0.
             133     82.6966E-06     393.803E-24              0.     82.6966E-06     77.1256E-06    -92.0352E-39     77.1256E-06              0.
             134     82.6966E-06     393.803E-24             -0.     82.6966E-06     77.1256E-06     92.0352E-39     77.1256E-06              0.
             135     81.2278E-06     401.056E-24              0.     81.2278E-06     81.4942E-06    -90.4005E-39     81.4942E-06              0.
             136     81.2278E-06     401.056E-24             -0.     81.2278E-06     81.4942E-06     90.4005E-39     81.4942E-06              0.
             137     79.6788E-06     408.174E-24              0.     79.6788E-06     85.7824E-06    -88.6766E-39     85.7824E-06              0.
             138     79.6788E-06     408.174E-24             -0.     79.6788E-06     85.7824E-06     88.6766E-39     85.7824E-06              0.
             139     78.0511E-06     415.152E-24              0.     78.0511E-06     89.9859E-06    -86.8652E-39     89.9859E-06              0.
             140     78.0511E-06     415.152E-24             -0.     78.0511E-06     89.9859E-06     86.8652E-39     89.9859E-06              0.
             141     76.3465E-06     421.983E-24              0.     76.3465E-06     94.1006E-06    -84.9681E-39     94.1006E-06              0.
             142     76.3465E-06     421.983E-24             -0.     76.3465E-06     94.1006E-06     84.9681E-39     94.1006E-06              0.
             143     74.5665E-06     428.660E-24              0.     74.5665E-06     98.1224E-06    -82.9871E-39     98.1224E-06              0.
             144     74.5665E-06     428.660E-24             -0.     74.5665E-06     98.1224E-06     82.9871E-39     98.1224E-06              0.
             145     72.7129E-06     435.176E-24              0.     72.7129E-06     102.047E-06    -80.9242E-39     102.047E-06              0.
             146     72.7129E-06     435.176E-24             -0.     72.7129E-06     102.047E-06     80.9242E-39     102.047E-06              0.
             147     70.7876E-06     441.524E-24              0.     70.7876E-06     105.872E-06    -78.7814E-39     105.872E-06              0.
             148     70.7876E-06     441.524E-24             -0.     70.7876E-06     105.872E-06     78.7814E-39     105.872E-06              0.
             149     68.7924E-06     447.699E-24              0.     68.7924E-06     109.592E-06    -76.5609E-39     109.592E-06              0.
             150     68.7924E-06     447.699E-24             -0.     68.7924E-06     109.592E-06     76.5609E-39     109.592E-06              0.
             151     66.7293E-06     453.695E-24              0.     66.7293E-06     113.203E-06    -74.2648E-39     113.203E-06              0.
             152     66.7293E-06     453.695E-24             -0.     66.7293E-06     113.203E-06     74.2648E-39     113.203E-06              0.
             153     64.6003E-06     459.505E-24              0.     64.6003E-06     116.703E-06    -71.8955E-39     116.703E-06              0.
             154     64.6003E-06     459.505E-24             -0.     64.6003E-06     116.703E-06     71.8955E-39     116.703E-06              0.
             155     62.4076E-06     465.124E-24              0.     62.4076E-06     120.088E-06    -69.4551E-39     120.088E-06              0.
             156     62.4076E-06     465.124E-24             -0.     62.4076E-06     120.088E-06     69.4551E-39     120.088E-06              0.
             157     60.1534E-06     470.547E-24              0.     60.1534E-06     123.354E-06    -66.9463E-39     123.354E-06              0.
             158     60.1534E-06     470.547E-24             -0.     60.1534E-06     123.354E-06     66.9463E-39     123.354E-06              0.
             159     57.8397E-06     475.767E-24              0.     57.8397E-06     126.499E-06    -64.3714E-39     126.499E-06              0.
             160     57.8397E-06     475.767E-24             -0.     57.8397E-06     126.499E-06     64.3714E-39     126.499E-06              0.
             161     55.4690E-06     480.780E-24              0.     55.4690E-06     129.518E-06    -61.7329E-39     129.518E-06              0.
             162     55.4690E-06     480.780E-24             -0.     55.4690E-06     129.518E-06     61.7329E-39     129.518E-06              0.
             163     53.0435E-06     485.580E-24              0.     53.0435E-06     132.410E-06    -59.0335E-39     132.410E-06              0.
             164     53.0435E-06     485.580E-24             -0.     53.0435E-06     132.410E-06     59.0335E-39     132.410E-06              0.
             165     50.5657E-06     490.164E-24              0.     50.5657E-06     135.171E-06    -56.2759E-39     135.171E-06              0.
             166     50.5657E-06     490.164E-24             -0.     50.5657E-06     135.171E-06     56.2759E-39     135.171E-06              0.
             167     48.0380E-06     494.527E-24              0.     48.0380E-06     137.799E-06    -53.4627E-39     137.799E-06              0.
             168     48.0380E-06     494.527E-24             -0.     48.0380E-06     137.799E-06     53.4627E-39     137.799E-06              0.
             169     45.4628E-06     498.663E-24              0.     45.4628E-06     140.291E-06    -50.5968E-39     140.291E-06              0.
             170     45.4628E-06     498.663E-24             -0.     45.4628E-06     140.291E-06     50.5968E-39     140.291E-06              0.
             171     42.8428E-06     502.570E-24              0.     42.8428E-06     142.644E-06    -47.6809E-39     142.644E-06              0.
             172     42.8428E-06     502.570E-24             -0.     42.8428E-06     142.644E-06     47.6809E-39     142.644E-06              0.
             173     40.1806E-06     506.243E-24              0.     40.1806E-06     144.857E-06    -44.7180E-39     144.857E-06              0.
             174     40.1806E-06     506.243E-24             -0.     40.1806E-06     144.857E-06     44.7180E-39     144.857E-06              0.
             175     37.4786E-06     509.679E-24              0.     37.4786E-06     146.927E-06    -41.7110E-39     146.927E-06              0.
             176     37.4786E-06     509.679E-24             -0.     37.4786E-06     146.927E-06     41.7110E-39     146.927E-06              0.
             177     34.7397E-06     512.874E-24              0.     34.7397E-06     148.851E-06    -38.6628E-39     148.851E-06              0.
             178     34.7397E-06     512.874E-24             -0.     34.7397E-06     148.851E-06     38.6628E-39     148.851E-06              0.
             179     31.9665E-06     515.825E-24              0.     31.9665E-06     150.629E-06    -35.5764E-39     150.629E-06              0.
             180     31.9665E-06     515.825E-24             -0.     31.9665E-06     150.629E-06     35.5764E-39     150.629E-06              0.
             181     29.1618E-06     518.529E-24              0.     29.1618E-06     152.258E-06    -32.4549E-39     152.258E-06              0.
             182     29.1618E-06     518.529E-24             -0.     29.1618E-06     152.258E-06     32.4549E-39     152.258E-06              0.
             183     26.3282E-06     520.984E-24              0.     26.3282E-06     153.737E-06    -29.3014E-39     153.737E-06              0.
             184     26.3282E-06     520.984E-24             -0.     26.3282E-06     153.737E-06     29.3014E-39     153.737E-06              0.
             185     23.4687E-06     523.187E-24              0.     23.4687E-06     155.064E-06    -26.1190E-39     155.064E-06              0.
             186     23.4687E-06     523.187E-24             -0.     23.4687E-06     155.064E-06     26.1190E-39     155.064E-06              0.
             187     20.5861E-06     525.136E-24              0.     20.5861E-06     156.238E-06    -22.9108E-39     156.238E-06              0.
             188     20.5861E-06     525.136E-24             -0.     20.5861E-06     156.238E-06     22.9108E-39     156.238E-06              0.
             189     17.6831E-06     526.829E-24              0.     17.6831E-06     157.258E-06    -19.6800E-39     157.258E-06              0.
             190     17.6831E-06     526.829E-24             -0.     17.6831E-06     157.258E-06     19.6800E-39     157.258E-06              0.
             191     14.7626E-06     528.265E-24              0.     14.7626E-06     158.122E-06    -16.4297E-39     158.122E-06              0.
             192     14.7626E-06     528.265E-24             -0.     14.7626E-06     158.122E-06     16.4297E-39     158.122E-06              0.
             193     11.8276E-06     529.441E-24              0.     11.8276E-06     158.831E-06    -13.1633E-39     158.831E-06              0.
             194     11.8276E-06     529.441E-24             -0.     11.8276E-06     158.831E-06     13.1633E-39     158.831E-06              0.
             195     8.88095E-06     530.357E-24              0.     8.88095E-06     159.383E-06    -9.88385E-39     159.383E-06              0.
             196     8.88095E-06     530.357E-24             -0.     8.88095E-06     159.383E-06     9.88385E-39     159.383E-06              0.
             197     5.92551E-06     531.012E-24              0.     5.92551E-06     159.778E-06    -6.59466E-39     159.778E-06              0.
             198     5.92551E-06     531.012E-24             -0.     5.92551E-06     159.778E-06     6.59466E-39     159.778E-06              0.
             199     2.96422E-06     531.406E-24              0.     2.96422E-06     160.015E-06    -3.29896E-39     160.015E-06              0.
             200     2.96422E-06     531.406E-24             -0.     2.96422E-06     160.015E-06     3.29896E-39     160.015E-06              0.
             201              0.     531.537E-24              0.     15.9122E-36     160.094E-06    -824.943E-42     160.094E-06              0.
             202              0.     531.537E-24             -0.     15.9122E-36     160.094E-06     824.943E-42     160.094E-06              0.


  Minimum                     0.             -0.             -0.     15.9122E-36     1.49863E-18    -105.026E-39    -160.094E-06              0.
         At Node             202               2             202             202             102             101               2             202

  Maximum            94.3695E-06     531.537E-24             -0.     94.3695E-06     160.094E-06     105.026E-39     160.094E-06              0.
         At Node             102             202             202             102             202             102             202             202

           Total     12.0145E-03     53.6852E-21              0.     12.0145E-03     20.7022E-03              0.    -3.46945E-18              0.


