********************************************************************************
Field Output Report, written Thu Jul 30 17:46:16 2026

Source 1
---------

   ODB: C:/Temp/PlateRM/garg_caseA_S10.odb
   Step: SINELOAD
   Frame: Increment      1: Step Time =    1.000

Loc 1 : Integration point values from source 1

Output sorted by column "Element Label".

Field Output reported at integration points for part: PART-1-1

   Element Label             Int          SF.SF1          SF.SF2          SF.SF6          SF.SF3          SF.SF4          SF.SF5          SM.SM2          SM.SM1          SM.SM3
                              Pt          @Loc 1          @Loc 1          @Loc 1          @Loc 1          @Loc 1          @Loc 1          @Loc 1          @Loc 1          @Loc 1
---------------------------------------------------------------------------------------------------------------------------------------------------------------------------------
               1               1    -783.964E-27     1.17247E-15              0.    -7.38250E-27     3.18244E+03    -51.9316E-12     164.989E-03         15.9122     795.082E-15
               1               2    -783.961E-27     1.17247E-15              0.    -5.19278E-27     3.18244E+03    -51.9316E-12     164.989E-03         15.9122     596.312E-15
               1               3    -717.756E-27     1.17247E-15              0.    -7.38246E-27     3.18244E+03    -51.9316E-12     164.989E-03         15.9122     795.082E-15
               1               4    -717.756E-27     1.17247E-15              0.    -5.19274E-27     3.18244E+03    -51.9316E-12     164.989E-03         15.9122     596.312E-15
               2               1    -766.293E-27     3.51624E-15              0.    -2.70745E-27     3.17930E+03     14.7200E-12     494.803E-03         47.7210     578.242E-15
               2               2    -766.293E-27     3.51624E-15              0.    -4.69811E-27     3.17930E+03     14.7200E-12     494.803E-03         47.7210     758.943E-15
               2               3    -745.341E-27     3.51624E-15              0.    -2.70731E-27     3.17930E+03     14.7200E-12     494.803E-03         47.7210     578.242E-15
               2               4    -745.341E-27     3.51624E-15              0.    -4.89703E-27     3.17930E+03     14.7200E-12     494.803E-03         47.7210     777.013E-15
               3               1    -752.119E-27     5.85655E-15              0.    -3.91923E-27     3.17303E+03    -4.36428E-12     824.129E-03         79.4826     722.803E-15
               3               2    -752.119E-27     5.85655E-15              0.    -3.12297E-27     3.17303E+03    -4.36428E-12     824.129E-03         79.4826     650.523E-15
               3               3    -748.358E-27     5.85655E-15              0.    -3.91894E-27     3.17303E+03    -4.36428E-12     824.129E-03         79.4826     722.803E-15
               3               4    -748.358E-27     5.85655E-15              0.    -3.32174E-27     3.17303E+03    -4.36428E-12     824.129E-03         79.4826     668.593E-15
               4               1    -767.884E-27     8.19108E-15              0.    -1.17235E-27     3.16362E+03     2.73963E-12         1.15264         111.166     433.683E-15
               4               2    -767.833E-27     8.19108E-15              0.     1.61457E-27     3.16362E+03     2.73963E-12         1.15264         111.166     180.703E-15
               4               3    -759.376E-27     8.19108E-15              0.    -1.17117E-27     3.16362E+03     2.73963E-12         1.15264         111.166     433.683E-15
               4               4    -759.376E-27     8.19108E-15              0.     1.61575E-27     3.16362E+03     2.73963E-12         1.15264         111.166     180.703E-15
               5               1    -750.718E-27     10.5175E-15              0.     2.04561E-27     3.15108E+03     9.96762E-12         1.48002         142.739     144.564E-15
               5               2    -750.667E-27     10.5175E-15              0.     2.04561E-27     3.15108E+03     9.96762E-12         1.48002         142.739     144.564E-15
               5               3    -752.990E-27     10.5175E-15              0.     2.04679E-27     3.15108E+03     9.96762E-12         1.48002         142.739     144.564E-15
               5               4    -752.990E-27     10.5175E-15              0.     2.04679E-27     3.15108E+03     9.96762E-12         1.48002         142.739     144.564E-15
               6               1    -767.454E-27     12.8336E-15              0.     2.61102E-27     3.13544E+03     5.36139E-12         1.80593         174.172     144.564E-15
               6               2    -767.353E-27     12.8336E-15              0.     2.41196E-27     3.13544E+03     5.36139E-12         1.80593         174.172     162.634E-15
               6               3    -746.957E-27     12.8336E-15              0.     2.60867E-27     3.13544E+03     5.36139E-12         1.80593         174.172     144.564E-15
               6               4    -746.957E-27     12.8336E-15              0.     1.01615E-27     3.13544E+03     5.36139E-12         1.80593         174.172     289.125E-15
               7               1    -758.064E-27     15.1370E-15              0.     3.82178E-27     3.11671E+03     8.35459E-12         2.13006         205.433     144.565E-15
               7               2    -758.013E-27     15.1370E-15              0.     835.793E-30     3.11671E+03     8.35459E-12         2.13006         205.433     415.616E-15
               7               3    -739.686E-27     15.1370E-15              0.     3.81708E-27     3.11671E+03     8.35459E-12         2.13006         205.433     144.565E-15
               7               4    -739.686E-27     15.1370E-15              0.     831.091E-30     3.11671E+03     8.35459E-12         2.13006         205.433     415.616E-15
               8               1    -764.728E-27     17.4254E-15              0.     1.73536E-27     3.09490E+03    -9.79129E-12         2.45209         236.491     505.967E-15
               8               2    -764.678E-27     17.4254E-15              0.    -1.44969E-27     3.09490E+03    -9.79129E-12         2.45209         236.491     795.087E-15
               8               3    -729.741E-27     17.4254E-15              0.     941.446E-30     3.09490E+03    -9.79129E-12         2.45209         236.491     578.247E-15
               8               4    -729.741E-27     17.4254E-15              0.    -1.84547E-27     3.09490E+03    -9.79129E-12         2.45209         236.491     831.227E-15
               9               1    -747.310E-27     19.6967E-15              0.    -1.27898E-27     3.07003E+03    -8.31270E-12         2.77170         267.315     939.648E-15
               9               2    -747.209E-27     19.6967E-15              0.    -1.47805E-27     3.07003E+03    -8.31270E-12         2.77170         267.315     957.718E-15
               9               3    -737.213E-27     19.6967E-15              0.    -2.07054E-27     3.07003E+03    -8.31270E-12         2.77170         267.315     1.01193E-12
               9               4    -737.213E-27     19.6967E-15              0.    -1.87148E-27     3.07003E+03    -8.31270E-12         2.77170         267.315     993.858E-15
              10               1    -729.135E-27     21.9485E-15              0.    -3.00082E-27     3.04213E+03    -18.2463E-12         3.08858         297.876     1.08421E-12
              10               2    -729.185E-27     21.9485E-15              0.    -2.80175E-27     3.04213E+03    -18.2463E-12         3.08858         297.876     1.06614E-12
              10               3    -751.854E-27     21.9485E-15              0.    -2.99611E-27     3.04213E+03    -18.2463E-12         3.08858         297.876     1.08421E-12
              10               4    -751.854E-27     21.9485E-15              0.    -2.39892E-27     3.04213E+03    -18.2463E-12         3.08858         297.876     1.03000E-12
              11               1    -731.861E-27     24.1787E-15              0.    -2.91293E-27     3.01124E+03     6.91614E-12         3.40240         328.143     939.650E-15
              11               2    -731.861E-27     24.1787E-15              0.    -922.268E-30     3.01124E+03     6.91614E-12         3.40240         328.143     758.949E-15
              11               3    -755.085E-27     24.1787E-15              0.    -2.91293E-27     3.01124E+03     6.91614E-12         3.40240         328.143     939.650E-15
              11               4    -755.085E-27     24.1787E-15              0.    -922.268E-30     3.01124E+03     6.91614E-12         3.40240         328.143     758.949E-15
              12               1    -733.174E-27     26.3850E-15              0.    -1.50522E-27     2.97737E+03     3.89284E-12         3.71287         358.086     650.530E-15
              12               2    -733.073E-27     26.3850E-15              0.     3.07329E-27     2.97737E+03     3.89284E-12         3.71287         358.086     234.919E-15
              12               3    -743.978E-27     26.3850E-15              0.    -713.663E-30     2.97737E+03     3.89284E-12         3.71287         358.086     578.250E-15
              12               4    -744.281E-27     26.3850E-15              0.     3.26765E-27     2.97737E+03     3.89284E-12         3.71287         358.086     216.849E-15
              13               1    -724.591E-27     28.5653E-15              0.     3.26621E-27     2.94056E+03     3.50455E-12         4.01968         387.676     72.2892E-15
              13               2    -724.692E-27     28.5653E-15              0.     4.65967E-27     2.94056E+03     3.50455E-12         4.01968         387.676    -54.2011E-15
              13               3    -743.271E-27     28.5653E-15              0.     3.25680E-27     2.94056E+03     3.50455E-12         4.01968         387.676     72.2892E-15
              13               4    -743.271E-27     28.5653E-15              0.     4.65026E-27     2.94056E+03     3.50455E-12         4.01968         387.676    -54.2011E-15
              14               1    -745.492E-27     30.7173E-15              0.     4.11582E-27     2.90085E+03    -3.25966E-12         4.32252         416.883    -72.2704E-15
              14               2    -745.492E-27     30.7173E-15              0.     3.91675E-27     2.90085E+03    -3.25966E-12         4.32252         416.883    -54.2004E-15
              14               3    -750.440E-27     30.7173E-15              0.     4.11582E-27     2.90085E+03    -3.25966E-12         4.32252         416.883    -72.2704E-15
              14               4    -750.440E-27     30.7173E-15              0.     3.91675E-27     2.90085E+03    -3.25966E-12         4.32252         416.883    -54.2004E-15
              15               1    -727.014E-27     32.8391E-15              0.     3.12207E-27     2.85828E+03    -13.5899E-12         4.62109         445.678     10.3752E-18
              15               2    -726.812E-27     32.8391E-15              0.     1.92767E-27     2.85828E+03    -13.5899E-12         4.62109         445.678     108.431E-15
              15               3    -741.454E-27     32.8391E-15              0.     3.10326E-27     2.85828E+03    -13.5899E-12         4.62109         445.678     10.3752E-18
              15               4    -741.454E-27     32.8391E-15              0.     1.90886E-27     2.85828E+03    -13.5899E-12         4.62109         445.678     108.431E-15
              16               1    -737.213E-27     34.9285E-15              0.     611.024E-30     2.81288E+03     736.547E-15         4.91510         474.034     216.851E-15
              16               2    -737.011E-27     34.9285E-15              0.     212.892E-30     2.81288E+03     736.547E-15         4.91510         474.034     252.992E-15
              16               3    -729.438E-27     34.9285E-15              0.     611.024E-30     2.81288E+03     736.547E-15         4.91510         474.034     216.851E-15
              16               4    -729.438E-27     34.9285E-15              0.     13.8262E-30     2.81288E+03     736.547E-15         4.91510         474.034     271.062E-15
              17               1    -731.558E-27     36.9833E-15              0.    -473.692E-30     2.76471E+03    -5.64336E-12         5.20426         501.922     361.412E-15
              17               2    -731.457E-27     36.9833E-15              0.    -672.758E-30     2.76471E+03    -5.64336E-12         5.20426         501.922     379.482E-15
              17               3    -725.903E-27     36.9833E-15              0.    -483.096E-30     2.76471E+03    -5.64336E-12         5.20426         501.922     361.412E-15
              17               4    -725.903E-27     36.9833E-15              0.    -682.162E-30     2.76471E+03    -5.64336E-12         5.20426         501.922     379.482E-15
              18               1    -735.496E-27     39.0017E-15              0.    -163.364E-30     2.71381E+03    -7.24524E-12         5.48829         529.315     361.413E-15
              18               2    -735.294E-27     39.0017E-15              0.    -362.430E-30     2.71381E+03    -7.24524E-12         5.48829         529.315     379.483E-15
              18               3    -729.539E-27     39.0017E-15              0.    -1.75589E-27     2.71381E+03    -7.24524E-12         5.48829         529.315     505.973E-15
              18               4    -729.539E-27     39.0017E-15              0.    -1.35776E-27     2.71381E+03    -7.24524E-12         5.48829         529.315     469.833E-15
              19               1    -715.604E-27     40.9816E-15              0.    -407.870E-30     2.66024E+03    -9.46540E-12         5.76690         556.185     361.414E-15
              19               2    -715.604E-27     40.9816E-15              0.     1.18466E-27     2.66024E+03    -9.46540E-12         5.76690         556.185     216.853E-15
              19               3    -711.666E-27     40.9816E-15              0.    -407.870E-30     2.66024E+03    -9.46540E-12         5.76690         556.185     361.414E-15
              19               4    -711.666E-27     40.9816E-15              0.     1.78185E-27     2.66024E+03    -9.46540E-12         5.76690         556.185     162.643E-15
              20               1    -723.985E-27     42.9211E-15              0.     3.51702E-27     2.60404E+03    -15.4804E-12         6.03981         582.506     13.5605E-18
              20               2    -723.985E-27     42.9211E-15              0.     3.71608E-27     2.60404E+03    -15.4804E-12         6.03981         582.506    -18.0565E-15
              20               3    -715.503E-27     42.9211E-15              0.     2.68314E-27     2.60404E+03    -15.4804E-12         6.03981         582.506     72.2937E-15
              20               4    -715.503E-27     42.9211E-15              0.     3.47940E-27     2.60404E+03    -15.4804E-12         6.03981         582.506     13.5605E-18
              21               1    -710.051E-27     44.8182E-15              0.     2.92764E-27     2.54527E+03    -33.2360E-12         6.30677         608.253     72.2943E-15
              21               2    -710.051E-27     44.8182E-15              0.     1.33511E-27     2.54527E+03    -33.2360E-12         6.30677         608.253     216.855E-15
              21               3    -719.441E-27     44.8182E-15              0.     2.92764E-27     2.54527E+03    -33.2360E-12         6.30677         608.253     72.2943E-15
              21               4    -719.441E-27     44.8182E-15              0.     1.33511E-27     2.54527E+03    -33.2360E-12         6.30677         608.253     216.855E-15
              22               1    -717.523E-27     46.6710E-15              0.     639.219E-30     2.48398E+03     7.10991E-12         6.56750         633.399     216.855E-15
              22               2    -717.220E-27     46.6710E-15              0.     3.22707E-27     2.48398E+03     7.10991E-12         6.56750         633.399    -18.0553E-15
              22               3    -727.923E-27     46.6710E-15              0.     639.219E-30     2.48398E+03     7.10991E-12         6.56750         633.399     216.855E-15
              22               4    -727.923E-27     46.6710E-15              0.     3.02801E-27     2.48398E+03     7.10991E-12         6.56750         633.399     14.7453E-18
              23               1    -710.051E-27     48.4778E-15              0.     2.95910E-27     2.42025E+03     44.2781E-12         6.82175         657.920    -72.2648E-15
              23               2    -709.849E-27     48.4778E-15              0.     2.36191E-27     2.42025E+03     44.2781E-12         6.82175         657.920    -18.0547E-15
              23               3    -723.177E-27     48.4778E-15              0.     3.01553E-27     2.42025E+03     44.2781E-12         6.82175         657.920    -72.2648E-15
              23               4    -723.177E-27     48.4778E-15              0.     2.21927E-27     2.42025E+03     44.2781E-12         6.82175         657.920     15.3161E-18
              24               1    -713.686E-27     50.2368E-15              0.     3.24755E-27     2.35413E+03     34.1851E-12         7.06927         681.792    -144.544E-15
              24               2    -713.484E-27     50.2368E-15              0.     4.24288E-27     2.35413E+03     34.1851E-12         7.06927         681.792    -234.895E-15
              24               3    -716.311E-27     50.2368E-15              0.     3.26636E-27     2.35413E+03     34.1851E-12         7.06927         681.792    -144.544E-15
              24               4    -717.523E-27     50.2368E-15              0.     4.06262E-27     2.35413E+03     34.1851E-12         7.06927         681.792    -216.825E-15
              25               1    -699.549E-27     51.9462E-15              0.     4.76484E-27     2.28568E+03    -1.01774E-12         7.30982         704.991    -289.104E-15
              25               2    -700.357E-27     51.9462E-15              0.     5.95924E-27     2.28568E+03    -1.01774E-12         7.30982         704.991    -397.524E-15
              25               3    -689.654E-27     51.9462E-15              0.     4.80246E-27     2.28568E+03    -1.01774E-12         7.30982         704.991    -289.104E-15
              25               4    -689.654E-27     51.9462E-15              0.     5.99685E-27     2.28568E+03    -1.01774E-12         7.30982         704.991    -397.524E-15
              26               1    -704.194E-27     53.6043E-15              0.     5.74918E-27     2.21498E+03     19.3306E-12         7.54315         727.494    -361.384E-15
              26               2    -704.194E-27     53.6043E-15              0.     4.55479E-27     2.21498E+03     19.3306E-12         7.54315         727.494    -252.964E-15
              26               3    -709.647E-27     53.6043E-15              0.     6.54545E-27     2.21498E+03     19.3306E-12         7.54315         727.494    -433.664E-15
              26               4    -709.647E-27     53.6043E-15              0.     4.35572E-27     2.21498E+03     19.3306E-12         7.54315         727.494    -234.894E-15
              27               1    -705.810E-27     55.2095E-15              0.     6.05011E-27     2.14209E+03     22.6418E-12         7.76903         749.280    -361.383E-15
              27               2    -705.810E-27     55.2095E-15              0.     3.46225E-27     2.14209E+03     22.6418E-12         7.76903         749.280    -126.473E-15
              27               3    -703.386E-27     55.2095E-15              0.     5.25384E-27     2.14209E+03     22.6418E-12         7.76903         749.280    -289.103E-15
              27               4    -703.386E-27     55.2095E-15              0.     2.46692E-27     2.14209E+03     22.6418E-12         7.76903         749.280    -36.1226E-15
              28               1    -706.617E-27     56.7602E-15              0.     3.73022E-27     2.06709E+03     8.91265E-12         7.98725         770.326    -72.2622E-15
              28               2    -706.617E-27     56.7602E-15              0.     1.73956E-27     2.06709E+03     8.91265E-12         7.98725         770.326     108.438E-15
              28               3    -692.885E-27     56.7602E-15              0.     3.73022E-27     2.06709E+03     8.91265E-12         7.98725         770.326    -72.2622E-15
              28               4    -692.885E-27     56.7602E-15              0.     1.93863E-27     2.06709E+03     8.91265E-12         7.98725         770.326     90.3681E-15
              29               1    -708.031E-27     58.2550E-15              0.     3.94325E-27     1.99005E+03     7.21321E-12         8.19758         790.611     72.2986E-15
              29               2    -708.031E-27     58.2550E-15              0.     3.34605E-27     1.99005E+03     7.21321E-12         8.19758         790.611     126.509E-15
              29               3    -672.488E-27     58.2550E-15              0.     3.94325E-27     1.99005E+03     7.21321E-12         8.19758         790.611     72.2986E-15
              29               4    -672.488E-27     58.2550E-15              0.     3.34605E-27     1.99005E+03     7.21321E-12         8.19758         790.611     126.509E-15
              30               1    -697.732E-27     59.6922E-15              0.     3.09671E-27     1.91104E+03    -1.13465E-12         8.39983         810.117     289.139E-15
              30               2    -697.732E-27     59.6922E-15              0.     2.69857E-27     1.91104E+03    -1.13465E-12         8.39983         810.117     325.280E-15
              30               3    -681.980E-27     59.6922E-15              0.     3.49484E-27     1.91104E+03    -1.13465E-12         8.39983         810.117     252.999E-15
              30               4    -681.980E-27     59.6922E-15              0.     2.30044E-27     1.91104E+03    -1.13465E-12         8.39983         810.117     361.420E-15
              31               1    -683.393E-27     61.0705E-15              0.     2.18126E-27     1.83015E+03    -31.7326E-12         8.59378         828.823     433.700E-15
              31               2    -682.586E-27     61.0705E-15              0.     1.18593E-27     1.83015E+03    -31.7326E-12         8.59378         828.823     524.050E-15
              31               3    -690.663E-27     61.0705E-15              0.     2.14365E-27     1.83015E+03    -31.7326E-12         8.59378         828.823     433.700E-15
              31               4    -690.663E-27     61.0705E-15              0.     352.055E-30     1.83015E+03    -31.7326E-12         8.59378         828.823     596.331E-15
              32               1    -683.393E-27     62.3886E-15              0.     620.020E-30     1.74745E+03    -45.1121E-12         8.77926         846.711     650.541E-15
              32               2    -683.393E-27     62.3886E-15              0.    -1.37064E-27     1.74745E+03    -45.1121E-12         8.77926         846.711     831.241E-15
              32               3    -666.632E-27     62.3886E-15              0.     582.404E-30     1.74745E+03    -45.1121E-12         8.77926         846.711     650.541E-15
              32               4    -666.632E-27     62.3886E-15              0.    -1.20919E-27     1.74745E+03    -45.1121E-12         8.77926         846.711     813.171E-15
              33               1    -671.276E-27     63.6450E-15              0.    -1.11366E-27     1.66303E+03    -7.00410E-12         8.95607         863.763     903.522E-15
              33               2    -671.276E-27     63.6450E-15              0.    -1.31273E-27     1.66303E+03    -7.00410E-12         8.95607         863.763     921.592E-15
              33               3    -661.987E-27     63.6450E-15              0.    -1.15128E-27     1.66303E+03    -7.00410E-12         8.95607         863.763     903.522E-15
              33               4    -661.987E-27     63.6450E-15              0.    -1.44987E-27     1.66303E+03    -7.00410E-12         8.95607         863.763     930.627E-15
              34               1    -668.247E-27     64.8387E-15              0.    -511.808E-30     1.57696E+03     14.0421E-12         9.12404         879.963     903.522E-15
              34               2    -668.247E-27     64.8387E-15              0.    -1.80574E-27     1.57696E+03     14.0421E-12         9.12404         879.963     1.02098E-12
              34               3    -668.045E-27     64.8387E-15              0.    -474.193E-30     1.57696E+03     14.0421E-12         9.12404         879.963     903.522E-15
              34               4    -668.045E-27     64.8387E-15              0.    -1.86765E-27     1.57696E+03     14.0421E-12         9.12404         879.963     1.03001E-12
              35               1    -660.977E-27     65.9684E-15              0.    -1.64662E-27     1.48934E+03     5.95966E-12         9.28301         895.294     975.803E-15
              35               2    -661.583E-27     65.9684E-15              0.    -1.14895E-27     1.48934E+03     5.95966E-12         9.28301         895.294     930.628E-15
              35               3    -663.400E-27     65.9684E-15              0.    -1.49615E-27     1.48934E+03     5.95966E-12         9.28301         895.294     975.803E-15
              35               4    -663.400E-27     65.9684E-15              0.    -1.09802E-27     1.48934E+03     5.95966E-12         9.28301         895.294     939.663E-15
              36               1    -657.948E-27     67.0330E-15              0.    -204.554E-30     1.40025E+03     4.93341E-12         9.43282         909.742     831.243E-15
              36               2    -657.140E-27     67.0330E-15              0.    -801.751E-30     1.40025E+03     4.93341E-12         9.43282         909.742     885.453E-15
              36               3    -662.997E-27     67.0330E-15              0.    -204.554E-30     1.40025E+03     4.93341E-12         9.43282         909.742     831.243E-15
              36               4    -662.997E-27     67.0330E-15              0.    -801.751E-30     1.40025E+03     4.93341E-12         9.43282         909.742     885.453E-15
              37               1    -670.267E-27     68.0314E-15              0.    -1.07605E-27     1.30978E+03     26.1798E-12         9.57331         923.293     903.523E-15
              37               2    -669.661E-27     68.0314E-15              0.    -2.17091E-27     1.30978E+03     26.1798E-12         9.57331         923.293     1.00291E-12
              37               3    -670.469E-27     68.0314E-15              0.    -1.47418E-27     1.30978E+03     26.1798E-12         9.57331         923.293     939.663E-15
              37               4    -670.469E-27     68.0314E-15              0.    -1.87231E-27     1.30978E+03     26.1798E-12         9.57331         923.293     975.804E-15
              38               1    -677.941E-27     68.9627E-15              0.     494.501E-30     1.21802E+03     47.4849E-12         9.70436         935.932     795.103E-15
              38               2    -677.335E-27     68.9627E-15              0.    -301.762E-30     1.21802E+03     47.4849E-12         9.70436         935.932     867.384E-15
              38               3    -662.189E-27     68.9627E-15              0.     892.633E-30     1.21802E+03     47.4849E-12         9.70436         935.932     758.963E-15
              38               4    -662.189E-27     68.9627E-15              0.    -600.360E-30     1.21802E+03     47.4849E-12         9.70436         935.932     894.489E-15
              39               1    -672.286E-27     69.8259E-15              0.     397.295E-30     1.12505E+03     299.161E-15         9.82584         947.647     831.244E-15
              39               2    -672.286E-27     69.8259E-15              0.     397.295E-30     1.12505E+03     299.161E-15         9.82584         947.647     831.244E-15
              39               3    -668.045E-27     69.8259E-15              0.     397.295E-30     1.12505E+03     299.161E-15         9.82584         947.647     831.244E-15
              39               4    -668.045E-27     69.8259E-15              0.     894.960E-30     1.12505E+03     299.161E-15         9.82584         947.647     786.069E-15
              40               1    -653.303E-27     70.6202E-15              0.     1.31274E-27     1.03098E+03    -29.6998E-12         9.93761         958.427     686.684E-15
              40               2    -653.303E-27     70.6202E-15              0.     2.40760E-27     1.03098E+03    -29.6998E-12         9.93761         958.427     587.299E-15
              40               3    -677.133E-27     70.6202E-15              0.     1.38797E-27     1.03098E+03    -29.6998E-12         9.93761         958.427     686.684E-15
              40               4    -672.084E-27     70.6202E-15              0.     2.48283E-27     1.03098E+03    -29.6998E-12         9.93761         958.427     587.299E-15
              41               1    -649.264E-27     71.3448E-15              0.     2.67957E-27         935.882     6.45921E-12         10.0396         968.261     542.124E-15
              41               2    -649.264E-27     71.3448E-15              0.     3.57536E-27         935.882     6.45921E-12         10.0396         968.261     460.808E-15
              41               3    -655.121E-27     71.3448E-15              0.     2.75480E-27         935.882     6.45921E-12         10.0396         968.261     542.124E-15
              41               4    -655.121E-27     71.3448E-15              0.     3.55106E-27         935.882     6.45921E-12         10.0396         968.261     469.844E-15
              42               1    -628.463E-27     71.9991E-15              0.     1.83004E-27         839.865    -3.88143E-12         10.1316         977.140     578.264E-15
              42               2    -628.463E-27     71.9991E-15              0.     1.97934E-27         839.865    -3.88143E-12         10.1316         977.140     564.711E-15
              42               3    -650.678E-27     71.9991E-15              0.     1.83004E-27         839.865    -3.88143E-12         10.1316         977.140     578.264E-15
              42               4    -655.726E-27     71.9991E-15              0.     1.87981E-27         839.865    -3.88143E-12         10.1316         977.140     573.746E-15
              43               1    -634.118E-27     72.5822E-15              0.     1.63098E-27         743.019    -16.6182E-12         10.2137         985.055     596.334E-15
              43               2    -634.118E-27     72.5822E-15              0.     984.013E-30         743.019    -16.6182E-12         10.2137         985.055     655.062E-15
              43               3    -624.424E-27     72.5822E-15              0.     1.63098E-27         743.019    -16.6182E-12         10.2137         985.055     596.334E-15
              43               4    -624.424E-27     72.5822E-15              0.     1.08355E-27         743.019    -16.6182E-12         10.2137         985.055     646.027E-15
              44               1    -615.337E-27     73.0937E-15              0.     286.118E-30         645.439     4.95114E-12         10.2857         991.997     704.755E-15
              44               2    -615.337E-27     73.0937E-15              0.    -161.780E-30         645.439     4.95114E-12         10.2857         991.997     745.412E-15
              44               3    -645.225E-27     73.0937E-15              0.     286.118E-30         645.439     4.95114E-12         10.2857         991.997     704.755E-15
              44               4    -645.225E-27     73.0937E-15              0.    -211.546E-30         645.439     4.95114E-12         10.2857         991.997     749.930E-15
              45               1    -619.982E-27     73.5331E-15              0.    -718.523E-30         547.222     9.41302E-12         10.3475         997.960     686.685E-15
              45               2    -619.982E-27     73.5331E-15              0.     1.02330E-27         547.222     9.41302E-12         10.3475         997.960     528.572E-15
              45               3    -634.320E-27     73.5331E-15              0.    -718.523E-30         547.222     9.41302E-12         10.3475         997.960     686.685E-15
              45               4    -634.320E-27     73.5331E-15              0.     1.12284E-27         547.222     9.41302E-12         10.3475         997.960     519.537E-15
              46               1    -605.037E-27     73.9000E-15              0.     590.394E-30         448.466    -20.3733E-12         10.3991     1.00294E+03     451.774E-15
              46               2    -605.037E-27     73.9000E-15              0.     1.73502E-27         448.466    -20.3733E-12         10.3991     1.00294E+03     347.872E-15
              46               3    -624.828E-27     73.9000E-15              0.     590.394E-30         448.466    -20.3733E-12         10.3991     1.00294E+03     451.774E-15
              46               4    -624.828E-27     73.9000E-15              0.     1.78479E-27         448.466    -20.3733E-12         10.3991     1.00294E+03     343.354E-15
              47               1    -609.682E-27     74.1939E-15              0.     1.52548E-27         349.266     36.7474E-12         10.4405     1.00693E+03     243.969E-15
              47               2    -608.269E-27     74.1939E-15              0.     2.89406E-27         349.266     36.7474E-12         10.4405     1.00693E+03     119.737E-15
              47               3    -632.906E-27     74.1939E-15              0.     1.29979E-27         349.266     36.7474E-12         10.4405     1.00693E+03     243.969E-15
              47               4    -632.906E-27     74.1939E-15              0.     2.54395E-27         349.266     36.7474E-12         10.4405     1.00693E+03     131.031E-15
              48               1    -599.383E-27     74.4145E-15              0.     2.21523E-27         249.723     5.79175E-12         10.4715     1.00992E+03     99.4087E-15
              48               2    -599.383E-27     74.4145E-15              0.     2.28988E-27         249.723     5.79175E-12         10.4715     1.00992E+03     92.6325E-15
              48               3    -617.558E-27     74.4145E-15              0.     2.29046E-27         249.723     5.79175E-12         10.4715     1.00992E+03     99.4087E-15
              48               4    -617.558E-27     74.4145E-15              0.     2.41487E-27         249.723     5.79175E-12         10.4715     1.00992E+03     88.1149E-15
              49               1    -587.064E-27     74.5618E-15              0.     2.48370E-27         149.932     27.4615E-12         10.4923     1.01192E+03     13.5761E-15
              49               2    -587.064E-27     74.5618E-15              0.     2.28464E-27         149.932     27.4615E-12         10.4923     1.01192E+03     31.6461E-15
              49               3    -603.826E-27     74.5618E-15              0.     2.48370E-27         149.932     27.4615E-12         10.4923     1.01192E+03     13.5761E-15
              49               4    -603.826E-27     74.5618E-15              0.     2.28464E-27         149.932     27.4615E-12         10.4923     1.01192E+03     31.6461E-15
              50               1    -599.989E-27     74.6354E-15              0.     1.85988E-27         49.9938     32.0016E-12         10.5026     1.01292E+03     49.7162E-15
              50               2    -599.989E-27     74.6354E-15              0.     920.535E-30         49.9938     32.0016E-12         10.5026     1.01292E+03     134.984E-15
              50               3    -603.220E-27     74.6354E-15              0.     1.70941E-27         49.9938     32.0016E-12         10.5026     1.01292E+03     49.7162E-15
              50               4    -603.220E-27     74.6354E-15              0.     770.072E-30         49.9938     32.0016E-12         10.5026     1.01292E+03     134.984E-15
              51               1    -602.008E-27     74.6354E-15              0.     1.71065E-27        -49.9938    -32.0016E-12         10.5026     1.01292E+03    -18.6869E-15
              51               2    -602.008E-27     74.6354E-15              0.     91.2912E-30        -49.9938    -32.0016E-12         10.5026     1.01292E+03     128.309E-15
              51               3    -625.636E-27     74.6354E-15              0.     1.86111E-27        -49.9938    -32.0016E-12         10.5026     1.01292E+03    -18.6869E-15
              51               4    -630.685E-27     74.6354E-15              0.     216.871E-30        -49.9938    -32.0016E-12         10.5026     1.01292E+03     130.568E-15
              52               1    -612.913E-27     74.5618E-15              0.     1.47848E-27        -149.932    -27.4615E-12         10.4923     1.01192E+03    -11.2702E-15
              52               2    -614.125E-27     74.5618E-15              0.     756.868E-30        -149.932    -27.4615E-12         10.4923     1.01192E+03     54.2337E-15
              52               3    -606.047E-27     74.5618E-15              0.     1.20244E-27        -149.932    -27.4615E-12         10.4923     1.01192E+03    -13.5290E-15
              52               4    -606.047E-27     74.5618E-15              0.     424.837E-30        -149.932    -27.4615E-12         10.4923     1.01192E+03     57.0571E-15
              53               1    -582.015E-27     74.4145E-15              0.     1.95126E-27        -249.723    -40.0645E-12         10.4715     1.00992E+03    -54.1866E-15
              53               2    -583.227E-27     74.4145E-15              0.     2.53602E-27        -249.723    -40.0645E-12         10.4715     1.00992E+03    -107.267E-15
              53               3    -577.169E-27     74.4145E-15              0.     1.80080E-27        -249.723    -40.0645E-12         10.4715     1.00992E+03    -54.1866E-15
              53               4    -582.419E-27     74.4145E-15              0.     2.38556E-27        -249.723    -40.0645E-12         10.4715     1.00992E+03    -107.267E-15
              54               1    -597.565E-27     74.1939E-15              0.     3.99285E-27        -349.266    -35.5423E-12         10.4405     1.00693E+03    -225.852E-15
              54               2    -598.777E-27     74.1939E-15              0.     1.75336E-27        -349.266    -35.5423E-12         10.4405     1.00693E+03    -22.5641E-15
              54               3    -588.680E-27     74.1939E-15              0.     4.09238E-27        -349.266    -35.5423E-12         10.4405     1.00693E+03    -234.887E-15
              54               4    -588.680E-27     74.1939E-15              0.     1.75336E-27        -349.266    -35.5423E-12         10.4405     1.00693E+03    -22.5641E-15
              55               1    -572.120E-27     73.9000E-15              0.     3.09706E-27        -448.466    -31.0358E-12         10.3991     1.00294E+03    -144.537E-15
              55               2    -572.120E-27     73.9000E-15              0.     1.10640E-27        -448.466    -31.0358E-12         10.3991     1.00294E+03     36.1634E-15
              55               3    -611.702E-27     73.9000E-15              0.     3.09706E-27        -448.466    -31.0358E-12         10.3991     1.00294E+03    -144.537E-15
              55               4    -611.702E-27     73.9000E-15              0.     1.08151E-27        -448.466    -31.0358E-12         10.3991     1.00294E+03     38.4222E-15
              56               1    -580.602E-27     73.5331E-15              0.     694.299E-30        -547.222    -26.5494E-12         10.3475         997.960    -90.3270E-15
              56               2    -577.976E-27     73.5331E-15              0.     395.701E-30        -547.222    -26.5494E-12         10.3475         997.960    -63.2219E-15
              56               3    -617.558E-27     73.5331E-15              0.     742.902E-30        -547.222    -26.5494E-12         10.3475         997.960    -108.397E-15
              56               4    -612.509E-27     73.5331E-15              0.     295.004E-30        -547.222    -26.5494E-12         10.3475         997.960    -67.7394E-15
              57               1    -571.918E-27     73.0937E-15              0.     636.386E-30        -645.439    -9.27416E-12         10.2857         991.997    -180.677E-15
              57               2    -570.706E-27     73.0937E-15              0.     2.87588E-27        -645.439    -9.27416E-12         10.2857         991.997    -383.965E-15
              57               3    -562.224E-27     73.0937E-15              0.     636.386E-30        -645.439    -9.27416E-12         10.2857         991.997    -180.677E-15
              57               4    -562.224E-27     73.0937E-15              0.     2.87588E-27        -645.439    -9.27416E-12         10.2857         991.997    -383.965E-15
              58               1    -559.801E-27     72.5822E-15              0.     3.77284E-27        -743.019    -17.6546E-12         10.2137         985.055    -451.728E-15
              58               2    -559.801E-27     72.5822E-15              0.     5.01700E-27        -743.019    -17.6546E-12         10.2137         985.055    -564.666E-15
              58               3    -568.485E-27     72.5822E-15              0.     3.77284E-27        -743.019    -17.6546E-12         10.2137         985.055    -451.728E-15
              58               4    -568.485E-27     72.5822E-15              0.     5.06676E-27        -743.019    -17.6546E-12         10.2137         985.055    -569.183E-15
              59               1    -532.336E-27     71.9991E-15              0.     2.86540E-27        -839.865    -13.2550E-12         10.1316         977.140    -505.938E-15
              59               2    -529.711E-27     71.9991E-15              0.     2.66634E-27        -839.865    -13.2550E-12         10.1316         977.140    -487.868E-15
              59               3    -588.478E-27     71.9991E-15              0.     2.66634E-27        -839.865    -13.2550E-12         10.1316         977.140    -487.868E-15
              59               4    -588.478E-27     71.9991E-15              0.     2.91517E-27        -839.865    -13.2550E-12         10.1316         977.140    -510.456E-15
              60               1    -553.541E-27     71.3448E-15              0.     2.60377E-27        -935.882    -26.0294E-12         10.0396         968.261    -632.429E-15
              60               2    -553.541E-27     71.3448E-15              0.     2.20564E-27        -935.882    -26.0294E-12         10.0396         968.261    -596.289E-15
              60               3    -566.061E-27     71.3448E-15              0.     2.80283E-27        -935.882    -26.0294E-12         10.0396         968.261    -650.499E-15
              60               4    -566.061E-27     71.3448E-15              0.     2.20564E-27        -935.882    -26.0294E-12         10.0396         968.261    -596.289E-15
              61               1    -527.287E-27     70.6202E-15              0.     55.2037E-30    -1.03098E+03    -38.8457E-12         9.93761         958.427    -524.009E-15
              61               2    -524.662E-27     70.6202E-15              0.     1.24960E-27    -1.03098E+03    -38.8457E-12         9.93761         958.427    -632.429E-15
              61               3    -551.521E-27     70.6202E-15              0.     506.594E-30    -1.03098E+03    -38.8457E-12         9.93761         958.427    -524.009E-15
              61               4    -551.521E-27     70.6202E-15              0.     1.80052E-27    -1.03098E+03    -38.8457E-12         9.93761         958.427    -641.464E-15
              62               1    -530.316E-27     69.8259E-15              0.     2.24493E-27    -1.12505E+03     16.8372E-12         9.82584         947.647    -722.779E-15
              62               2    -530.316E-27     69.8259E-15              0.     3.14072E-27    -1.12505E+03     16.8372E-12         9.82584         947.647    -804.095E-15
              62               3    -521.229E-27     69.8259E-15              0.     2.24493E-27    -1.12505E+03     16.8372E-12         9.82584         947.647    -722.779E-15
              62               4    -521.229E-27     69.8259E-15              0.     3.14072E-27    -1.12505E+03     16.8372E-12         9.82584         947.647    -804.095E-15
              63               1    -514.363E-27     68.9627E-15              0.     1.24494E-27    -1.21802E+03     21.0606E-12         9.70436         935.932    -686.640E-15
              63               2    -514.363E-27     68.9627E-15              0.     1.74261E-27    -1.21802E+03     21.0606E-12         9.70436         935.932    -731.815E-15
              63               3    -551.521E-27     68.9627E-15              0.     1.64308E-27    -1.21802E+03     21.0606E-12         9.70436         935.932    -722.780E-15
              63               4    -551.521E-27     68.9627E-15              0.     1.94167E-27    -1.21802E+03     21.0606E-12         9.70436         935.932    -749.885E-15
              64               1    -514.968E-27     68.0314E-15              0.     1.88143E-27    -1.30978E+03    -9.04343E-12         9.57331         923.293    -867.340E-15
              64               2    -514.968E-27     68.0314E-15              0.     1.28424E-27    -1.30978E+03    -9.04343E-12         9.57331         923.293    -813.130E-15
              64               3    -549.905E-27     68.0314E-15              0.     1.58051E-27    -1.30978E+03    -9.04343E-12         9.57331         923.293    -867.340E-15
              64               4    -549.905E-27     68.0314E-15              0.     1.58051E-27    -1.30978E+03    -9.04343E-12         9.57331         923.293    -867.340E-15
              65               1    -502.851E-27     67.0330E-15              0.    -914.797E-30    -1.40025E+03    -56.3425E-12         9.43282         909.742    -722.780E-15
              65               2    -502.851E-27     67.0330E-15              0.    -616.198E-30    -1.40025E+03    -56.3425E-12         9.43282         909.742    -749.885E-15
              65               3    -529.509E-27     67.0330E-15              0.    -914.797E-30    -1.40025E+03    -56.3425E-12         9.43282         909.742    -722.780E-15
              65               4    -529.509E-27     67.0330E-15              0.    -815.264E-30    -1.40025E+03    -56.3425E-12         9.43282         909.742    -731.815E-15
              66               1    -493.562E-27     65.9684E-15              0.    -1.02131E-27    -1.48934E+03    -35.1589E-12         9.28301         895.294    -795.061E-15
              66               2    -493.562E-27     65.9684E-15              0.     571.214E-30    -1.48934E+03    -35.1589E-12         9.28301         895.294    -939.621E-15
              66               3    -502.246E-27     65.9684E-15              0.    -1.17178E-27    -1.48934E+03    -35.1589E-12         9.28301         895.294    -795.061E-15
              66               4    -502.246E-27     65.9684E-15              0.     420.751E-30    -1.48934E+03    -35.1589E-12         9.28301         895.294    -939.621E-15
              67               1    -510.526E-27     64.8387E-15              0.     163.773E-30    -1.57696E+03     3.09432E-12         9.12404         879.963    -1.01190E-12
              67               2    -510.526E-27     64.8387E-15              0.     362.839E-30    -1.57696E+03     3.09432E-12         9.12404         879.963    -1.02997E-12
              67               3    -532.538E-27     64.8387E-15              0.     163.773E-30    -1.57696E+03     3.09432E-12         9.12404         879.963    -1.01190E-12
              67               4    -532.538E-27     64.8387E-15              0.     661.437E-30    -1.57696E+03     3.09432E-12         9.12404         879.963    -1.05708E-12
              68               1    -489.321E-27     63.6450E-15              0.     207.721E-30    -1.66303E+03     7.00410E-12         8.95607         863.763    -1.08418E-12
              68               2    -489.321E-27     63.6450E-15              0.     1.89978E-27    -1.66303E+03     7.00410E-12         8.95607         863.763    -1.23778E-12
              68               3    -519.411E-27     63.6450E-15              0.     508.648E-30    -1.66303E+03     7.00410E-12         8.95607         863.763    -1.08418E-12
              68               4    -519.411E-27     63.6450E-15              0.     2.20071E-27    -1.66303E+03     7.00410E-12         8.95607         863.763    -1.23778E-12
              69               1    -436.410E-27     62.3886E-15              0.    -695.057E-30    -1.74745E+03     2.95483E-12         8.77926         846.711    -1.08418E-12
              69               2    -436.410E-27     62.3886E-15              0.     499.338E-30    -1.74745E+03     2.95483E-12         8.77926         846.711    -1.19260E-12
              69               3    -475.790E-27     62.3886E-15              0.    -695.057E-30    -1.74745E+03     2.95483E-12         8.77926         846.711    -1.08418E-12
              69               4    -475.588E-27     62.3886E-15              0.     499.338E-30    -1.74745E+03     2.95483E-12         8.77926         846.711    -1.19260E-12
              70               1    -446.104E-27     61.0705E-15              0.     392.823E-30    -1.83015E+03    -2.54018E-12         8.59378         828.823    -1.26488E-12
              70               2    -446.104E-27     61.0705E-15              0.     591.889E-30    -1.83015E+03    -2.54018E-12         8.59378         828.823    -1.28295E-12
              70               3    -423.082E-27     61.0705E-15              0.     543.286E-30    -1.83015E+03    -2.54018E-12         8.59378         828.823    -1.26488E-12
              70               4    -423.082E-27     61.0705E-15              0.     1.33955E-27    -1.83015E+03    -2.54018E-12         8.59378         828.823    -1.33716E-12
              71               1    -440.247E-27     59.6922E-15              0.     2.49000E-27    -1.91104E+03    -16.0017E-12         8.39983         810.117    -1.37330E-12
              71               2    -440.247E-27     59.6922E-15              0.     3.28626E-27    -1.91104E+03    -16.0017E-12         8.39983         810.117    -1.44558E-12
              71               3    -458.221E-27     59.6922E-15              0.     2.49000E-27    -1.91104E+03    -16.0017E-12         8.39983         810.117    -1.37330E-12
              71               4    -458.221E-27     59.6922E-15              0.     3.28626E-27    -1.91104E+03    -16.0017E-12         8.39983         810.117    -1.44558E-12
              72               1    -396.223E-27     58.2550E-15              0.     4.38345E-27    -1.99005E+03    -46.6853E-12         8.19758         790.611    -1.51786E-12
              72               2    -396.223E-27     58.2550E-15              0.     3.38813E-27    -1.99005E+03    -46.6853E-12         8.19758         790.611    -1.42751E-12
              72               3    -387.337E-27     58.2550E-15              0.     3.93206E-27    -1.99005E+03    -46.6853E-12         8.19758         790.611    -1.51786E-12
              72               4    -387.337E-27     58.2550E-15              0.     2.93674E-27    -1.99005E+03    -46.6853E-12         8.19758         790.611    -1.42751E-12
              73               1    -370.373E-27     56.7602E-15              0.     3.63114E-27    -2.06709E+03    -43.1854E-12         7.98725         770.326    -1.51787E-12
              73               2    -370.373E-27     56.7602E-15              0.     4.62647E-27    -2.06709E+03    -43.1854E-12         7.98725         770.326    -1.60822E-12
              73               3    -395.011E-27     56.7602E-15              0.     3.33021E-27    -2.06709E+03    -43.1854E-12         7.98725         770.326    -1.51787E-12
              73               4    -395.011E-27     56.7602E-15              0.     4.92274E-27    -2.06709E+03    -43.1854E-12         7.98725         770.326    -1.66243E-12
              74               1    -372.797E-27     55.2095E-15              0.     5.01063E-27    -2.14209E+03    -22.6418E-12         7.76903         749.280    -1.80699E-12
              74               2    -375.422E-27     55.2095E-15              0.     6.20503E-27    -2.14209E+03    -22.6418E-12         7.76903         749.280    -1.91541E-12
              74               3    -396.223E-27     55.2095E-15              0.     5.01063E-27    -2.14209E+03    -22.6418E-12         7.76903         749.280    -1.80699E-12
              74               4    -396.223E-27     55.2095E-15              0.     6.00596E-27    -2.14209E+03    -22.6418E-12         7.76903         749.280    -1.89734E-12
              75               1    -391.174E-27     53.6043E-15              0.     3.95739E-27    -2.21498E+03    -2.19418E-12         7.54315         727.494    -1.80699E-12
              75               2    -391.174E-27     53.6043E-15              0.     4.75366E-27    -2.21498E+03    -2.19418E-12         7.54315         727.494    -1.87927E-12
              75               3    -426.313E-27     53.6043E-15              0.     3.80693E-27    -2.21498E+03    -2.19418E-12         7.54315         727.494    -1.80699E-12
              75               4    -426.313E-27     53.6043E-15              0.     4.60319E-27    -2.21498E+03    -2.19418E-12         7.54315         727.494    -1.87927E-12
              76               1    -389.760E-27     51.9462E-15              0.     4.15181E-27    -2.28568E+03    -33.2550E-12         7.30982         704.991    -1.87927E-12
              76               2    -389.760E-27     51.9462E-15              0.     3.15648E-27    -2.28568E+03    -33.2550E-12         7.30982         704.991    -1.78892E-12
              76               3    -398.848E-27     51.9462E-15              0.     4.00134E-27    -2.28568E+03    -33.2550E-12         7.30982         704.991    -1.87927E-12
              76               4    -398.848E-27     51.9462E-15              0.     2.60788E-27    -2.28568E+03    -33.2550E-12         7.30982         704.991    -1.75278E-12
              77               1    -369.162E-27     50.2368E-15              0.     2.75369E-27    -2.35413E+03    -13.0092E-12         7.06927         681.792    -1.80699E-12
              77               2    -369.162E-27     50.2368E-15              0.     2.95276E-27    -2.35413E+03    -13.0092E-12         7.06927         681.792    -1.82506E-12
              77               3    -377.038E-27     50.2368E-15              0.     2.75369E-27    -2.35413E+03    -13.0092E-12         7.06927         681.792    -1.80699E-12
              77               4    -377.038E-27     50.2368E-15              0.     4.14715E-27    -2.35413E+03    -13.0092E-12         7.06927         681.792    -1.93348E-12
              78               1    -331.397E-27     48.4778E-15              0.     3.93878E-27    -2.42025E+03     7.13108E-12         6.82175         657.920    -2.02383E-12
              78               2    -331.397E-27     48.4778E-15              0.     5.73037E-27    -2.42025E+03     7.13108E-12         6.82175         657.920    -2.18646E-12
              78               3    -351.996E-27     48.4778E-15              0.     4.08924E-27    -2.42025E+03     7.13108E-12         6.82175         657.920    -2.02383E-12
              78               4    -351.996E-27     48.4778E-15              0.     5.08457E-27    -2.42025E+03     7.13108E-12         6.82175         657.920    -2.11418E-12
              79               1    -304.942E-27     46.6710E-15              0.     4.97340E-27    -2.48398E+03    -32.8145E-12         6.56750         633.399    -2.24067E-12
              79               2    -304.942E-27     46.6710E-15              0.     4.77433E-27    -2.48398E+03    -32.8145E-12         6.56750         633.399    -2.22260E-12
              79               3    -344.625E-27     46.6710E-15              0.     4.97340E-27    -2.48398E+03    -32.8145E-12         6.56750         633.399    -2.24067E-12
              79               4    -344.625E-27     46.6710E-15              0.     4.77433E-27    -2.48398E+03    -32.8145E-12         6.56750         633.399    -2.22260E-12
              80               1    -318.877E-27     44.8182E-15              0.     3.12390E-27    -2.54527E+03    -4.32588E-12         6.30677         608.253    -2.16839E-12
              80               2    -321.502E-27     44.8182E-15              0.     1.53137E-27    -2.54527E+03    -4.32588E-12         6.30677         608.253    -2.02383E-12
              80               3    -345.130E-27     44.8182E-15              0.     3.42482E-27    -2.54527E+03    -4.32588E-12         6.30677         608.253    -2.16839E-12
              80               4    -345.130E-27     44.8182E-15              0.     2.23043E-27    -2.54527E+03    -4.32588E-12         6.30677         608.253    -2.05997E-12
              81               1    -291.513E-27     42.9211E-15              0.     1.14255E-27    -2.60404E+03     6.91223E-12         6.03981         582.506    -1.87927E-12
              81               2    -288.988E-27     42.9211E-15              0.    -4.03316E-27    -2.60404E+03     6.91223E-12         6.03981         582.506    -1.40945E-12
              81               3    -288.887E-27     42.9211E-15              0.     1.14255E-27    -2.60404E+03     6.91223E-12         6.03981         582.506    -1.87927E-12
              81               4    -288.887E-27     42.9211E-15              0.    -4.23222E-27    -2.60404E+03     6.91223E-12         6.03981         582.506    -1.39138E-12
              82               1    -255.768E-27     40.9816E-15              0.    -1.97993E-27    -2.66024E+03    -17.0493E-12         5.76690         556.185    -1.44559E-12
              82               2    -255.667E-27     40.9816E-15              0.    -188.334E-30    -2.66024E+03    -17.0493E-12         5.76690         556.185    -1.60822E-12
              82               3    -223.254E-27     40.9816E-15              0.    -1.67900E-27    -2.66024E+03    -17.0493E-12         5.76690         556.185    -1.44559E-12
              82               4    -223.254E-27     40.9816E-15              0.     311.658E-30    -2.66024E+03    -17.0493E-12         5.76690         556.185    -1.62629E-12
              83               1    -229.716E-27     39.0017E-15              0.     3.35556E-27    -2.71381E+03     29.0357E-12         5.48829         529.315    -1.80699E-12
              83               2    -229.716E-27     39.0017E-15              0.     3.35556E-27    -2.71381E+03     29.0357E-12         5.48829         529.315    -1.80699E-12
              83               3    -216.994E-27     39.0017E-15              0.     3.35556E-27    -2.71381E+03     29.0357E-12         5.48829         529.315    -1.80699E-12
              83               4    -216.994E-27     39.0017E-15              0.     4.35089E-27    -2.71381E+03     29.0357E-12         5.48829         529.315    -1.89734E-12
              84               1    -209.521E-27     36.9833E-15              0.     4.75368E-27    -2.76471E+03     14.2115E-12         5.20426         501.922    -1.87927E-12
              84               2    -206.896E-27     36.9833E-15              0.     3.75835E-27    -2.76471E+03     14.2115E-12         5.20426         501.922    -1.78892E-12
              84               3    -201.645E-27     36.9833E-15              0.     4.75368E-27    -2.76471E+03     14.2115E-12         5.20426         501.922    -1.87927E-12
              84               4    -201.645E-27     36.9833E-15              0.     3.75835E-27    -2.76471E+03     14.2115E-12         5.20426         501.922    -1.78892E-12
              85               1    -184.985E-27     34.9285E-15              0.     4.06394E-27    -2.81288E+03    -736.547E-15         4.91510         474.034    -1.73471E-12
              85               2    -184.985E-27     34.9285E-15              0.     2.86954E-27    -2.81288E+03    -736.547E-15         4.91510         474.034    -1.62629E-12
              85               3    -186.802E-27     34.9285E-15              0.     4.21440E-27    -2.81288E+03    -736.547E-15         4.91510         474.034    -1.73471E-12
              85               4    -186.802E-27     34.9285E-15              0.     3.21907E-27    -2.81288E+03    -736.547E-15         4.91510         474.034    -1.64436E-12
              86               1    -143.484E-27     32.8391E-15              0.     2.42747E-27    -2.85828E+03    -7.24256E-12         4.62109         445.678    -1.51787E-12
              86               2    -140.960E-27     32.8391E-15              0.     2.82560E-27    -2.85828E+03    -7.24256E-12         4.62109         445.678    -1.55401E-12
              86               3    -165.093E-27     32.8391E-15              0.     2.42747E-27    -2.85828E+03    -7.24256E-12         4.62109         445.678    -1.51787E-12
              86               4    -165.093E-27     32.8391E-15              0.     2.62653E-27    -2.85828E+03    -7.24256E-12         4.62109         445.678    -1.53594E-12
              87               1    -114.808E-27     30.7173E-15              0.     1.67515E-27    -2.90085E+03     11.8279E-12         4.32252         416.883    -1.51787E-12
              87               2    -114.808E-27     30.7173E-15              0.     3.06861E-27    -2.90085E+03     11.8279E-12         4.32252         416.883    -1.64436E-12
              87               3    -152.067E-27     30.7173E-15              0.     1.52469E-27    -2.90085E+03     11.8279E-12         4.32252         416.883    -1.51787E-12
              87               4    -151.966E-27     30.7173E-15              0.     2.52002E-27    -2.90085E+03     11.8279E-12         4.32252         416.883    -1.60822E-12
              88               1    -146.211E-27     28.5653E-15              0.     170.524E-30    -2.94056E+03     5.06364E-12         4.01968         387.676    -1.51787E-12
              88               2    -146.211E-27     28.5653E-15              0.     170.524E-30    -2.94056E+03     5.06364E-12         4.01968         387.676    -1.51787E-12
              88               3    -181.855E-27     28.5653E-15              0.     471.450E-30    -2.94056E+03     5.06364E-12         4.01968         387.676    -1.51787E-12
              88               4    -181.855E-27     28.5653E-15              0.     471.450E-30    -2.94056E+03     5.06364E-12         4.01968         387.676    -1.51787E-12
              89               1    -151.158E-27     26.3850E-15              0.    -1.03318E-27    -2.97737E+03     15.3040E-12         3.71287         358.086    -1.51787E-12
              89               2    -151.158E-27     26.3850E-15              0.     1.55468E-27    -2.97737E+03     15.3040E-12         3.71287         358.086    -1.75279E-12
              89               3    -153.178E-27     26.3850E-15              0.    -236.916E-30    -2.97737E+03     15.3040E-12         3.71287         358.086    -1.59015E-12
              89               4    -153.178E-27     26.3850E-15              0.     1.75374E-27    -2.97737E+03     15.3040E-12         3.71287         358.086    -1.77086E-12
              90               1    -142.273E-27     24.1787E-15              0.     4.00138E-27    -3.01124E+03    -293.742E-15         3.40240         328.143    -1.87928E-12
              90               2    -142.273E-27     24.1787E-15              0.     2.60792E-27    -3.01124E+03    -293.742E-15         3.40240         328.143    -1.75279E-12
              90               3    -108.749E-27     24.1787E-15              0.     4.30231E-27    -3.01124E+03    -293.742E-15         3.40240         328.143    -1.87928E-12
              90               4    -98.5508E-27     24.1787E-15              0.     3.10791E-27    -3.01124E+03    -293.742E-15         3.40240         328.143    -1.77086E-12
              91               1    -107.235E-27     21.9485E-15              0.     4.21442E-27    -3.04213E+03     5.39401E-12         3.08858         297.876    -1.73472E-12
              91               2    -104.710E-27     21.9485E-15              0.     5.20975E-27    -3.04213E+03     5.39401E-12         3.08858         297.876    -1.82507E-12
              91               3    -102.287E-27     21.9485E-15              0.     4.66581E-27    -3.04213E+03     5.39401E-12         3.08858         297.876    -1.73472E-12
              91               4    -102.287E-27     21.9485E-15              0.     5.66114E-27    -3.04213E+03     5.39401E-12         3.08858         297.876    -1.82507E-12
              92               1    -65.1788E-27     19.6967E-15              0.     5.16115E-27    -3.07003E+03     2.37719E-12         2.77170         267.315    -1.80700E-12
              92               2    -65.1284E-27     19.6967E-15              0.     3.17049E-27    -3.07003E+03     2.37719E-12         2.77170         267.315    -1.62630E-12
              92               3    -101.631E-27     19.6967E-15              0.     5.31161E-27    -3.07003E+03     2.37719E-12         2.77170         267.315    -1.80700E-12
              92               4    -101.631E-27     19.6967E-15              0.     3.32095E-27    -3.07003E+03     2.37719E-12         2.77170         267.315    -1.62630E-12
              93               1    -75.9831E-27     17.4254E-15              0.     2.62190E-27    -3.09490E+03    -13.6296E-12         2.45209         236.491    -1.59016E-12
              93               2    -75.9831E-27     17.4254E-15              0.     34.0435E-30    -3.09490E+03    -13.6296E-12         2.45209         236.491    -1.35525E-12
              93               3    -85.6766E-27     17.4254E-15              0.     2.92282E-27    -3.09490E+03    -13.6296E-12         2.45209         236.491    -1.59016E-12
              93               4    -85.7271E-27     17.4254E-15              0.     135.904E-30    -3.09490E+03    -13.6296E-12         2.45209         236.491    -1.33718E-12
              94               1    -54.4756E-27     15.1370E-15              0.     1.33030E-27    -3.11671E+03     3.81519E-12         2.13006         205.433    -1.44560E-12
              94               2    -54.4756E-27     15.1370E-15              0.     1.33030E-27    -3.11671E+03     3.81519E-12         2.13006         205.433    -1.44560E-12
              94               3    -68.6625E-27     15.1370E-15              0.     1.33030E-27    -3.11671E+03     3.81519E-12         2.13006         205.433    -1.44560E-12
              94               4    -68.6625E-27     15.1370E-15              0.     1.92750E-27    -3.11671E+03     3.81519E-12         2.13006         205.433    -1.49981E-12
              95               1    -58.7165E-27     12.8336E-15              0.     966.809E-30    -3.13544E+03    -11.7875E-12         1.80593         174.172    -1.59016E-12
              95               2    -58.7670E-27     12.8336E-15              0.     4.54999E-27    -3.13544E+03    -11.7875E-12         1.80593         174.172    -1.91542E-12
              95               3    -104.559E-27     12.8336E-15              0.     1.11727E-27    -3.13544E+03    -11.7875E-12         1.80593         174.172    -1.59016E-12
              95               4    -104.508E-27     12.8336E-15              0.     3.90419E-27    -3.13544E+03    -11.7875E-12         1.80593         174.172    -1.84314E-12
              96               1    -46.0695E-27     10.5175E-15              0.     5.72577E-27    -3.15108E+03    -366.716E-15         1.48002         142.739    -2.24068E-12
              96               2    -46.0695E-27     10.5175E-15              0.     9.10989E-27    -3.15108E+03    -366.716E-15         1.48002         142.739    -2.54787E-12
              96               3    -86.5601E-27     10.5175E-15              0.     5.42484E-27    -3.15108E+03    -366.716E-15         1.48002         142.739    -2.24068E-12
              96               4    -86.5601E-27     10.5175E-15              0.     9.40616E-27    -3.15108E+03    -366.716E-15         1.48002         142.739    -2.60208E-12
              97               1    -75.1248E-27     8.19108E-15              0.     8.05199E-27    -3.16362E+03    -1.93946E-12         1.15264         111.166    -2.60208E-12
              97               2    -75.1248E-27     8.19108E-15              0.     9.24638E-27    -3.16362E+03    -1.93946E-12         1.15264         111.166    -2.71050E-12
              97               3    -96.9605E-27     8.19108E-15              0.     8.05199E-27    -3.16362E+03    -1.93946E-12         1.15264         111.166    -2.60208E-12
              97               4    -96.9605E-27     8.19108E-15              0.     9.24638E-27    -3.16362E+03    -1.93946E-12         1.15264         111.166    -2.71050E-12
              98               1    -33.9273E-27     5.85655E-15              0.     8.80431E-27    -3.17303E+03     4.91416E-12     824.129E-03         79.4826    -2.60208E-12
              98               2    -36.4896E-27     5.85655E-15              0.     5.22113E-27    -3.17303E+03     4.91416E-12     824.129E-03         79.4826    -2.27682E-12
              98               3    -2.61271E-27     5.85655E-15              0.     9.10524E-27    -3.17303E+03     4.91416E-12     824.129E-03         79.4826    -2.60208E-12
              98               4    -2.62533E-27     5.85655E-15              0.     4.92485E-27    -3.17303E+03     4.91416E-12     824.129E-03         79.4826    -2.22261E-12
              99               1     25.4329E-27     3.51624E-15              0.     5.87624E-27    -3.17930E+03    -15.1501E-12     494.803E-03         47.7210    -2.24068E-12
              99               2     25.4581E-27     3.51624E-15              0.     3.68652E-27    -3.17930E+03    -15.1501E-12     494.803E-03         47.7210    -2.04191E-12
              99               3    -14.8558E-27     3.51624E-15              0.     5.87624E-27    -3.17930E+03    -15.1501E-12     494.803E-03         47.7210    -2.24068E-12
              99               4    -14.8558E-27     3.51624E-15              0.     3.28839E-27    -3.17930E+03    -15.1501E-12     494.803E-03         47.7210    -2.00577E-12
             100               1    -14.8874E-27     1.17247E-15              0.     4.13325E-27    -3.18244E+03     51.3961E-12     164.989E-03         15.9122    -2.09612E-12
             100               2    -14.8874E-27     1.17247E-15              0.     2.54073E-27    -3.18244E+03     51.3961E-12     164.989E-03         15.9122    -1.95156E-12
             100               3    -5.82179E-27     1.17247E-15              0.     4.28372E-27    -3.18244E+03     51.3961E-12     164.989E-03         15.9122    -2.09612E-12
             100               4    -5.84073E-27     1.17247E-15              0.     3.28839E-27    -3.18244E+03     51.3961E-12     164.989E-03         15.9122    -2.00577E-12


  Minimum                           -783.964E-27     1.17247E-15              0.    -7.38250E-27    -3.18244E+03    -56.3425E-12     164.989E-03         15.9122    -2.71050E-12
      At Element                               1             100             100               1             100              65             100             100              97
          Int Pt                               1               4               4               1               4               4               4               4               4

  Maximum                            25.4581E-27     74.6354E-15              0.     9.40616E-27     3.18244E+03     51.3961E-12         10.5026     1.01292E+03     1.08421E-12
      At Element                              99              51             100              96               1             100              51              51              10
          Int Pt                               2               4               4               4               4               4               4               4               3

           Total                    -207.782E-24     19.0089E-12              0.     726.188E-27              0.    -1.56130E-09     2.67491E+03     257.980E+03    -184.537E-12


