 OpenSG msg-shell beam model (pynumad in-memory, reference=oml) [F1 F2 F3 M1 M2 M3] (1 = axial)

 The 6X6 Mass Matrix
 ========================================================

    4.9478394849E+02    0.0000000000E+00    0.0000000000E+00    0.0000000000E+00    1.3614837810E+01   -4.1124892744E+02
    0.0000000000E+00    4.9478394849E+02    0.0000000000E+00   -1.3614837810E+01    0.0000000000E+00    0.0000000000E+00
    0.0000000000E+00    0.0000000000E+00    4.9478394849E+02    4.1124892744E+02    0.0000000000E+00    0.0000000000E+00
    0.0000000000E+00   -1.3614837810E+01    4.1124892744E+02    1.6351096323E+03    0.0000000000E+00    0.0000000000E+00
    1.3614837810E+01    0.0000000000E+00    0.0000000000E+00    0.0000000000E+00    1.8621102257E+02   -3.5671152526E+01
   -4.1124892744E+02    0.0000000000E+00    0.0000000000E+00    0.0000000000E+00   -3.5671152526E+01    1.4488986098E+03

 The Mass Center of the Cross Section
 ========================================================

    8.3116869231E-01    2.7516733014E-02

 The 6X6 Mass Matrix at the Mass Center
 ========================================================

    4.9478394849E+02    0.0000000000E+00    0.0000000000E+00    0.0000000000E+00    0.0000000000E+00    0.0000000000E+00
    0.0000000000E+00    4.9478394849E+02    0.0000000000E+00    0.0000000000E+00    0.0000000000E+00    0.0000000000E+00
    0.0000000000E+00    0.0000000000E+00    4.9478394849E+02    0.0000000000E+00    0.0000000000E+00    0.0000000000E+00
    0.0000000000E+00    0.0000000000E+00    0.0000000000E+00    1.2929177633E+03    0.0000000000E+00    0.0000000000E+00
    0.0000000000E+00    0.0000000000E+00    0.0000000000E+00    0.0000000000E+00    1.8583638671E+02   -2.4354925587E+01
    0.0000000000E+00    0.0000000000E+00    0.0000000000E+00    0.0000000000E+00   -2.4354925587E+01    1.1070813765E+03

 The Mass Properties with respect to Principal Inertial Axes
 ========================================================

 Mass per unit span                     =  4.9478394849E+02
 Mass moment of inertia i11             =  1.2929177633E+03
 Principal mass moments of inertia i22  =  1.8519296567E+02
 Principal mass moments of inertia i33  =  1.1077247976E+03
 The principal inertial axes rotated from user coordinate system by
   1.5133175812 degrees about the positive direction of x1 axis.
 The mass-weighted radius of gyration   =  1.6165072252E+00

 The Geometric Center of the Cross Section
 ========================================================

    6.2320762562E-01    3.3271731032E-02

 The Area of the Cross Section
 ========================================================

 Area =    7.0946073431E-01

 Timoshenko Stiffness Matrix (1-extension; 2,3-shear, 4-twist; 5,6-bending)
 ========================================================

    2.4102084877E+10   -4.6472583168E-06   -4.0889774369E-06   -1.2333900327E-06    2.7728172366E+08   -7.8635439140E+09
   -4.6472583168E-06    3.6282215624E+08    9.2125107915E+06   -2.6323389410E+07   -4.0669426848E-06    2.8358139392E-05
   -4.0889774369E-06    9.2125107915E+06    1.8020994618E+08   -2.3148111786E+07   -4.6205982354E-07    3.0910322011E-06
   -1.2333900327E-06   -2.6323389410E+07   -2.3148111786E+07    5.1366175868E+08   -1.1876176703E-06    1.6820012378E-06
    2.7728172366E+08   -4.0669426848E-06   -4.6205982354E-07   -1.1876176703E-06    1.2990923397E+10   -9.4851964538E+08
   -7.8635439140E+09    2.8358139392E-05    3.0910322011E-06    1.6820012378E-06   -9.4851964538E+08    2.8906959767E+10

 Timoshenko Compliance Matrix (1-extension; 2,3-shear, 4-twist; 5,6-bending)
 ========================================================

    4.5531243119E-11   -4.0082943582E-25    8.5212457350E-25    8.6481149745E-26   -6.7653098523E-14    1.2383618420E-11
   -4.0082943582E-25    2.7692115571E-09   -1.2405416126E-10    1.3632203176E-10    6.7923866735E-25   -2.7980526165E-24
    8.5212457350E-25   -1.2405416126E-10    5.5869491833E-09    2.4541791580E-10    1.4562468281E-25   -2.5341443913E-25
    8.6481149745E-26    1.3632203176E-10    2.4541791580E-10    1.9648521663E-09    2.1138104320E-25   -2.4384336164E-25
   -6.7653098523E-14    6.7923866735E-25    1.4562468281E-25    2.1138104320E-25    7.7161786502E-11    2.5134942534E-12
    1.2383618420E-11   -2.7980526165E-24   -2.5341443913E-25   -2.4384336164E-25    2.5134942534E-12    3.8044928792E-11

 The Tension Center of the Cross Section
 ========================================================

    3.2625990465E-01    1.1504470467E-02

 The extension stiffness EA             2.4102084877E+10
 The torsional stiffness GJ             5.1366175868E+08
 Principal bending stiffness EI22       1.2932824069E+10
 Principal bending stiffness EI33       2.6396310029E+10
 The principal bending axes rotated from the user coordinate system by
   3.6615305813 degrees about the positive direction of x1 axis.

 The Shear Center of the Cross Section
 ========================================================

   -1.2490401060E-01    6.9380299498E-02

 Principal shear stiffness GA22 =    1.7974636575E+08
 Principal shear stiffness GA33 =    3.6328573667E+08
 The principal shear axes rotated from user coordinate system by
   92.8807366326 degrees about the positive direction of x1 axis.

 Time taken: 3.59 sec

 Cross-check vs the blade file's own elastic_properties_mb (pyNuMAD/WISDEM)
 ========================================================
   GA3  OpenSG   1.802099E+08   file   2.033162E+08     -11.36 %
   GA2  OpenSG   3.628222E+08   file   3.337354E+08      +8.72 %
   EA   OpenSG   2.410208E+10   file   2.160810E+10     +11.54 %
   EI3  OpenSG   2.890696E+10   file   2.818818E+10      +2.55 %
   EI2  OpenSG   1.299092E+10   file   1.180563E+10     +10.04 %
   GJ   OpenSG   5.136618E+08   file   5.313826E+08      -3.33 %
   mu   OpenSG   4.947839E+02   file   4.690433E+02      +5.49 %
