 OpenSG msg-solid 3D elastic model, omega 1, periodic

 The Effective Cauchy Continuum Stiffness Matrix
 --------------------------------------------
     2.3031598E+009     1.6121296E+009     1.6121409E+009     1.1591715E+004     3.0146790E+004     3.5442225E+004
     1.6121296E+009     2.3030673E+009     1.6121202E+009    -1.2798992E+004    -2.4610987E+004    -4.7636488E+004
     1.6121409E+009     1.6121202E+009     2.3030185E+009    -1.3580840E+004     1.0721967E+005     2.9984433E+004
     1.1591715E+004    -1.2798992E+004    -1.3580840E+004     1.1067345E+009    -5.5954582E+003     5.9327707E+003
     3.0146790E+004    -2.4610987E+004     1.0721967E+005    -5.5954582E+003     1.1066684E+009     1.3142312E+004
     3.5442225E+004    -4.7636488E+004     2.9984433E+004     5.9327707E+003     1.3142312E+004     1.1066643E+009

 The Effective Cauchy Continuum Compliance Matrix
 --------------------------------------------
     1.0251034E-009    -4.2208054E-010    -4.2212712E-010    -2.0797670E-014     3.5867465E-015    -3.9561286E-014
    -4.2208054E-010     1.0251588E-009    -4.2215290E-010     1.1096119E-014     7.5195778E-014     6.9082739E-014
    -4.2212712E-010    -4.2215290E-010     1.0252152E-009     1.2119418E-014    -9.7216623E-014    -3.2429029E-014
    -2.0797670E-014     1.1096119E-014     1.2119418E-014     9.0355910E-010     4.5682078E-015    -4.8431731E-015
     3.5867465E-015     7.5195778E-014    -9.7216623E-014     4.5682078E-015     9.0361302E-010    -1.0725223E-014
    -3.9561286E-014     6.9082739E-014    -3.2429029E-014    -4.8431731E-015    -1.0725223E-014     9.0361640E-010

 The Engineering Constants (Approximated as Orthotropic)
 ----------------------------------------------------------
  E1  =     9.7551133E+008
  E2  =     9.7545861E+008
  E3  =     9.7540496E+008
  G12 =     1.1066643E+009
  G13 =     1.1066684E+009
  G23 =     1.1067345E+009
  nu12=     4.1174435E-001
  nu13=     4.1178978E-001
  nu23=     4.1179268E-001

 Time taken: 23.63 sec
