 OpenSG msg-shell wall plate laws, one block per section
 rows [eps11 eps22 2eps12 | K11 K22 K12+K21 | 2g13 2g23]

 section 0: layup_0  layup [['gelcoat', 0.0005, 0.0], ['glass_triax', 0.00300294, 0.0], ['glass_uniax', 0.02609467, 0.0], ['glass_triax', 0.00300294, 0.0]]
 The Effective Reissner-Mindlin Plate Stiffness Matrix
 --------------------------------------------
     1.3701540E+009     1.7295883E+008     0.0000000E+000     3.1172920E+005     3.3996914E+004     0.0000000E+000     0.0000000E+000     0.0000000E+000
     1.7295883E+008     5.5764061E+008     0.0000000E+000     3.3996914E+004     1.0860084E+005     0.0000000E+000     0.0000000E+000     0.0000000E+000
     0.0000000E+000     0.0000000E+000     1.3539842E+008     0.0000000E+000     0.0000000E+000     2.3066972E+004     0.0000000E+000     0.0000000E+000
     3.1172920E+005     3.3996914E+004     0.0000000E+000     1.0897268E+005     1.8747664E+004     0.0000000E+000     0.0000000E+000     0.0000000E+000
     3.3996914E+004     1.0860084E+005     0.0000000E+000     1.8747664E+004     4.9762604E+004     0.0000000E+000     0.0000000E+000     0.0000000E+000
     0.0000000E+000     0.0000000E+000     2.3066972E+004     0.0000000E+000     0.0000000E+000     1.5536193E+004     0.0000000E+000     0.0000000E+000
     0.0000000E+000     0.0000000E+000     0.0000000E+000     0.0000000E+000     0.0000000E+000     0.0000000E+000     8.2828865E+007    -4.6323365E-008
     0.0000000E+000     0.0000000E+000     0.0000000E+000     0.0000000E+000     0.0000000E+000     0.0000000E+000    -4.6323365E-008     9.8804474E+007

 The Effective Reissner-Mindlin Plate Compliance Matrix
 --------------------------------------------
     7.6009826E-010    -2.3578040E-010     0.0000000E+000    -2.2455230E-009     8.4125953E-010     0.0000000E+000     0.0000000E+000     0.0000000E+000
    -2.3578040E-010     1.8671721E-009     0.0000000E+000     8.1833337E-010    -4.2220961E-009     0.0000000E+000     0.0000000E+000     0.0000000E+000
     0.0000000E+000     0.0000000E+000     7.3874793E-009     0.0000000E+000     0.0000000E+000    -1.0968374E-008     0.0000000E+000     0.0000000E+000
    -2.2455230E-009     8.1833337E-010     0.0000000E+000     9.8192555E-006    -3.6995779E-006     0.0000000E+000     0.0000000E+000     0.0000000E+000
     8.4125953E-010    -4.2220961E-009     0.0000000E+000    -3.6995779E-006     2.1497837E-005     0.0000000E+000     0.0000000E+000     0.0000000E+000
     0.0000000E+000     0.0000000E+000    -1.0968374E-008     0.0000000E+000     0.0000000E+000     6.4382117E-005     0.0000000E+000     0.0000000E+000
     0.0000000E+000     0.0000000E+000     0.0000000E+000     0.0000000E+000     0.0000000E+000     0.0000000E+000     1.2073086E-008     5.6603304E-024
     0.0000000E+000     0.0000000E+000     0.0000000E+000     0.0000000E+000     0.0000000E+000     0.0000000E+000     5.6603304E-024     1.0120999E-008

 section 1: layup_1  layup [['gelcoat', 0.0005, 0.0], ['glass_triax', 0.00300294, 0.0], ['medium_density_foam', 0.07060815, 0.0], ['glass_triax', 0.00300294, 0.0]]
 The Effective Reissner-Mindlin Plate Stiffness Matrix
 --------------------------------------------
     2.1067977E+008     6.0728803E+007     0.0000000E+000    -2.0207052E+004    -6.6808979E+003     0.0000000E+000     0.0000000E+000     0.0000000E+000
     6.0728803E+007     1.2682696E+008     0.0000000E+000    -6.6808979E+003    -4.1170257E+004     0.0000000E+000     0.0000000E+000     0.0000000E+000
     0.0000000E+000     0.0000000E+000     5.4012160E+007     0.0000000E+000     0.0000000E+000    -1.2002426E+004     0.0000000E+000     0.0000000E+000
    -2.0207052E+004    -6.6808979E+003     0.0000000E+000     2.7524834E+005     7.9015242E+004     0.0000000E+000     0.0000000E+000     0.0000000E+000
    -6.6808979E+003    -4.1170257E+004     0.0000000E+000     7.9015242E+004     1.6158902E+005     0.0000000E+000     0.0000000E+000     0.0000000E+000
     0.0000000E+000     0.0000000E+000    -1.2002426E+004     0.0000000E+000     0.0000000E+000     6.9701673E+004     0.0000000E+000     0.0000000E+000
     0.0000000E+000     0.0000000E+000     0.0000000E+000     0.0000000E+000     0.0000000E+000     0.0000000E+000     4.1457954E+006     7.5540144E-008
     0.0000000E+000     0.0000000E+000     0.0000000E+000     0.0000000E+000     0.0000000E+000     0.0000000E+000     7.5540144E-008     4.1451801E+006

 The Effective Reissner-Mindlin Plate Compliance Matrix
 --------------------------------------------
     5.5066831E-009    -2.6369779E-009     0.0000000E+000     5.4415892E-010    -7.1027299E-010     0.0000000E+000     0.0000000E+000     0.0000000E+000
    -2.6369779E-009     9.1482250E-009     0.0000000E+000    -7.0885497E-010     2.5684154E-009     0.0000000E+000     0.0000000E+000     0.0000000E+000
     0.0000000E+000     0.0000000E+000     1.8515058E-008     0.0000000E+000     0.0000000E+000     3.1882392E-009     0.0000000E+000     0.0000000E+000
     5.4415892E-010    -7.0885497E-010     0.0000000E+000     4.2264296E-006    -2.0668354E-006     0.0000000E+000     0.0000000E+000     0.0000000E+000
    -7.1027299E-010     2.5684154E-009     0.0000000E+000    -2.0668354E-006     7.1998238E-006     0.0000000E+000     0.0000000E+000     0.0000000E+000
     0.0000000E+000     0.0000000E+000     3.1882392E-009     0.0000000E+000     0.0000000E+000     1.4347407E-005     0.0000000E+000     0.0000000E+000
     0.0000000E+000     0.0000000E+000     0.0000000E+000     0.0000000E+000     0.0000000E+000     0.0000000E+000     2.4120824E-007    -4.3956848E-021
     0.0000000E+000     0.0000000E+000     0.0000000E+000     0.0000000E+000     0.0000000E+000     0.0000000E+000    -4.3956848E-021     2.4124404E-007

 section 2: layup_2  layup [['gelcoat', 0.0005, 0.0], ['glass_triax', 0.00300294, 0.0], ['carbon_uniax', 0.08105991, 0.0], ['glass_triax', 0.00300294, 0.0]]
 The Effective Reissner-Mindlin Plate Stiffness Matrix
 --------------------------------------------
     1.1620732E+010     2.8973821E+008     0.0000000E+000     2.8224286E+006     4.7608207E+004     0.0000000E+000     0.0000000E+000     0.0000000E+000
     2.8973821E+008     8.5800395E+008     0.0000000E+000     4.7608207E+004     1.3174651E+005     0.0000000E+000     0.0000000E+000     0.0000000E+000
     0.0000000E+000     0.0000000E+000     3.8505781E+008     0.0000000E+000     0.0000000E+000     6.7302067E+004     0.0000000E+000     0.0000000E+000
     2.8224286E+006     4.7608207E+004     0.0000000E+000     6.6073314E+006     2.2845277E+005     0.0000000E+000     0.0000000E+000     0.0000000E+000
     4.7608207E+004     1.3174651E+005     0.0000000E+000     2.2845277E+005     6.1114263E+005     0.0000000E+000     0.0000000E+000     0.0000000E+000
     0.0000000E+000     0.0000000E+000     6.7302067E+004     0.0000000E+000     0.0000000E+000     2.7218522E+005     0.0000000E+000     0.0000000E+000
     0.0000000E+000     0.0000000E+000     0.0000000E+000     0.0000000E+000     0.0000000E+000     0.0000000E+000     2.8674578E+008     2.4131890E-005
     0.0000000E+000     0.0000000E+000     0.0000000E+000     0.0000000E+000     0.0000000E+000     0.0000000E+000     2.4131890E-005     2.1272143E+008

 The Effective Reissner-Mindlin Plate Compliance Matrix
 --------------------------------------------
     8.6792865E-011    -2.9308970E-011     0.0000000E+000    -3.7330977E-011     1.3511849E-011     0.0000000E+000     0.0000000E+000     0.0000000E+000
    -2.9308970E-011     1.1754317E-009     0.0000000E+000     1.2899385E-011    -2.5593137E-010     0.0000000E+000     0.0000000E+000     0.0000000E+000
     0.0000000E+000     0.0000000E+000     2.5971249E-009     0.0000000E+000     0.0000000E+000    -6.4217989E-010     0.0000000E+000     0.0000000E+000
    -3.7330977E-011     1.2899385E-011     0.0000000E+000     1.5334483E-007    -5.7322092E-008     0.0000000E+000     0.0000000E+000     0.0000000E+000
     1.3511849E-011    -2.5593137E-010     0.0000000E+000    -5.7322092E-008     1.6577611E-006     0.0000000E+000     0.0000000E+000     0.0000000E+000
     0.0000000E+000     0.0000000E+000    -6.4217989E-010     0.0000000E+000     0.0000000E+000     3.6741276E-006     0.0000000E+000     0.0000000E+000
     0.0000000E+000     0.0000000E+000     0.0000000E+000     0.0000000E+000     0.0000000E+000     0.0000000E+000     3.4874097E-009    -3.9562439E-022
     0.0000000E+000     0.0000000E+000     0.0000000E+000     0.0000000E+000     0.0000000E+000     0.0000000E+000    -3.9562439E-022     4.7009838E-009

 section 3: layup_3  layup [['gelcoat', 0.0005, 0.0], ['glass_triax', 0.00300294, 0.0], ['glass_uniax', 0.02158284, 0.0], ['glass_triax', 0.00300294, 0.0]]
 The Effective Reissner-Mindlin Plate Stiffness Matrix
 --------------------------------------------
     1.1677409E+009     1.5293521E+008     0.0000000E+000     2.6538984E+005     3.0270188E+004     0.0000000E+000     0.0000000E+000     0.0000000E+000
     1.5293521E+008     4.8121459E+008     0.0000000E+000     3.0270188E+004     9.3758264E+004     0.0000000E+000     0.0000000E+000     0.0000000E+000
     0.0000000E+000     0.0000000E+000     1.2066729E+008     0.0000000E+000     0.0000000E+000     2.0876479E+004     0.0000000E+000     0.0000000E+000
     2.6538984E+005     3.0270188E+004     0.0000000E+000     6.8025503E+004     1.2428712E+004     0.0000000E+000     0.0000000E+000     0.0000000E+000
     3.0270188E+004     9.3758264E+004     0.0000000E+000     1.2428712E+004     3.1853423E+004     0.0000000E+000     0.0000000E+000     0.0000000E+000
     0.0000000E+000     0.0000000E+000     2.0876479E+004     0.0000000E+000     0.0000000E+000     1.0391972E+004     0.0000000E+000     0.0000000E+000
     0.0000000E+000     0.0000000E+000     0.0000000E+000     0.0000000E+000     0.0000000E+000     0.0000000E+000     5.8528099E+007    -1.4324809E-007
     0.0000000E+000     0.0000000E+000     0.0000000E+000     0.0000000E+000     0.0000000E+000     0.0000000E+000    -1.4324809E-007     8.6668255E+007

 The Effective Reissner-Mindlin Plate Compliance Matrix
 --------------------------------------------
     8.9437246E-010    -2.8428617E-010     0.0000000E+000    -3.6182818E-009     1.3986546E-009     0.0000000E+000     0.0000000E+000     0.0000000E+000
    -2.8428617E-010     2.1696336E-009     0.0000000E+000     1.3578809E-009    -6.6458290E-009     0.0000000E+000     0.0000000E+000     0.0000000E+000
     0.0000000E+000     0.0000000E+000     8.2901312E-009     0.0000000E+000     0.0000000E+000    -1.6654082E-008     0.0000000E+000     0.0000000E+000
    -3.6182818E-009     1.3578809E-009     0.0000000E+000     1.5843452E-005    -6.1824276E-006     0.0000000E+000     0.0000000E+000     0.0000000E+000
     1.3986546E-009    -6.6458290E-009     0.0000000E+000    -6.1824276E-006     3.3824320E-005     0.0000000E+000     0.0000000E+000     0.0000000E+000
     0.0000000E+000     0.0000000E+000    -1.6654082E-008     0.0000000E+000     0.0000000E+000     9.6261588E-005     0.0000000E+000     0.0000000E+000
     0.0000000E+000     0.0000000E+000     0.0000000E+000     0.0000000E+000     0.0000000E+000     0.0000000E+000     1.7085810E-008     2.8239979E-023
     0.0000000E+000     0.0000000E+000     0.0000000E+000     0.0000000E+000     0.0000000E+000     0.0000000E+000     2.8239979E-023     1.1538250E-008

 section 4: layup_4  layup [['gelcoat', 0.0005, 0.0], ['glass_triax', 0.00300294, 0.0], ['carbon_uniax', 0.07707452, 0.0], ['glass_triax', 0.00300294, 0.0]]
 The Effective Reissner-Mindlin Plate Stiffness Matrix
 --------------------------------------------
     1.1059195E+010     2.7830278E+008     0.0000000E+000     2.6858107E+006     4.5879274E+004     0.0000000E+000     0.0000000E+000     0.0000000E+000
     2.7830278E+008     8.2150403E+008     0.0000000E+000     4.5879274E+004     1.2638794E+005     0.0000000E+000     0.0000000E+000     0.0000000E+000
     0.0000000E+000     0.0000000E+000     3.6859416E+008     0.0000000E+000     0.0000000E+000     6.4504323E+004     0.0000000E+000     0.0000000E+000
     2.6858107E+006     4.5879274E+004     0.0000000E+000     5.6968468E+006     2.0122602E+005     0.0000000E+000     0.0000000E+000     0.0000000E+000
     4.5879274E+004     1.2638794E+005     0.0000000E+000     2.0122602E+005     5.3516205E+005     0.0000000E+000     0.0000000E+000     0.0000000E+000
     0.0000000E+000     0.0000000E+000     6.4504323E+004     0.0000000E+000     0.0000000E+000     2.3823401E+005     0.0000000E+000     0.0000000E+000
     0.0000000E+000     0.0000000E+000     0.0000000E+000     0.0000000E+000     0.0000000E+000     0.0000000E+000     2.7301565E+008    -6.2071441E-007
     0.0000000E+000     0.0000000E+000     0.0000000E+000     0.0000000E+000     0.0000000E+000     0.0000000E+000    -6.2071441E-007     2.0317797E+008

 The Effective Reissner-Mindlin Plate Compliance Matrix
 --------------------------------------------
     9.1210531E-011    -3.0899604E-011     0.0000000E+000    -4.3309655E-011     1.5762877E-011     0.0000000E+000     0.0000000E+000     0.0000000E+000
    -3.0899604E-011     1.2277917E-009     0.0000000E+000     1.5028093E-011    -2.9296630E-010     0.0000000E+000     0.0000000E+000     0.0000000E+000
     0.0000000E+000     0.0000000E+000     2.7131395E-009     0.0000000E+000     0.0000000E+000    -7.3461059E-010     0.0000000E+000     0.0000000E+000
    -4.3309655E-011     1.5028093E-011     0.0000000E+000     1.7791903E-007    -6.6899085E-008     0.0000000E+000     0.0000000E+000     0.0000000E+000
     1.5762877E-011    -2.9296630E-010     0.0000000E+000    -6.6899085E-008     1.8938154E-006     0.0000000E+000     0.0000000E+000     0.0000000E+000
     0.0000000E+000     0.0000000E+000    -7.3461059E-010     0.0000000E+000     0.0000000E+000     4.1977524E-006     0.0000000E+000     0.0000000E+000
     0.0000000E+000     0.0000000E+000     0.0000000E+000     0.0000000E+000     0.0000000E+000     0.0000000E+000     3.6627937E-009     1.1189937E-023
     0.0000000E+000     0.0000000E+000     0.0000000E+000     0.0000000E+000     0.0000000E+000     0.0000000E+000     1.1189937E-023     4.9217933E-009

 section 5: layup_5  layup [['glass_biax', 0.002, 0.0], ['medium_density_foam', 0.042, 0.0], ['glass_biax', 0.002, 0.0]]
 The Effective Reissner-Mindlin Plate Stiffness Matrix
 --------------------------------------------
     9.0402565E+007     5.9746468E+007     0.0000000E+000    -1.6298145E-009    -6.9849193E-010     0.0000000E+000     0.0000000E+000     0.0000000E+000
     5.9746468E+007     9.0402565E+007     0.0000000E+000    -1.6298145E-009    -2.3283064E-010     0.0000000E+000     0.0000000E+000     0.0000000E+000
     0.0000000E+000     0.0000000E+000     5.5193600E+007     0.0000000E+000     0.0000000E+000     4.6566129E-010     0.0000000E+000     0.0000000E+000
    -2.0954758E-009    -2.3283064E-009     0.0000000E+000     4.1536672E+004     2.8219098E+004     0.0000000E+000     0.0000000E+000     0.0000000E+000
    -6.9849193E-010    -4.6566129E-010     0.0000000E+000     2.8219098E+004     4.1536672E+004     0.0000000E+000     0.0000000E+000     0.0000000E+000
     0.0000000E+000     0.0000000E+000     4.6566129E-010     0.0000000E+000     0.0000000E+000     2.5967028E+004     0.0000000E+000     0.0000000E+000
     0.0000000E+000     0.0000000E+000     0.0000000E+000     0.0000000E+000     0.0000000E+000     0.0000000E+000     2.4877763E+006     9.2040589E-008
     0.0000000E+000     0.0000000E+000     0.0000000E+000     0.0000000E+000     0.0000000E+000     0.0000000E+000     9.2040589E-008     2.4877763E+006

 The Effective Reissner-Mindlin Plate Compliance Matrix
 --------------------------------------------
     1.9639994E-008    -1.2979944E-008     0.0000000E+000     1.6042083E-022     1.4852700E-022     0.0000000E+000     0.0000000E+000     0.0000000E+000
    -1.2979944E-008     1.9639994E-008     0.0000000E+000     6.2183520E-022    -5.3064487E-022     0.0000000E+000     0.0000000E+000     0.0000000E+000
     0.0000000E+000     0.0000000E+000     1.8118043E-008     0.0000000E+000     0.0000000E+000    -3.2490707E-022     0.0000000E+000     0.0000000E+000
     2.5576369E-022     8.2605681E-022     0.0000000E+000     4.4712240E-005    -3.0376508E-005     0.0000000E+000     0.0000000E+000     0.0000000E+000
     1.0995078E-023    -5.5929804E-022     0.0000000E+000    -3.0376508E-005     4.4712240E-005     0.0000000E+000     0.0000000E+000     0.0000000E+000
     0.0000000E+000     0.0000000E+000    -3.2490707E-022     0.0000000E+000     0.0000000E+000     3.8510375E-005     0.0000000E+000     0.0000000E+000
     0.0000000E+000     0.0000000E+000     0.0000000E+000     0.0000000E+000     0.0000000E+000     0.0000000E+000     4.0196540E-007    -1.4871567E-020
     0.0000000E+000     0.0000000E+000     0.0000000E+000     0.0000000E+000     0.0000000E+000     0.0000000E+000    -1.4871567E-020     4.0196540E-007
