# wall ABDG laws, one block per section
# ABD rows [eps11 eps22 2eps12 | K11 K22 K12+K21]; G rows [2g13 2g23]
# ==== section 0: layup_0  layup [['gelcoat', 0.0005, 0.0], ['glass_triax', 0.00300294, 0.0], ['glass_uniax', 0.02609467, 0.0], ['glass_triax', 0.00300294, 0.0]] ====
# ---- ABD (6x6) ----
  1.37015404e+09   1.72958829e+08   0.00000000e+00   3.11729198e+05   3.39969140e+04   0.00000000e+00
  1.72958829e+08   5.57640611e+08   0.00000000e+00   3.39969140e+04   1.08600842e+05   0.00000000e+00
  0.00000000e+00   0.00000000e+00   1.35398417e+08   0.00000000e+00   0.00000000e+00   2.30669724e+04
  3.11729198e+05   3.39969140e+04   0.00000000e+00   1.08972683e+05   1.87476638e+04   0.00000000e+00
  3.39969140e+04   1.08600842e+05   0.00000000e+00   1.87476638e+04   4.97626040e+04   0.00000000e+00
  0.00000000e+00   0.00000000e+00   2.30669724e+04   0.00000000e+00   0.00000000e+00   1.55361932e+04
# ---- G (2x2) ----
  8.28288654e+07  -4.63233652e-08
 -4.63233652e-08   9.88044741e+07
# ==== section 1: layup_1  layup [['gelcoat', 0.0005, 0.0], ['glass_triax', 0.00300294, 0.0], ['medium_density_foam', 0.07060815, 0.0], ['glass_triax', 0.00300294, 0.0]] ====
# ---- ABD (6x6) ----
  2.10679775e+08   6.07288028e+07   0.00000000e+00  -2.02070517e+04  -6.68089792e+03   0.00000000e+00
  6.07288028e+07   1.26826955e+08   0.00000000e+00  -6.68089792e+03  -4.11702565e+04   0.00000000e+00
  0.00000000e+00   0.00000000e+00   5.40121596e+07   0.00000000e+00   0.00000000e+00  -1.20024255e+04
 -2.02070517e+04  -6.68089792e+03   0.00000000e+00   2.75248344e+05   7.90152422e+04   0.00000000e+00
 -6.68089792e+03  -4.11702565e+04   0.00000000e+00   7.90152422e+04   1.61589024e+05   0.00000000e+00
  0.00000000e+00   0.00000000e+00  -1.20024255e+04   0.00000000e+00   0.00000000e+00   6.97016725e+04
# ---- G (2x2) ----
  4.14579542e+06   7.55401438e-08
  7.55401438e-08   4.14518007e+06
# ==== section 2: layup_2  layup [['gelcoat', 0.0005, 0.0], ['glass_triax', 0.00300294, 0.0], ['carbon_uniax', 0.08105991, 0.0], ['glass_triax', 0.00300294, 0.0]] ====
# ---- ABD (6x6) ----
  1.16207323e+10   2.89738207e+08   0.00000000e+00   2.82242860e+06   4.76082069e+04   0.00000000e+00
  2.89738207e+08   8.58003952e+08   0.00000000e+00   4.76082069e+04   1.31746505e+05   0.00000000e+00
  0.00000000e+00   0.00000000e+00   3.85057808e+08   0.00000000e+00   0.00000000e+00   6.73020669e+04
  2.82242860e+06   4.76082069e+04   0.00000000e+00   6.60733143e+06   2.28452770e+05   0.00000000e+00
  4.76082069e+04   1.31746505e+05   0.00000000e+00   2.28452770e+05   6.11142629e+05   0.00000000e+00
  0.00000000e+00   0.00000000e+00   6.73020669e+04   0.00000000e+00   0.00000000e+00   2.72185217e+05
# ---- G (2x2) ----
  2.86745777e+08   2.41318899e-05
  2.41318899e-05   2.12721430e+08
# ==== section 3: layup_3  layup [['gelcoat', 0.0005, 0.0], ['glass_triax', 0.00300294, 0.0], ['glass_uniax', 0.02158284, 0.0], ['glass_triax', 0.00300294, 0.0]] ====
# ---- ABD (6x6) ----
  1.16774088e+09   1.52935212e+08   0.00000000e+00   2.65389836e+05   3.02701878e+04   0.00000000e+00
  1.52935212e+08   4.81214590e+08   0.00000000e+00   3.02701878e+04   9.37582638e+04   0.00000000e+00
  0.00000000e+00   0.00000000e+00   1.20667292e+08   0.00000000e+00   0.00000000e+00   2.08764789e+04
  2.65389836e+05   3.02701878e+04   0.00000000e+00   6.80255028e+04   1.24287116e+04   0.00000000e+00
  3.02701878e+04   9.37582638e+04   0.00000000e+00   1.24287116e+04   3.18534226e+04   0.00000000e+00
  0.00000000e+00   0.00000000e+00   2.08764789e+04   0.00000000e+00   0.00000000e+00   1.03919715e+04
# ---- G (2x2) ----
  5.85280986e+07  -1.43248091e-07
 -1.43248091e-07   8.66682547e+07
# ==== section 4: layup_4  layup [['gelcoat', 0.0005, 0.0], ['glass_triax', 0.00300294, 0.0], ['carbon_uniax', 0.07707452, 0.0], ['glass_triax', 0.00300294, 0.0]] ====
# ---- ABD (6x6) ----
  1.10591950e+10   2.78302780e+08   0.00000000e+00   2.68581068e+06   4.58792740e+04   0.00000000e+00
  2.78302780e+08   8.21504026e+08   0.00000000e+00   4.58792740e+04   1.26387936e+05   0.00000000e+00
  0.00000000e+00   0.00000000e+00   3.68594162e+08   0.00000000e+00   0.00000000e+00   6.45043231e+04
  2.68581068e+06   4.58792740e+04   0.00000000e+00   5.69684679e+06   2.01226022e+05   0.00000000e+00
  4.58792740e+04   1.26387936e+05   0.00000000e+00   2.01226022e+05   5.35162052e+05   0.00000000e+00
  0.00000000e+00   0.00000000e+00   6.45043231e+04   0.00000000e+00   0.00000000e+00   2.38234012e+05
# ---- G (2x2) ----
  2.73015651e+08  -6.20714406e-07
 -6.20714406e-07   2.03177974e+08
# ==== section 5: layup_5  layup [['glass_biax', 0.002, 0.0], ['medium_density_foam', 0.042, 0.0], ['glass_biax', 0.002, 0.0]] ====
# ---- ABD (6x6) ----
  9.04025653e+07   5.97464676e+07   0.00000000e+00  -1.62981451e-09  -6.98491931e-10   0.00000000e+00
  5.97464676e+07   9.04025653e+07   0.00000000e+00  -1.62981451e-09  -2.32830644e-10   0.00000000e+00
  0.00000000e+00   0.00000000e+00   5.51936000e+07   0.00000000e+00   0.00000000e+00   4.65661287e-10
 -2.09547579e-09  -2.32830644e-09   0.00000000e+00   4.15366720e+04   2.82190976e+04   0.00000000e+00
 -6.98491931e-10  -4.65661287e-10   0.00000000e+00   2.82190976e+04   4.15366720e+04   0.00000000e+00
  0.00000000e+00   0.00000000e+00   4.65661287e-10   0.00000000e+00   0.00000000e+00   2.59670283e+04
# ---- G (2x2) ----
  2.48777633e+06   9.20405894e-08
  9.20405894e-08   2.48777633e+06
