 OpenSG msg-solid plate model from 1dsg.yaml: 9 plies, h = 0.152400 m, fraction = 0.5, rho*h = 30.251400 kg/m^2, rows [e11 e22 g12 k11 k22 k12 2g13 2g23]

 The Effective Reissner-Mindlin Stiffness Matrix
 --------------------------------------------
     5.4916502E+008     2.6417019E+007     1.5524611E-010     3.6182957E-006     3.6122933E-006     1.0244011E-024     0.0000000E+000     0.0000000E+000
     2.6417019E+007     5.4916502E+008     2.7287693E-008     3.5815597E-006     3.5901363E-006     9.4990440E-025     0.0000000E+000     0.0000000E+000
     1.5524611E-010     2.7287693E-008     4.1376600E+007     3.7505596E-025     4.0252328E-025     2.7871828E-010     0.0000000E+000     0.0000000E+000
     3.6038602E-006     3.6011174E-006     3.4553341E-025     3.0005458E+006     1.2565963E+005     8.4612092E-013     0.0000000E+000     0.0000000E+000
     3.6094994E-006     3.6190073E-006     3.8414598E-025     1.2565963E+005     2.9371144E+006     1.4872313E-010     0.0000000E+000     0.0000000E+000
     1.0909630E-024     1.1200459E-024     2.7871828E-010     8.4612092E-013     1.4872313E-010     2.0111708E+005     0.0000000E+000     0.0000000E+000
     0.0000000E+000     0.0000000E+000     0.0000000E+000     0.0000000E+000     0.0000000E+000     0.0000000E+000     7.7009772E+006    -9.7394806E-009
     0.0000000E+000     0.0000000E+000     0.0000000E+000     0.0000000E+000     0.0000000E+000     0.0000000E+000    -9.7394806E-009     7.5423712E+006

 The Effective Reissner-Mindlin Compliance Matrix
 --------------------------------------------
     1.8251697E-009    -8.7797911E-011     5.1054265E-026    -2.0102244E-021    -2.0514141E-021     1.5164951E-036     0.0000000E+000     0.0000000E+000
    -8.7797911E-011     1.8251697E-009    -1.2033623E-024    -1.9873671E-021    -2.0379609E-021     1.5088976E-036     0.0000000E+000     0.0000000E+000
     5.1054265E-026    -1.2033623E-024     2.4168250E-008     1.3152535E-036     1.3502335E-036    -3.3493589E-023     0.0000000E+000     0.0000000E+000
    -2.0009636E-021    -1.9989520E-021     1.3230908E-036     3.3387090E-007    -1.4284119E-008     9.1582661E-024     0.0000000E+000     0.0000000E+000
    -2.0492110E-021    -2.0554897E-021     1.3619267E-036    -1.4284119E-008     3.4108135E-007    -2.5216455E-022     0.0000000E+000     0.0000000E+000
     1.5142973E-036     1.5203936E-036    -3.3493589E-023     9.1582661E-024    -2.5216455E-022     4.9722280E-006     0.0000000E+000     0.0000000E+000
     0.0000000E+000     0.0000000E+000     0.0000000E+000     0.0000000E+000     0.0000000E+000     0.0000000E+000     1.2985365E-007     1.6768031E-022
     0.0000000E+000     0.0000000E+000     0.0000000E+000     0.0000000E+000     0.0000000E+000     0.0000000E+000     1.6768031E-022     1.3258430E-007

 Time taken: 0.83 sec
