RM 8x8 ABDG for caseA (mid-surface reference; rows e11,e22,g12,k11,k22,k12,2g13,2g23)

S = a/h = 4  (h = 0.25 m):
    4.260652e+09   6.265664e+07   1.266082e-09  -4.432969e-08  -2.878091e-09  -1.196042e-26   0.000000e+00   0.000000e+00
    6.265664e+07   2.255639e+09   1.215055e-07  -3.343752e-09  -2.239299e-08  -1.185459e-24   0.000000e+00   0.000000e+00
    1.266082e-09   1.215055e-07   1.250000e+08  -2.209082e-26  -1.196970e-24  -5.183103e-10   0.000000e+00   0.000000e+00
   -4.339836e-08  -2.063184e-09  -1.620139e-26   3.147336e+07   3.263367e+05   7.326865e-13   0.000000e+00   0.000000e+00
   -2.179599e-09  -2.151987e-08  -1.191113e-24   3.263367e+05   2.465655e+06   7.031570e-11   0.000000e+00   0.000000e+00
   -1.063025e-26  -1.184575e-24  -5.183103e-10   7.326865e-13   7.031570e-11   6.510417e+05   0.000000e+00   0.000000e+00
    0.000000e+00   0.000000e+00   0.000000e+00   0.000000e+00   0.000000e+00   0.000000e+00   5.834313e+07  -1.636468e-06
    0.000000e+00   0.000000e+00   0.000000e+00   0.000000e+00   0.000000e+00   0.000000e+00  -1.636468e-06   6.322210e+07

S = a/h = 10  (h = 0.1 m):
    1.704261e+09   2.506266e+07   5.064329e-10  -2.829214e-09  -9.601260e-12  -2.041282e-27   0.000000e+00   0.000000e+00
    2.506266e+07   9.022556e+08   4.860221e-08   1.068141e-10  -3.893267e-09  -2.024588e-25   0.000000e+00   0.000000e+00
    5.064329e-10   4.860221e-08   5.000000e+07  -1.048559e-27  -2.018529e-25  -4.590144e-10   0.000000e+00   0.000000e+00
   -2.785558e-09   1.950257e-11  -1.375913e-27   2.014295e+06   2.088555e+04   4.689193e-14   0.000000e+00   0.000000e+00
    1.950257e-11  -3.915095e-09  -2.017519e-25   2.088555e+04   1.578019e+05   4.500205e-12   0.000000e+00   0.000000e+00
   -1.906840e-27  -2.022757e-25  -4.590144e-10   4.689193e-14   4.500205e-12   4.166667e+04   0.000000e+00   0.000000e+00
    0.000000e+00   0.000000e+00   0.000000e+00   0.000000e+00   0.000000e+00   0.000000e+00   2.333725e+07  -1.060187e-06
    0.000000e+00   0.000000e+00   0.000000e+00   0.000000e+00   0.000000e+00   0.000000e+00  -1.060187e-06   2.528884e+07

S = a/h = 50  (h = 0.02 m):
    3.408521e+08   5.012531e+06   1.012866e-10   3.282224e-10   8.211292e-13   7.420741e-29   0.000000e+00   0.000000e+00
    5.012531e+06   1.804511e+08   9.720442e-09   4.459108e-12   1.406582e-10   6.301000e-27   0.000000e+00   0.000000e+00
    1.012866e-10   9.720442e-09   1.000000e+07   1.046503e-28   6.327033e-27   6.727397e-12   0.000000e+00   0.000000e+00
    3.113967e-10  -1.100230e-11  -8.113756e-30   1.611436e+04   1.670844e+02   3.751355e-16   0.000000e+00   0.000000e+00
   -1.191180e-11   1.265611e-10   6.218170e-27   1.670844e+02   1.262415e+03   3.600164e-14   0.000000e+00   0.000000e+00
    6.165738e-29   6.295084e-27   6.727397e-12   3.751355e-16   3.600164e-14   3.333333e+02   0.000000e+00   0.000000e+00
    0.000000e+00   0.000000e+00   0.000000e+00   0.000000e+00   0.000000e+00   0.000000e+00   4.667450e+06  -7.446988e-06
    0.000000e+00   0.000000e+00   0.000000e+00   0.000000e+00   0.000000e+00   0.000000e+00  -7.446988e-06   5.057768e+06
