 OpenSG msg-shell equivalent 3D solid (3-D shell SG, 13536 nodes, 26360 elems, 0 junction edges, periodic in 3 dirs, per unit cell 1)

 The Effective Stiffness Matrix
 --------------------------------------------
     8.7699978E+009     5.2834637E+009     5.2839592E+009     2.0998371E+004    -5.5023924E+003    -1.3264131E+005
     5.2834637E+009     8.7700369E+009     5.2838033E+009    -2.0436196E+005     1.5954351E+004     9.4451693E+004
     5.2839592E+009     5.2838033E+009     8.7693636E+009     4.0785103E+004     7.6547967E+004    -2.3273784E+003
     2.0998371E+004    -2.0436196E+005     4.0785103E+004     3.9006964E+009    -7.5442316E+003     1.7930264E+004
    -5.5023924E+003     1.5954351E+004     7.6547967E+004    -7.5442316E+003     3.9007044E+009    -1.1209403E+004
    -1.3264131E+005     9.4451693E+004    -2.3273784E+003     1.7930264E+004    -1.1209403E+004     3.9005969E+009

 The Effective Compliance Matrix
 --------------------------------------------
     2.0846571E-010    -7.8354701E-011    -7.8399472E-011    -4.4076166E-015     2.1530843E-015     8.9395389E-015
    -7.8354701E-011     2.0845724E-010    -7.8389274E-011     1.2162779E-014     5.7517971E-016    -7.7590338E-015
    -7.8399472E-011    -7.8389274E-011     2.0850465E-010    -5.8649594E-015    -3.8817074E-015    -6.4340880E-016
    -4.4076166E-015     1.2162779E-014    -5.8649594E-015     2.5636448E-010     4.9588234E-016    -1.1789027E-015
     2.1530843E-015     5.7517971E-016    -3.8817074E-015     4.9588234E-016     2.5636395E-010     7.3678468E-016
     8.9395389E-015    -7.7590338E-015    -6.4340880E-016    -1.1789027E-015     7.3678468E-016     2.5637102E-010

 The Engineering Constants (Approximated as Orthotropic)
 ----------------------------------------------------------
  E1  =     4.7969519E+009
  E2  =     4.7971468E+009
  E3  =     4.7960560E+009
  G12 =     3.9005969E+009
  G13 =     3.9007044E+009
  G23 =     3.9006964E+009
  nu12=     3.7586374E-001
  nu13=     3.7607850E-001
  nu23=     3.7604485E-001

 Time taken: 95.23 sec
