 OpenSG msg-shell equivalent 3D solid (3-D shell SG, 13536 nodes, 26360 elems [26360 tri3/MITC3], 0 junction edges, periodic in 3 dirs, 26360 element drilling multipliers, per unit cell 1)

 The Effective Cauchy Continuum Stiffness Matrix
 --------------------------------------------
     2.2201948E+009     1.5653259E+009     1.5652745E+009     2.5188640E+005    -8.8448528E+004     4.9935761E+004
     1.5653259E+009     2.2201678E+009     1.5652141E+009     3.4256118E+004    -2.6519047E+005     1.1721896E+005
     1.5652745E+009     1.5652141E+009     2.2201780E+009     8.3591243E+004    -5.8670642E+004     2.5572206E+005
     2.5188640E+005     3.4256118E+004     8.3591243E+004     1.0093168E+009    -6.4916473E+004     9.6973947E+004
    -8.8448528E+004    -2.6519047E+005    -5.8670642E+004    -6.4916473E+004     1.0092781E+009    -9.4144405E+004
     4.9935761E+004     1.1721896E+005     2.5572206E+005     9.6973947E+004    -9.4144405E+004     1.0092871E+009

 The Effective Cauchy Continuum Compliance Matrix
 --------------------------------------------
     1.0803147E-009    -4.4676814E-010    -4.4667649E-010    -2.1746172E-013    -4.8685109E-014     1.1162819E-013
    -4.4676814E-010     1.0802584E-009    -4.4659519E-010     1.1183213E-013     2.1873496E-013     9.8058691E-015
    -4.4667649E-010    -4.4659519E-010     1.0801785E-009     3.7183738E-014    -9.3712819E-014    -1.9972844E-013
    -2.1746172E-013     1.1183213E-013     3.7183738E-014     9.9076922E-010     6.3729597E-014    -9.5200425E-014
    -4.8685109E-014     2.1873496E-013    -9.3712819E-014     6.3729597E-014     9.9080727E-010     9.2415267E-014
     1.1162819E-013     9.8058691E-015    -1.9972844E-013    -9.5200425E-014     9.2415267E-014     9.9079842E-010

 The Engineering Constants (Approximated as Orthotropic)
 ----------------------------------------------------------
  E1  =     9.2565619E+008
  E2  =     9.2570448E+008
  E3  =     9.2577296E+008
  G12 =     1.0092870E+009
  G13 =     1.0092780E+009
  G23 =     1.0093168E+009
  nu12=     4.1355369E-001
  nu13=     4.1346885E-001
  nu23=     4.1341517E-001

 Time taken: 12.02 sec
