 OpenSG msg-shell equivalent 3D solid (3-D shell SG, 13536 nodes, 26360 elems, 0 junction edges, aperiodic: w=0 on 720 boundary nodes, per unit cell 1)

 The Effective Stiffness Matrix
 --------------------------------------------
     9.8810012E+009     4.9210912E+009     4.9310999E+009    -2.8160370E+004    -4.8330637E+004    -4.9936208E+004
     4.9210912E+009     9.8809995E+009     4.9309950E+009    -1.2422952E+005     5.9149542E+004     1.0951175E+005
     4.9310999E+009     4.9309950E+009     9.8733411E+009     6.6047140E+004     2.3997935E+004    -4.6034037E+004
    -2.8160370E+004    -1.2422952E+005     6.6047140E+004     4.1502487E+009    -5.9974919E+004     3.5328229E+004
    -4.8330637E+004     5.9149542E+004     2.3997935E+004    -5.9974919E+004     4.1502600E+009    -3.6168297E+004
    -4.9936208E+004     1.0951175E+005    -4.6034037E+004     3.5328229E+004    -3.6168297E+004     4.1512709E+009

 The Effective Compliance Matrix
 --------------------------------------------
     1.5143375E-010    -5.0183900E-011    -5.0568329E-011     3.3011927E-016     2.7711259E-015     2.5847454E-015
    -5.0183900E-011     1.5143164E-010    -5.0565138E-011     4.9970019E-015    -2.4501984E-015    -5.1592685E-015
    -5.0568329E-011    -5.0565138E-011     1.5179197E-010    -4.2723370E-015    -7.4596721E-016     2.4089027E-015
     3.3011927E-016     4.9970019E-015    -4.2723370E-015     2.4094942E-010     3.4818712E-015    -2.0506774E-015
     2.7711259E-015    -2.4501984E-015    -7.4596721E-016     3.4818712E-015     2.4094876E-010     2.0993464E-015
     2.5847454E-015    -5.1592685E-015     2.4089027E-015    -2.0506774E-015     2.0993464E-015     2.4089009E-010

 The Engineering Constants (Approximated as Orthotropic)
 ----------------------------------------------------------
  E1  =     6.6035479E+009
  E2  =     6.6036396E+009
  E3  =     6.5879636E+009
  G12 =     4.1512709E+009
  G13 =     4.1502600E+009
  G23 =     4.1502487E+009
  nu12=     3.3139179E-001
  nu13=     3.3393038E-001
  nu23=     3.3391395E-001

 Time taken: 71.24 sec
