 OpenSG msg-shell equivalent 3D solid (3-D shell SG, 13536 nodes, 26360 elems [26360 tri3/MITC3], 0 junction edges, aperiodic: w=0 on 720 boundary nodes, 26360 element drilling multipliers, per unit cell 1)

 The Effective Cauchy Continuum Stiffness Matrix
 --------------------------------------------
     2.3763565E+009     1.5382079E+009     1.5381733E+009     4.3913350E+005    -1.9029784E+004    -8.1040055E+004
     1.5382079E+009     2.3763581E+009     1.5381197E+009    -1.0373671E+005    -4.1046603E+005     5.4205164E+004
     1.5381733E+009     1.5381197E+009     2.3763418E+009    -1.8370537E+003     6.8206332E+004     4.3184496E+005
     4.3913350E+005    -1.0373671E+005    -1.8370537E+003     1.0824832E+009    -5.0208020E+005     5.4462658E+005
    -1.9029784E+004    -4.1046603E+005     6.8206332E+004    -5.0208020E+005     1.0824680E+009    -5.3091942E+005
    -8.1040055E+004     5.4205164E+004     4.3184496E+005     5.4462658E+005    -5.3091942E+005     1.0824605E+009

 The Effective Cauchy Continuum Compliance Matrix
 --------------------------------------------
     8.5653661E-010    -3.3659045E-010    -3.3656161E-010    -3.8045135E-013    -9.1439434E-014     2.1539798E-013
    -3.3659045E-010     8.5649254E-010    -3.3650616E-010     2.1817836E-013     3.4019702E-013     6.6216413E-014
    -3.3656161E-010    -3.3650616E-010     8.5647485E-010     1.0582829E-013    -1.8760723E-013    -3.5018015E-013
    -3.8045135E-013     2.1817836E-013     1.0582829E-013     9.2380245E-010     4.2832795E-013    -4.6467128E-013
    -9.1439434E-014     3.4019702E-013    -1.8760723E-013     4.2832795E-013     9.2381537E-010     4.5294345E-013
     2.1539798E-013     6.6216413E-014    -3.5018015E-013    -4.6467128E-013     4.5294345E-013     9.2382183E-010

 The Engineering Constants (Approximated as Orthotropic)
 ----------------------------------------------------------
  E1  =     1.1674924E+009
  E2  =     1.1675525E+009
  E3  =     1.1675766E+009
  G12 =     1.0824598E+009
  G13 =     1.0824674E+009
  G23 =     1.0824825E+009
  nu12=     3.9296680E-001
  nu13=     3.9293313E-001
  nu23=     3.9288861E-001

 Time taken: 11.50 sec
