 OpenSG msg-shell wall plate laws, one block per section
 rows [eps11 eps22 2eps12 | K11 K22 K12+K21 | 2g13 2g23]

 section 0: layup_0  layup [['alu', 0.036457, 0.0]]
 The Effective Reissner-Mindlin Plate Stiffness Matrix
 --------------------------------------------
     2.7643220E+009     8.2929659E+008     0.0000000E+000     5.0389443E+007     1.5116833E+007     0.0000000E+000     0.0000000E+000     0.0000000E+000
     8.2929659E+008     2.7643220E+009     0.0000000E+000     1.5116833E+007     5.0389443E+007     0.0000000E+000     0.0000000E+000     0.0000000E+000
     0.0000000E+000     0.0000000E+000     9.6751264E+008     0.0000000E+000     0.0000000E+000     1.7636304E+007     0.0000000E+000     0.0000000E+000
     5.0389443E+007     1.5116833E+007     0.0000000E+000     1.2246986E+006     3.6740959E+005     0.0000000E+000     0.0000000E+000     0.0000000E+000
     1.5116833E+007     5.0389443E+007     0.0000000E+000     3.6740959E+005     1.2246986E+006     0.0000000E+000     0.0000000E+000     0.0000000E+000
     0.0000000E+000     0.0000000E+000     1.7636304E+007     0.0000000E+000     0.0000000E+000     4.2864449E+005     0.0000000E+000     0.0000000E+000
     0.0000000E+000     0.0000000E+000     0.0000000E+000     0.0000000E+000     0.0000000E+000     0.0000000E+000     8.5193106E+008    -1.0506151E-003
     0.0000000E+000     0.0000000E+000     0.0000000E+000     0.0000000E+000     0.0000000E+000     0.0000000E+000    -1.0506151E-003     8.5193106E+008

 The Effective Reissner-Mindlin Plate Compliance Matrix
 --------------------------------------------
     1.5901203E-009    -4.7703608E-010     0.0000000E+000    -6.5424484E-008     1.9627345E-008     0.0000000E+000     0.0000000E+000     0.0000000E+000
    -4.7703608E-010     1.5901203E-009     0.0000000E+000     1.9627345E-008    -6.5424484E-008     0.0000000E+000     0.0000000E+000     0.0000000E+000
     0.0000000E+000     0.0000000E+000     4.1343129E-009     0.0000000E+000     0.0000000E+000    -1.7010367E-007     0.0000000E+000     0.0000000E+000
    -6.5424484E-008     1.9627345E-008     0.0000000E+000     3.5891315E-006    -1.0767395E-006     0.0000000E+000     0.0000000E+000     0.0000000E+000
     1.9627345E-008    -6.5424484E-008     0.0000000E+000    -1.0767395E-006     3.5891315E-006     0.0000000E+000     0.0000000E+000     0.0000000E+000
     0.0000000E+000     0.0000000E+000    -1.7010367E-007     0.0000000E+000     0.0000000E+000     9.3317424E-006     0.0000000E+000     0.0000000E+000
     0.0000000E+000     0.0000000E+000     0.0000000E+000     0.0000000E+000     0.0000000E+000     0.0000000E+000     1.1738039E-009     1.4475539E-021
     0.0000000E+000     0.0000000E+000     0.0000000E+000     0.0000000E+000     0.0000000E+000     0.0000000E+000     1.4475539E-021     1.1738039E-009
