 OpenSG msg-shell equivalent 3D solid (3-D shell SG, 13536 nodes, 26360 elems, 0 junction edges, periodic in 3 dirs, per unit cell 1)

 The Effective Stiffness Matrix
 --------------------------------------------
     2.2225316E+009     1.5630121E+009     1.5630880E+009     3.7758264E+003    -2.4967950E+004    -9.2835050E+004
     1.5630121E+009     2.2224999E+009     1.5629168E+009    -2.1372629E+005     1.8068638E+004     1.5925795E+005
     1.5630880E+009     1.5629168E+009     2.2222580E+009     3.0383129E+004     7.0857701E+004    -2.0444628E+004
     3.7758264E+003    -2.1372629E+005     3.0383129E+004     1.0397097E+009    -2.0322939E+004    -1.3383118E+003
    -2.4967950E+004     1.8068638E+004     7.0857701E+004    -2.0322939E+004     1.0397364E+009     3.0439968E+004
    -9.2835050E+004     1.5925795E+005    -2.0444628E+004    -1.3383118E+003     3.0439968E+004     1.0396563E+009

 The Effective Compliance Matrix
 --------------------------------------------
     1.0733287E-009    -4.4306311E-010    -4.4334922E-010    -8.2018179E-014     6.3682184E-014     1.5499130E-013
    -4.4306311E-010     1.0731289E-009    -4.4309192E-010     2.3515317E-013     9.1885995E-016    -2.1266129E-013
    -4.4334922E-010    -4.4309192E-010     1.0734621E-009    -1.2084431E-013    -7.6106278E-014     4.9397335E-014
    -8.2018179E-014     2.3515317E-013    -1.2084431E-013     9.6180696E-010     1.8801856E-014     1.1918270E-015
     6.3682184E-014     9.1885995E-016    -7.6106278E-014     1.8801856E-014     9.6178224E-010    -2.8155829E-014
     1.5499130E-013    -2.1266129E-013     4.9397335E-014     1.1918270E-015    -2.8155829E-014     9.6185636E-010

 The Engineering Constants (Approximated as Orthotropic)
 ----------------------------------------------------------
  E1  =     9.3168108E+008
  E2  =     9.3185452E+008
  E3  =     9.3156529E+008
  G12 =     1.0396563E+009
  G13 =     1.0397364E+009
  G23 =     1.0397097E+009
  nu12=     4.1279351E-001
  nu13=     4.1306008E-001
  nu23=     4.1289721E-001

 Time taken: 96.37 sec
