 OpenSG msg-shell equivalent 3D solid (3-D shell SG, 13536 nodes, 26360 elems, 0 junction edges, periodic in 3 dirs, per unit cell 1)

 The Effective Stiffness Matrix
 --------------------------------------------
     8.9168082E+009     5.3522073E+009     5.3527105E+009     2.1561047E+004    -5.7529584E+003    -1.3391890E+005
     5.3522073E+009     8.9168477E+009     5.3525545E+009    -2.0578767E+005     1.6035232E+004     9.4320319E+004
     5.3527105E+009     5.3525545E+009     8.9161659E+009     4.1778714E+004     7.6861681E+004    -1.8579627E+003
     2.1561047E+004    -2.0578767E+005     4.1778714E+004     3.9616264E+009    -7.8696528E+003     1.8800325E+004
    -5.7529584E+003     1.6035232E+004     7.6861681E+004    -7.8696528E+003     3.9616341E+009    -1.2309514E+004
    -1.3391890E+005     9.4320319E+004    -1.8579627E+003     1.8800325E+004    -1.2309514E+004     3.9615132E+009

 The Effective Compliance Matrix
 --------------------------------------------
     2.0402780E-010    -7.6511018E-011    -7.6554468E-011    -4.2775050E-015     2.0912617E-015     8.6829427E-015
    -7.6511018E-011     2.0401969E-010    -7.6544692E-011     1.1821528E-014     5.4817961E-016    -7.4799463E-015
    -7.6554468E-011    -7.6544692E-011     2.0406569E-010    -5.7115378E-015    -3.7605412E-015    -6.6973463E-016
    -4.2775050E-015     1.1821528E-014    -5.7115378E-015     2.5242158E-010     5.0148001E-016    -1.1983552E-015
     2.0912617E-015     5.4817961E-016    -3.7605412E-015     5.0148001E-016     2.5242109E-010     7.8439548E-016
     8.6829427E-015    -7.4799463E-015    -6.6973463E-016    -1.1983552E-015     7.8439548E-016     2.5242880E-010

 The Engineering Constants (Approximated as Orthotropic)
 ----------------------------------------------------------
  E1  =     4.9012929E+009
  E2  =     4.9014878E+009
  E3  =     4.9003828E+009
  G12 =     3.9615132E+009
  G13 =     3.9616340E+009
  G23 =     3.9616264E+009
  nu12=     3.7500291E-001
  nu13=     3.7521587E-001
  nu23=     3.7518287E-001

 Time taken: 65.38 sec
